Archive member included to satisfy reference by file (symbol)

c:/program files (x86)/atollic/truestudio for stm32 9.0.0/armtools/bin/../lib/gcc/arm-atollic-eabi/6.3.1/../../../../arm-atollic-eabi/lib/armv7e-m/fpu/fpv5-d16\libc.a(lib_a-init.o)
                              Application\TrueSTUDIO\startup_stm32h743xx.o (__libc_init_array)
c:/program files (x86)/atollic/truestudio for stm32 9.0.0/armtools/bin/../lib/gcc/arm-atollic-eabi/6.3.1/../../../../arm-atollic-eabi/lib/armv7e-m/fpu/fpv5-d16\libc.a(lib_a-memcpy-stub.o)
                              Middlewares\FreeRTOS\queue.o (memcpy)
c:/program files (x86)/atollic/truestudio for stm32 9.0.0/armtools/bin/../lib/gcc/arm-atollic-eabi/6.3.1/armv7e-m/fpu/fpv5-d16\libgcc.a(_aeabi_uldivmod.o)
                              Drivers\STM32H7xx_HAL_Driver\stm32h7xx_hal_uart.o (__aeabi_uldivmod)
c:/program files (x86)/atollic/truestudio for stm32 9.0.0/armtools/bin/../lib/gcc/arm-atollic-eabi/6.3.1/armv7e-m/fpu/fpv5-d16\libgcc.a(_udivmoddi4.o)
                              c:/program files (x86)/atollic/truestudio for stm32 9.0.0/armtools/bin/../lib/gcc/arm-atollic-eabi/6.3.1/armv7e-m/fpu/fpv5-d16\libgcc.a(_aeabi_uldivmod.o) (__udivmoddi4)
c:/program files (x86)/atollic/truestudio for stm32 9.0.0/armtools/bin/../lib/gcc/arm-atollic-eabi/6.3.1/armv7e-m/fpu/fpv5-d16\libgcc.a(unwind-arm.o)
                              Application\User\main.o (__aeabi_unwind_cpp_pr0)
c:/program files (x86)/atollic/truestudio for stm32 9.0.0/armtools/bin/../lib/gcc/arm-atollic-eabi/6.3.1/armv7e-m/fpu/fpv5-d16\libgcc.a(libunwind.o)
                              c:/program files (x86)/atollic/truestudio for stm32 9.0.0/armtools/bin/../lib/gcc/arm-atollic-eabi/6.3.1/armv7e-m/fpu/fpv5-d16\libgcc.a(unwind-arm.o) (restore_core_regs)
c:/program files (x86)/atollic/truestudio for stm32 9.0.0/armtools/bin/../lib/gcc/arm-atollic-eabi/6.3.1/armv7e-m/fpu/fpv5-d16\libgcc.a(pr-support.o)
                              c:/program files (x86)/atollic/truestudio for stm32 9.0.0/armtools/bin/../lib/gcc/arm-atollic-eabi/6.3.1/armv7e-m/fpu/fpv5-d16\libgcc.a(unwind-arm.o) (__gnu_unwind_execute)
c:/program files (x86)/atollic/truestudio for stm32 9.0.0/armtools/bin/../lib/gcc/arm-atollic-eabi/6.3.1/armv7e-m/fpu/fpv5-d16\libgcc.a(_dvmd_tls.o)
                              c:/program files (x86)/atollic/truestudio for stm32 9.0.0/armtools/bin/../lib/gcc/arm-atollic-eabi/6.3.1/armv7e-m/fpu/fpv5-d16\libgcc.a(_aeabi_uldivmod.o) (__aeabi_ldiv0)
c:/program files (x86)/atollic/truestudio for stm32 9.0.0/armtools/bin/../lib/gcc/arm-atollic-eabi/6.3.1/../../../../arm-atollic-eabi/lib/armv7e-m/fpu/fpv5-d16\libc.a(lib_a-abort.o)
                              c:/program files (x86)/atollic/truestudio for stm32 9.0.0/armtools/bin/../lib/gcc/arm-atollic-eabi/6.3.1/armv7e-m/fpu/fpv5-d16\libgcc.a(unwind-arm.o) (abort)
c:/program files (x86)/atollic/truestudio for stm32 9.0.0/armtools/bin/../lib/gcc/arm-atollic-eabi/6.3.1/../../../../arm-atollic-eabi/lib/armv7e-m/fpu/fpv5-d16\libc.a(lib_a-signal.o)
                              c:/program files (x86)/atollic/truestudio for stm32 9.0.0/armtools/bin/../lib/gcc/arm-atollic-eabi/6.3.1/../../../../arm-atollic-eabi/lib/armv7e-m/fpu/fpv5-d16\libc.a(lib_a-abort.o) (raise)
c:/program files (x86)/atollic/truestudio for stm32 9.0.0/armtools/bin/../lib/gcc/arm-atollic-eabi/6.3.1/../../../../arm-atollic-eabi/lib/armv7e-m/fpu/fpv5-d16\libc.a(lib_a-signalr.o)
                              c:/program files (x86)/atollic/truestudio for stm32 9.0.0/armtools/bin/../lib/gcc/arm-atollic-eabi/6.3.1/../../../../arm-atollic-eabi/lib/armv7e-m/fpu/fpv5-d16\libc.a(lib_a-signal.o) (_kill_r)
c:/program files (x86)/atollic/truestudio for stm32 9.0.0/armtools/bin/../lib/gcc/arm-atollic-eabi/6.3.1/../../../../arm-atollic-eabi/lib/armv7e-m/fpu/fpv5-d16\libc.a(lib_a-impure.o)
                              c:/program files (x86)/atollic/truestudio for stm32 9.0.0/armtools/bin/../lib/gcc/arm-atollic-eabi/6.3.1/../../../../arm-atollic-eabi/lib/armv7e-m/fpu/fpv5-d16\libc.a(lib_a-signal.o) (_impure_ptr)
c:/program files (x86)/atollic/truestudio for stm32 9.0.0/armtools/bin/../lib/gcc/arm-atollic-eabi/6.3.1/../../../../arm-atollic-eabi/lib/armv7e-m/fpu/fpv5-d16\libc.a(lib_a-mallocr.o)
                              c:/program files (x86)/atollic/truestudio for stm32 9.0.0/armtools/bin/../lib/gcc/arm-atollic-eabi/6.3.1/../../../../arm-atollic-eabi/lib/armv7e-m/fpu/fpv5-d16\libc.a(lib_a-signal.o) (_malloc_r)
c:/program files (x86)/atollic/truestudio for stm32 9.0.0/armtools/bin/../lib/gcc/arm-atollic-eabi/6.3.1/../../../../arm-atollic-eabi/lib/armv7e-m/fpu/fpv5-d16\libc.a(lib_a-mlock.o)
                              c:/program files (x86)/atollic/truestudio for stm32 9.0.0/armtools/bin/../lib/gcc/arm-atollic-eabi/6.3.1/../../../../arm-atollic-eabi/lib/armv7e-m/fpu/fpv5-d16\libc.a(lib_a-mallocr.o) (__malloc_lock)
[...]
Memory Configuration

Name             Origin             Length             Attributes
DTCMRAM          0x20000000         0x00020000         xrw
RAM_D1           0x24000000         0x00080000         xrw
RAM_D2           0x30000000         0x00048000         xrw
RAM_D3           0x38000000         0x00010000         xrw
ITCMRAM          0x00000000         0x00010000         xrw
FLASH            0x08000000         0x00200000         xr
*default*        0x00000000         0xffffffff

Linker script and memory map

LOAD c:/program files (x86)/atollic/truestudio for stm32 9.0.0/armtools/bin/../lib/gcc/arm-atollic-eabi/6.3.1/armv7e-m/fpu/fpv5-d16/crti.o
LOAD c:/program files (x86)/atollic/truestudio for stm32 9.0.0/armtools/bin/../lib/gcc/arm-atollic-eabi/6.3.1/armv7e-m/fpu/fpv5-d16/crtbegin.o
LOAD Application\TrueSTUDIO\startup_stm32h743xx.o
LOAD Application\User\adc.o
LOAD Application\User\freertos.o
LOAD Application\User\gpio.o
LOAD Application\User\main.o
LOAD Application\User\spi.o
LOAD Application\User\stm32h7xx_hal_msp.o
LOAD Application\User\stm32h7xx_hal_timebase_TIM.o
LOAD Application\User\stm32h7xx_it.o
LOAD Application\User\usart.o
LOAD Application\isr\uartdmarx.o
LOAD Application\tasks\idletasks.o
LOAD Application\tasks\uarttasks.o
LOAD Drivers\CMSIS\system_stm32h7xx.o
LOAD Drivers\STM32H7xx_HAL_Driver\stm32h7xx_hal.o
LOAD Drivers\STM32H7xx_HAL_Driver\stm32h7xx_hal_adc.o
LOAD Drivers\STM32H7xx_HAL_Driver\stm32h7xx_hal_adc_ex.o
LOAD Drivers\STM32H7xx_HAL_Driver\stm32h7xx_hal_cortex.o
LOAD Drivers\STM32H7xx_HAL_Driver\stm32h7xx_hal_dma.o
LOAD Drivers\STM32H7xx_HAL_Driver\stm32h7xx_hal_dma_ex.o
LOAD Drivers\STM32H7xx_HAL_Driver\stm32h7xx_hal_flash.o
LOAD Drivers\STM32H7xx_HAL_Driver\stm32h7xx_hal_flash_ex.o
LOAD Drivers\STM32H7xx_HAL_Driver\stm32h7xx_hal_gpio.o
LOAD Drivers\STM32H7xx_HAL_Driver\stm32h7xx_hal_hsem.o
LOAD Drivers\STM32H7xx_HAL_Driver\stm32h7xx_hal_i2c.o
LOAD Drivers\STM32H7xx_HAL_Driver\stm32h7xx_hal_i2c_ex.o
LOAD Drivers\STM32H7xx_HAL_Driver\stm32h7xx_hal_mdma.o
LOAD Drivers\STM32H7xx_HAL_Driver\stm32h7xx_hal_pwr.o
LOAD Drivers\STM32H7xx_HAL_Driver\stm32h7xx_hal_pwr_ex.o
LOAD Drivers\STM32H7xx_HAL_Driver\stm32h7xx_hal_rcc.o
LOAD Drivers\STM32H7xx_HAL_Driver\stm32h7xx_hal_rcc_ex.o
LOAD Drivers\STM32H7xx_HAL_Driver\stm32h7xx_hal_spi.o
LOAD Drivers\STM32H7xx_HAL_Driver\stm32h7xx_hal_spi_ex.o
LOAD Drivers\STM32H7xx_HAL_Driver\stm32h7xx_hal_tim.o
LOAD Drivers\STM32H7xx_HAL_Driver\stm32h7xx_hal_tim_ex.o
LOAD Drivers\STM32H7xx_HAL_Driver\stm32h7xx_hal_uart.o
LOAD Drivers\STM32H7xx_HAL_Driver\stm32h7xx_hal_uart_ex.o
LOAD Middlewares\FreeRTOS\cmsis_os.o
LOAD Middlewares\FreeRTOS\croutine.o
LOAD Middlewares\FreeRTOS\event_groups.o
LOAD Middlewares\FreeRTOS\heap_4.o
LOAD Middlewares\FreeRTOS\list.o
LOAD Middlewares\FreeRTOS\port.o
LOAD Middlewares\FreeRTOS\queue.o
LOAD Middlewares\FreeRTOS\tasks.o
LOAD Middlewares\FreeRTOS\timers.o
                0x00001000                malloc_getpagesize_P = 0x1000
START GROUP
LOAD c:/program files (x86)/atollic/truestudio for stm32 9.0.0/armtools/bin/../lib/gcc/arm-atollic-eabi/6.3.1/../../../../arm-atollic-eabi/lib/armv7e-m/fpu/fpv5-d16\libstdc++.a
LOAD c:/program files (x86)/atollic/truestudio for stm32 9.0.0/armtools/bin/../lib/gcc/arm-atollic-eabi/6.3.1/../../../../arm-atollic-eabi/lib/armv7e-m/fpu/fpv5-d16\libsupc++.a
END GROUP
LOAD c:/program files (x86)/atollic/truestudio for stm32 9.0.0/armtools/bin/../lib/gcc/arm-atollic-eabi/6.3.1/../../../../arm-atollic-eabi/lib/armv7e-m/fpu/fpv5-d16\libstdc++.a
LOAD c:/program files (x86)/atollic/truestudio for stm32 9.0.0/armtools/bin/../lib/gcc/arm-atollic-eabi/6.3.1/../../../../arm-atollic-eabi/lib/armv7e-m/fpu/fpv5-d16\libm.a
LOAD c:/program files (x86)/atollic/truestudio for stm32 9.0.0/armtools/bin/../lib/gcc/arm-atollic-eabi/6.3.1/../../../../arm-atollic-eabi/lib/armv7e-m/fpu/fpv5-d16\libc.a
START GROUP
LOAD c:/program files (x86)/atollic/truestudio for stm32 9.0.0/armtools/bin/../lib/gcc/arm-atollic-eabi/6.3.1/armv7e-m/fpu/fpv5-d16\libgcc.a
LOAD c:/program files (x86)/atollic/truestudio for stm32 9.0.0/armtools/bin/../lib/gcc/arm-atollic-eabi/6.3.1/../../../../arm-atollic-eabi/lib/armv7e-m/fpu/fpv5-d16\libc.a
END GROUP
START GROUP
LOAD c:/program files (x86)/atollic/truestudio for stm32 9.0.0/armtools/bin/../lib/gcc/arm-atollic-eabi/6.3.1/armv7e-m/fpu/fpv5-d16\libgcc.a
LOAD c:/program files (x86)/atollic/truestudio for stm32 9.0.0/armtools/bin/../lib/gcc/arm-atollic-eabi/6.3.1/../../../../arm-atollic-eabi/lib/armv7e-m/fpu/fpv5-d16\libc.a
LOAD c:/program files (x86)/atollic/truestudio for stm32 9.0.0/armtools/bin/../lib/gcc/arm-atollic-eabi/6.3.1/../../../../arm-atollic-eabi/lib/armv7e-m/fpu/fpv5-d16\libnosys.a
END GROUP
LOAD c:/program files (x86)/atollic/truestudio for stm32 9.0.0/armtools/bin/../lib/gcc/arm-atollic-eabi/6.3.1/armv7e-m/fpu/fpv5-d16/crtend.o
LOAD c:/program files (x86)/atollic/truestudio for stm32 9.0.0/armtools/bin/../lib/gcc/arm-atollic-eabi/6.3.1/armv7e-m/fpu/fpv5-d16/crtn.o
                0x20020000                _estack = 0x20020000
                0x00000200                _Min_Heap_Size = 0x200
                0x00000400                _Min_Stack_Size = 0x400

.isr_vector     0x08000000      0x298
                0x08000000                . = ALIGN (0x4)
 *(.isr_vector)
 .isr_vector    0x08000000      0x298 Application\TrueSTUDIO\startup_stm32h743xx.o
                0x08000000                g_pfnVectors
                0x08000298                . = ALIGN (0x4)

.text           0x080002a0     0x7350
                0x080002a0                . = ALIGN (0x4)
 *(.text)
 .text          0x080002a0       0x40 c:/program files (x86)/atollic/truestudio for stm32 9.0.0/armtools/bin/../lib/gcc/arm-atollic-eabi/6.3.1/armv7e-m/fpu/fpv5-d16/crtbegin.o
 .text          0x080002e0       0x30 c:/program files (x86)/atollic/truestudio for stm32 9.0.0/armtools/bin/../lib/gcc/arm-atollic-eabi/6.3.1/armv7e-m/fpu/fpv5-d16\libgcc.a(_aeabi_uldivmod.o)
                0x080002e0                __aeabi_uldivmod
 .text          0x08000310      0x2dc c:/program files (x86)/atollic/truestudio for stm32 9.0.0/armtools/bin/../lib/gcc/arm-atollic-eabi/6.3.1/armv7e-m/fpu/fpv5-d16\libgcc.a(_udivmoddi4.o)
                0x08000310                __udivmoddi4
 .text          0x080005ec      0x9cc c:/program files (x86)/atollic/truestudio for stm32 9.0.0/armtools/bin/../lib/gcc/arm-atollic-eabi/6.3.1/armv7e-m/fpu/fpv5-d16\libgcc.a(unwind-arm.o)
                0x080008ac                _Unwind_GetCFA
                0x080008b0                __gnu_Unwind_RaiseException
                0x08000910                __gnu_Unwind_ForcedUnwind
                0x08000924                __gnu_Unwind_Resume
                0x08000968                __gnu_Unwind_Resume_or_Rethrow
                0x08000978                _Unwind_Complete
                0x0800097c                _Unwind_DeleteException
                0x08000988                _Unwind_VRS_Get
                0x080009d4                _Unwind_VRS_Set
                0x08000a24                __gnu_Unwind_Backtrace
                0x08000d64                __aeabi_unwind_cpp_pr0
                0x08000d68                __aeabi_unwind_cpp_pr1
                0x08000d6c                __aeabi_unwind_cpp_pr2
                0x08000d70                _Unwind_VRS_Pop
 .text          0x08000fb8      0x1ac c:/program files (x86)/atollic/truestudio for stm32 9.0.0/armtools/bin/../lib/gcc/arm-atollic-eabi/6.3.1/armv7e-m/fpu/fpv5-d16\libgcc.a(libunwind.o)
                0x08000fb8                __restore_core_regs
                0x08000fb8                restore_core_regs
                0x08000fd0                __gnu_Unwind_Restore_VFP
                0x08000fd8                __gnu_Unwind_Save_VFP
                0x08000fe0                __gnu_Unwind_Restore_VFP_D
                0x08000fe8                __gnu_Unwind_Save_VFP_D
                0x08000ff0                __gnu_Unwind_Restore_VFP_D_16_to_31
                0x08000ff8                __gnu_Unwind_Save_VFP_D_16_to_31
                0x08001000                __gnu_Unwind_Restore_WMMXD
                0x08001044                __gnu_Unwind_Save_WMMXD
                0x08001088                __gnu_Unwind_Restore_WMMXC
                0x0800109c                __gnu_Unwind_Save_WMMXC
                0x080010b0                ___Unwind_RaiseException
                0x080010b0                _Unwind_RaiseException
                0x080010d4                _Unwind_Resume
                0x080010d4                ___Unwind_Resume
                0x080010f8                _Unwind_Resume_or_Rethrow
                0x080010f8                ___Unwind_Resume_or_Rethrow
                0x0800111c                _Unwind_ForcedUnwind
                0x0800111c                ___Unwind_ForcedUnwind
                0x08001140                ___Unwind_Backtrace
                0x08001140                _Unwind_Backtrace
 .text          0x08001164      0x380 c:/program files (x86)/atollic/truestudio for stm32 9.0.0/armtools/bin/../lib/gcc/arm-atollic-eabi/6.3.1/armv7e-m/fpu/fpv5-d16\libgcc.a(pr-support.o)
                0x080011bc                __gnu_unwind_execute
                0x0800148c                __gnu_unwind_frame
                0x080014b4                _Unwind_GetRegionStart
                0x080014c0                _Unwind_GetLanguageSpecificData
                0x080014d4                _Unwind_GetTextRelBase
                0x080014dc                _Unwind_GetDataRelBase
 .text          0x080014e4        0x4 c:/program files (x86)/atollic/truestudio for stm32 9.0.0/armtools/bin/../lib/gcc/arm-atollic-eabi/6.3.1/armv7e-m/fpu/fpv5-d16\libgcc.a(_dvmd_tls.o)
                0x080014e4                __aeabi_idiv0
                0x080014e4                __aeabi_ldiv0
 *(.text*)
 .text.Reset_Handler
                0x080014e8       0x50 Application\TrueSTUDIO\startup_stm32h743xx.o
                0x080014e8                Reset_Handler
 .text.Default_Handler
                0x08001538        0x2 Application\TrueSTUDIO\startup_stm32h743xx.o
                0x08001538                RTC_Alarm_IRQHandler
                0x08001538                EXTI2_IRQHandler
                0x08001538                TIM8_CC_IRQHandler
                0x08001538                HRTIM1_Master_IRQHandler
                0x08001538                SPI4_IRQHandler
                0x08001538                TIM1_CC_IRQHandler
                0x08001538                BDMA_Channel6_IRQHandler
                0x08001538                DMA2_Stream5_IRQHandler
                0x08001538                HRTIM1_FLT_IRQHandler
                0x08001538                JPEG_IRQHandler
                0x08001538                DMA1_Stream5_IRQHandler
                0x08001538                BDMA_Channel1_IRQHandler
                0x08001538                HRTIM1_TIMD_IRQHandler
                0x08001538                TAMP_STAMP_IRQHandler
                0x08001538                EXTI3_IRQHandler
                0x08001538                LPTIM4_IRQHandler
                0x08001538                TIM8_TRG_COM_TIM14_IRQHandler
                0x08001538                LPTIM2_IRQHandler
                0x08001538                DFSDM1_FLT1_IRQHandler
                0x08001538                DMAMUX2_OVR_IRQHandler
                0x08001538                TIM8_UP_TIM13_IRQHandler
                0x08001538                I2C3_ER_IRQHandler
                0x08001538                DFSDM1_FLT2_IRQHandler
                0x08001538                MDMA_IRQHandler
                0x08001538                LPTIM3_IRQHandler
                0x08001538                HSEM1_IRQHandler
                0x08001538                EXTI0_IRQHandler
                0x08001538                I2C2_EV_IRQHandler
                0x08001538                DMA1_Stream2_IRQHandler
                0x08001538                FPU_IRQHandler
                0x08001538                OTG_HS_WKUP_IRQHandler
                0x08001538                FDCAN1_IT1_IRQHandler
                0x08001538                LTDC_ER_IRQHandler
                0x08001538                DMA2_Stream2_IRQHandler
                0x08001538                HRTIM1_TIME_IRQHandler
                0x08001538                SPI1_IRQHandler
                0x08001538                TIM6_DAC_IRQHandler
                0x08001538                DCMI_IRQHandler
                0x08001538                HRTIM1_TIMC_IRQHandler
                0x08001538                DMA2_Stream3_IRQHandler
                0x08001538                SAI2_IRQHandler
                0x08001538                DFSDM1_FLT3_IRQHandler
                0x08001538                USART6_IRQHandler
                0x08001538                TIM17_IRQHandler
                0x08001538                BDMA_Channel7_IRQHandler
                0x08001538                LPTIM5_IRQHandler
                0x08001538                ADC3_IRQHandler
                0x08001538                DMA2_Stream0_IRQHandler
                0x08001538                BDMA_Channel2_IRQHandler
                0x08001538                QUADSPI_IRQHandler
                0x08001538                I2C1_EV_IRQHandler
                0x08001538                DMA1_Stream6_IRQHandler
                0x08001538                DMAMUX1_OVR_IRQHandler
                0x08001538                DMA1_Stream1_IRQHandler
                0x08001538                TIM16_IRQHandler
                0x08001538                BDMA_Channel5_IRQHandler
                0x08001538                TIM3_IRQHandler
                0x08001538                RCC_IRQHandler
                0x08001538                TIM8_BRK_TIM12_IRQHandler
                0x08001538                TIM1_TRG_COM_IRQHandler
                0x08001538                Default_Handler
                0x08001538                CEC_IRQHandler
                0x08001538                EXTI15_10_IRQHandler
                0x08001538                BDMA_Channel0_IRQHandler
                0x08001538                ADC_IRQHandler
                0x08001538                DMA1_Stream7_IRQHandler
                0x08001538                HRTIM1_TIMA_IRQHandler
                0x08001538                SPI5_IRQHandler
                0x08001538                TIM7_IRQHandler
                0x08001538                SDMMC1_IRQHandler
                0x08001538                TIM5_IRQHandler
                0x08001538                DMA2_Stream7_IRQHandler
                0x08001538                TIM15_IRQHandler
                0x08001538                PVD_AVD_IRQHandler
                0x08001538                I2C3_EV_IRQHandler
                0x08001538                EXTI9_5_IRQHandler
                0x08001538                RTC_WKUP_IRQHandler
                0x08001538                LTDC_IRQHandler
                0x08001538                SAI3_IRQHandler
                0x08001538                ETH_WKUP_IRQHandler
                0x08001538                SPDIF_RX_IRQHandler
                0x08001538                SPI2_IRQHandler
                0x08001538                OTG_HS_EP1_IN_IRQHandler
                0x08001538                DMA1_Stream0_IRQHandler
                0x08001538                CRS_IRQHandler
                0x08001538                EXTI4_IRQHandler
                0x08001538                RNG_IRQHandler
                0x08001538                HRTIM1_TIMB_IRQHandler
                0x08001538                FDCAN2_IT1_IRQHandler
                0x08001538                ETH_IRQHandler
                0x08001538                TIM1_UP_IRQHandler
                0x08001538                BDMA_Channel4_IRQHandler
                0x08001538                OTG_HS_EP1_OUT_IRQHandler
                0x08001538                WWDG_IRQHandler
                0x08001538                SPI6_IRQHandler
                0x08001538                MDIOS_IRQHandler
                0x08001538                I2C4_EV_IRQHandler
                0x08001538                FDCAN2_IT0_IRQHandler
                0x08001538                LPUART1_IRQHandler
                0x08001538                FDCAN1_IT0_IRQHandler
                0x08001538                TIM2_IRQHandler
                0x08001538                OTG_FS_WKUP_IRQHandler
                0x08001538                OTG_HS_IRQHandler
                0x08001538                DMA2D_IRQHandler
                0x08001538                TIM1_BRK_IRQHandler
                0x08001538                EXTI1_IRQHandler
                0x08001538                SDMMC2_IRQHandler
                0x08001538                OTG_FS_EP1_OUT_IRQHandler
                0x08001538                BDMA_Channel3_IRQHandler
                0x08001538                MDIOS_WKUP_IRQHandler
                0x08001538                DFSDM1_FLT0_IRQHandler
                0x08001538                SAI4_IRQHandler
                0x08001538                I2C2_ER_IRQHandler
                0x08001538                DMA2_Stream1_IRQHandler
                0x08001538                FLASH_IRQHandler
                0x08001538                DMA2_Stream4_IRQHandler
                0x08001538                OTG_FS_IRQHandler
                0x08001538                SPI3_IRQHandler
                0x08001538                WAKEUP_PIN_IRQHandler
                0x08001538                DMA1_Stream4_IRQHandler
                0x08001538                OTG_FS_EP1_IN_IRQHandler
                0x08001538                I2C1_ER_IRQHandler
                0x08001538                FMC_IRQHandler
                0x08001538                FDCAN_CAL_IRQHandler
                0x08001538                SWPMI1_IRQHandler
                0x08001538                COMP1_IRQHandler
                0x08001538                LPTIM1_IRQHandler
                0x08001538                I2C4_ER_IRQHandler
                0x08001538                DMA2_Stream6_IRQHandler
                0x08001538                SAI1_IRQHandler
                0x08001538                DMA1_Stream3_IRQHandler
 *fill*         0x0800153a        0x2 
 .text.MX_ADC1_Init
                0x0800153c       0x98 Application\User\adc.o
                0x0800153c                MX_ADC1_Init
 .text.HAL_ADC_MspInit
                0x080015d4       0x4c Application\User\adc.o
                0x080015d4                HAL_ADC_MspInit
 .text.StartidleTask
                0x08001620        0xc Application\User\freertos.o
                0x08001620                StartidleTask
 .text.MX_FREERTOS_Init
                0x0800162c      0x1b8 Application\User\freertos.o
                0x0800162c                MX_FREERTOS_Init
 .text.MX_GPIO_Init
                0x080017e4       0xd4 Application\User\gpio.o
                0x080017e4                MX_GPIO_Init
 .text.HAL_TIM_PeriodElapsedCallback
                0x080018b8       0x18 Application\User\main.o
                0x080018b8                HAL_TIM_PeriodElapsedCallback
 .text._Error_Handler
                0x080018d0        0x2 Application\User\main.o
                0x080018d0                _Error_Handler
 *fill*         0x080018d2        0x2 
 .text._Z18SystemClock_Configv
                0x080018d4      0x120 Application\User\main.o
                0x080018d4                SystemClock_Config()
 .text.main     0x080019f4       0xe4 Application\User\main.o
                0x080019f4                main
 .text.MX_SPI3_Init
                0x08001ad8       0x68 Application\User\spi.o
                0x08001ad8                MX_SPI3_Init
 .text.HAL_SPI_MspInit
                0x08001b40       0x54 Application\User\spi.o
                0x08001b40                HAL_SPI_MspInit
 .text.HAL_MspInit
                0x08001b94       0x84 Application\User\stm32h7xx_hal_msp.o
                0x08001b94                HAL_MspInit
 .text.HAL_InitTick
                0x08001c18       0x84 Application\User\stm32h7xx_hal_timebase_TIM.o
                0x08001c18                HAL_InitTick
 .text.NMI_Handler
                0x08001c9c        0x4 Application\User\stm32h7xx_it.o
                0x08001c9c                NMI_Handler
 .text.HardFault_Handler
                0x08001ca0        0x4 Application\User\stm32h7xx_it.o
                0x08001ca0                HardFault_Handler
 .text.MemManage_Handler
                0x08001ca4        0x4 Application\User\stm32h7xx_it.o
                0x08001ca4                MemManage_Handler
 .text.BusFault_Handler
                0x08001ca8        0x4 Application\User\stm32h7xx_it.o
                0x08001ca8                BusFault_Handler
 .text.UsageFault_Handler
                0x08001cac        0x4 Application\User\stm32h7xx_it.o
                0x08001cac                UsageFault_Handler
 .text.DebugMon_Handler
                0x08001cb0        0x4 Application\User\stm32h7xx_it.o
                0x08001cb0                DebugMon_Handler
 .text.SysTick_Handler
                0x08001cb4        0x4 Application\User\stm32h7xx_it.o
                0x08001cb4                SysTick_Handler
 .text.TIM4_IRQHandler
                0x08001cb8        0xc Application\User\stm32h7xx_it.o
                0x08001cb8                TIM4_IRQHandler
 .text.USART1_IRQHandler
                0x08001cc4        0xc Application\User\stm32h7xx_it.o
                0x08001cc4                USART1_IRQHandler
 .text.USART2_IRQHandler
                0x08001cd0        0xc Application\User\stm32h7xx_it.o
                0x08001cd0                USART2_IRQHandler
 .text.USART3_IRQHandler
                0x08001cdc        0xc Application\User\stm32h7xx_it.o
                0x08001cdc                USART3_IRQHandler
 .text.UART4_IRQHandler
                0x08001ce8        0xc Application\User\stm32h7xx_it.o
                0x08001ce8                UART4_IRQHandler
 .text.UART5_IRQHandler
                0x08001cf4        0xc Application\User\stm32h7xx_it.o
                0x08001cf4                UART5_IRQHandler
 .text.UART7_IRQHandler
                0x08001d00        0xc Application\User\stm32h7xx_it.o
                0x08001d00                UART7_IRQHandler
 .text.UART8_IRQHandler
                0x08001d0c        0xc Application\User\stm32h7xx_it.o
                0x08001d0c                UART8_IRQHandler
 .text.MX_UART4_Init
                0x08001d18       0x58 Application\User\usart.o
                0x08001d18                MX_UART4_Init
 .text.MX_UART5_Init
                0x08001d70       0x58 Application\User\usart.o
                0x08001d70                MX_UART5_Init
 .text.MX_UART7_Init
                0x08001dc8       0x58 Application\User\usart.o
                0x08001dc8                MX_UART7_Init
 .text.MX_UART8_Init
                0x08001e20       0x64 Application\User\usart.o
                0x08001e20                MX_UART8_Init
 .text.MX_USART1_UART_Init
                0x08001e84       0x58 Application\User\usart.o
                0x08001e84                MX_USART1_UART_Init
 .text.MX_USART2_UART_Init
                0x08001edc       0x58 Application\User\usart.o
                0x08001edc                MX_USART2_UART_Init
 .text.MX_USART3_UART_Init
                0x08001f34       0x58 Application\User\usart.o
                0x08001f34                MX_USART3_UART_Init
 .text.HAL_UART_MspInit
                0x08001f8c      0x258 Application\User\usart.o
                0x08001f8c                HAL_UART_MspInit
 .text.HAL_UART_ErrorCallback
                0x080021e4        0x4 Application\isr\uartdmarx.o
                0x080021e4                HAL_UART_ErrorCallback
 .text.HAL_UART_RxCpltCallback
                0x080021e8      0x274 Application\isr\uartdmarx.o
                0x080021e8                HAL_UART_RxCpltCallback
 .text.StartLED1Task
                0x0800245c       0x1c Application\tasks\idletasks.o
                0x0800245c                StartLED1Task
 .text.StartLED2Task
                0x08002478       0x1c Application\tasks\idletasks.o
                0x08002478                StartLED2Task
 .text.StartJ1uartport
                0x08002494       0x94 Application\tasks\uarttasks.o
                0x08002494                StartJ1uartport
 .text.StartJ2uartport
                0x08002528       0x94 Application\tasks\uarttasks.o
                0x08002528                StartJ2uartport
 .text.StartJ3uartport
                0x080025bc       0x94 Application\tasks\uarttasks.o
                0x080025bc                StartJ3uartport
 .text.StartJ4uartport
                0x08002650       0x94 Application\tasks\uarttasks.o
                0x08002650                StartJ4uartport
 .text.StartJ5uartport
                0x080026e4       0x94 Application\tasks\uarttasks.o
                0x080026e4                StartJ5uartport
 .text.StartJ6uartport
                0x08002778       0x94 Application\tasks\uarttasks.o
                0x08002778                StartJ6uartport
 .text.SystemInit
                0x0800280c       0x64 Drivers\CMSIS\system_stm32h7xx.o
                0x0800280c                SystemInit
 .text.HAL_Init
                0x08002870       0x28 Drivers\STM32H7xx_HAL_Driver\stm32h7xx_hal.o
                0x08002870                HAL_Init
 .text.HAL_IncTick
                0x08002898       0x18 Drivers\STM32H7xx_HAL_Driver\stm32h7xx_hal.o
                0x08002898                HAL_IncTick
 .text.HAL_GetTick
                0x080028b0        0xc Drivers\STM32H7xx_HAL_Driver\stm32h7xx_hal.o
                0x080028b0                HAL_GetTick
 .text.HAL_ADC_Init
                0x080028bc      0x2ac Drivers\STM32H7xx_HAL_Driver\stm32h7xx_hal_adc.o
                0x080028bc                HAL_ADC_Init
 .text.HAL_ADC_ConfigChannel
                0x08002b68      0x59c Drivers\STM32H7xx_HAL_Driver\stm32h7xx_hal_adc.o
                0x08002b68                HAL_ADC_ConfigChannel
 .text.HAL_ADCEx_MultiModeConfigChannel
                0x08003104       0xf0 Drivers\STM32H7xx_HAL_Driver\stm32h7xx_hal_adc_ex.o
                0x08003104                HAL_ADCEx_MultiModeConfigChannel
 .text.HAL_NVIC_SetPriorityGrouping
                0x080031f4       0x28 Drivers\STM32H7xx_HAL_Driver\stm32h7xx_hal_cortex.o
                0x080031f4                HAL_NVIC_SetPriorityGrouping
 .text.HAL_NVIC_SetPriority
                0x0800321c       0x74 Drivers\STM32H7xx_HAL_Driver\stm32h7xx_hal_cortex.o
                0x0800321c                HAL_NVIC_SetPriority
 .text.HAL_NVIC_EnableIRQ
                0x08003290       0x1c Drivers\STM32H7xx_HAL_Driver\stm32h7xx_hal_cortex.o
                0x08003290                HAL_NVIC_EnableIRQ
 .text.HAL_SYSTICK_Config
                0x080032ac       0x30 Drivers\STM32H7xx_HAL_Driver\stm32h7xx_hal_cortex.o
                0x080032ac                HAL_SYSTICK_Config
 .text.HAL_SYSTICK_CLKSourceConfig
                0x080032dc       0x18 Drivers\STM32H7xx_HAL_Driver\stm32h7xx_hal_cortex.o
                0x080032dc                HAL_SYSTICK_CLKSourceConfig
 .text.HAL_DMA_Abort_IT
                0x080032f4       0x9c Drivers\STM32H7xx_HAL_Driver\stm32h7xx_hal_dma.o
                0x080032f4                HAL_DMA_Abort_IT
 .text.HAL_GPIO_Init
                0x08003390      0x25c Drivers\STM32H7xx_HAL_Driver\stm32h7xx_hal_gpio.o
                0x08003390                HAL_GPIO_Init
 .text.HAL_GPIO_WritePin
                0x080035ec        0xc Drivers\STM32H7xx_HAL_Driver\stm32h7xx_hal_gpio.o
                0x080035ec                HAL_GPIO_WritePin
 .text.HAL_GPIO_TogglePin
                0x080035f8        0x8 Drivers\STM32H7xx_HAL_Driver\stm32h7xx_hal_gpio.o
                0x080035f8                HAL_GPIO_TogglePin
 .text.HAL_RCC_OscConfig
                0x08003600      0x510 Drivers\STM32H7xx_HAL_Driver\stm32h7xx_hal_rcc.o
                0x08003600                HAL_RCC_OscConfig
 .text.HAL_RCC_GetSysClockFreq
                0x08003b10      0x134 Drivers\STM32H7xx_HAL_Driver\stm32h7xx_hal_rcc.o
                0x08003b10                HAL_RCC_GetSysClockFreq
 .text.HAL_RCC_ClockConfig
                0x08003c44      0x1b8 Drivers\STM32H7xx_HAL_Driver\stm32h7xx_hal_rcc.o
                0x08003c44                HAL_RCC_ClockConfig
 .text.HAL_RCC_GetHCLKFreq
                0x08003dfc       0x34 Drivers\STM32H7xx_HAL_Driver\stm32h7xx_hal_rcc.o
                0x08003dfc                HAL_RCC_GetHCLKFreq
 .text.HAL_RCC_GetPCLK1Freq
                0x08003e30       0x2c Drivers\STM32H7xx_HAL_Driver\stm32h7xx_hal_rcc.o
                0x08003e30                HAL_RCC_GetPCLK1Freq
 .text.HAL_RCC_GetPCLK2Freq
                0x08003e5c       0x2c Drivers\STM32H7xx_HAL_Driver\stm32h7xx_hal_rcc.o
                0x08003e5c                HAL_RCC_GetPCLK2Freq
 .text.HAL_RCC_GetClockConfig
                0x08003e88       0x58 Drivers\STM32H7xx_HAL_Driver\stm32h7xx_hal_rcc.o
                0x08003e88                HAL_RCC_GetClockConfig
 .text.RCCEx_PLL2_Config
                0x08003ee0       0xb8 Drivers\STM32H7xx_HAL_Driver\stm32h7xx_hal_rcc_ex.o
 .text.RCCEx_PLL3_Config
                0x08003f98       0xb8 Drivers\STM32H7xx_HAL_Driver\stm32h7xx_hal_rcc_ex.o
 .text.HAL_RCCEx_PeriphCLKConfig
                0x08004050      0xbbc Drivers\STM32H7xx_HAL_Driver\stm32h7xx_hal_rcc_ex.o
                0x08004050                HAL_RCCEx_PeriphCLKConfig
 .text.HAL_RCCEx_GetD3PCLK1Freq
                0x08004c0c       0x2c Drivers\STM32H7xx_HAL_Driver\stm32h7xx_hal_rcc_ex.o
                0x08004c0c                HAL_RCCEx_GetD3PCLK1Freq
 .text.HAL_RCCEx_GetPLL2ClockFreq
                0x08004c38      0x13c Drivers\STM32H7xx_HAL_Driver\stm32h7xx_hal_rcc_ex.o
                0x08004c38                HAL_RCCEx_GetPLL2ClockFreq
 .text.HAL_RCCEx_GetPLL3ClockFreq
                0x08004d74      0x13c Drivers\STM32H7xx_HAL_Driver\stm32h7xx_hal_rcc_ex.o
                0x08004d74                HAL_RCCEx_GetPLL3ClockFreq
 .text.HAL_RCCEx_GetD1SysClockFreq
                0x08004eb0       0x34 Drivers\STM32H7xx_HAL_Driver\stm32h7xx_hal_rcc_ex.o
                0x08004eb0                HAL_RCCEx_GetD1SysClockFreq
 .text.HAL_SPI_Init
                0x08004ee4      0x164 Drivers\STM32H7xx_HAL_Driver\stm32h7xx_hal_spi.o
                0x08004ee4                HAL_SPI_Init
 .text.HAL_TIM_Base_MspInit
                0x08005048        0x4 Drivers\STM32H7xx_HAL_Driver\stm32h7xx_hal_tim.o
                0x08005048                HAL_TIM_Base_MspInit
 .text.HAL_TIM_Base_Start_IT
                0x0800504c       0x18 Drivers\STM32H7xx_HAL_Driver\stm32h7xx_hal_tim.o
                0x0800504c                HAL_TIM_Base_Start_IT
 .text.HAL_TIM_OC_DelayElapsedCallback
                0x08005064        0x4 Drivers\STM32H7xx_HAL_Driver\stm32h7xx_hal_tim.o
                0x08005064                HAL_TIM_OC_DelayElapsedCallback
 .text.HAL_TIM_IC_CaptureCallback
                0x08005068        0x4 Drivers\STM32H7xx_HAL_Driver\stm32h7xx_hal_tim.o
                0x08005068                HAL_TIM_IC_CaptureCallback
 .text.HAL_TIM_PWM_PulseFinishedCallback
                0x0800506c        0x4 Drivers\STM32H7xx_HAL_Driver\stm32h7xx_hal_tim.o
                0x0800506c                HAL_TIM_PWM_PulseFinishedCallback
 .text.HAL_TIM_TriggerCallback
                0x08005070        0x4 Drivers\STM32H7xx_HAL_Driver\stm32h7xx_hal_tim.o
                0x08005070                HAL_TIM_TriggerCallback
 .text.HAL_TIM_IRQHandler
                0x08005074      0x170 Drivers\STM32H7xx_HAL_Driver\stm32h7xx_hal_tim.o
                0x08005074                HAL_TIM_IRQHandler
 .text.TIM_Base_SetConfig
                0x080051e4       0xd8 Drivers\STM32H7xx_HAL_Driver\stm32h7xx_hal_tim.o
                0x080051e4                TIM_Base_SetConfig
 .text.HAL_TIM_Base_Init
                0x080052bc       0x38 Drivers\STM32H7xx_HAL_Driver\stm32h7xx_hal_tim.o
                0x080052bc                HAL_TIM_Base_Init
 .text.HAL_TIMEx_CommutationCallback
                0x080052f4        0x4 Drivers\STM32H7xx_HAL_Driver\stm32h7xx_hal_tim_ex.o
                0x080052f4                HAL_TIMEx_CommutationCallback
 .text.HAL_TIMEx_BreakCallback
                0x080052f8        0x4 Drivers\STM32H7xx_HAL_Driver\stm32h7xx_hal_tim_ex.o
                0x080052f8                HAL_TIMEx_BreakCallback
 .text.HAL_UART_Receive_IT
                0x080052fc       0xb0 Drivers\STM32H7xx_HAL_Driver\stm32h7xx_hal_uart.o
                0x080052fc                HAL_UART_Receive_IT
 .text.HAL_UART_TxCpltCallback
                0x080053ac        0x4 Drivers\STM32H7xx_HAL_Driver\stm32h7xx_hal_uart.o
                0x080053ac                HAL_UART_TxCpltCallback
 .text.UART_Receive_IT
                0x080053b0       0x7c Drivers\STM32H7xx_HAL_Driver\stm32h7xx_hal_uart.o
 .text.HAL_UART_IRQHandler
                0x0800542c      0x1f0 Drivers\STM32H7xx_HAL_Driver\stm32h7xx_hal_uart.o
                0x0800542c                HAL_UART_IRQHandler
 .text.UART_DMAAbortOnError
                0x0800561c       0x18 Drivers\STM32H7xx_HAL_Driver\stm32h7xx_hal_uart.o
 .text.UART_SetConfig
                0x08005634      0x710 Drivers\STM32H7xx_HAL_Driver\stm32h7xx_hal_uart.o
                0x08005634                UART_SetConfig
 .text.UART_AdvFeatureConfig
                0x08005d44       0xb0 Drivers\STM32H7xx_HAL_Driver\stm32h7xx_hal_uart.o
                0x08005d44                UART_AdvFeatureConfig
 .text.UART_WaitOnFlagUntilTimeout
                0x08005df4       0x68 Drivers\STM32H7xx_HAL_Driver\stm32h7xx_hal_uart.o
                0x08005df4                UART_WaitOnFlagUntilTimeout
 .text.HAL_UART_Transmit
                0x08005e5c       0xbc Drivers\STM32H7xx_HAL_Driver\stm32h7xx_hal_uart.o
                0x08005e5c                HAL_UART_Transmit
 .text.UART_CheckIdleState
                0x08005f18       0x70 Drivers\STM32H7xx_HAL_Driver\stm32h7xx_hal_uart.o
                0x08005f18                UART_CheckIdleState
 .text.HAL_UART_Init
                0x08005f88       0x6c Drivers\STM32H7xx_HAL_Driver\stm32h7xx_hal_uart.o
                0x08005f88                HAL_UART_Init
 .text.HAL_UARTEx_WakeupCallback
                0x08005ff4        0x4 Drivers\STM32H7xx_HAL_Driver\stm32h7xx_hal_uart_ex.o
                0x08005ff4                HAL_UARTEx_WakeupCallback
 .text.osKernelStart
                0x08005ff8        0xc Middlewares\FreeRTOS\cmsis_os.o
                0x08005ff8                osKernelStart
 .text.osThreadCreate
                0x08006004       0x30 Middlewares\FreeRTOS\cmsis_os.o
                0x08006004                osThreadCreate
 .text.osDelay  0x08006034       0x10 Middlewares\FreeRTOS\cmsis_os.o
                0x08006034                osDelay
 .text.osMessageCreate
                0x08006044        0x8 Middlewares\FreeRTOS\cmsis_os.o
                0x08006044                osMessageCreate
 .text.osSystickHandler
                0x0800604c       0x14 Middlewares\FreeRTOS\cmsis_os.o
                0x0800604c                osSystickHandler
 .text.unlikely.prvInsertBlockIntoFreeList
                0x08006060       0x50 Middlewares\FreeRTOS\heap_4.o
 .text.pvPortMalloc
                0x080060b0      0x148 Middlewares\FreeRTOS\heap_4.o
                0x080060b0                pvPortMalloc
 .text.vPortFree
                0x080061f8       0x78 Middlewares\FreeRTOS\heap_4.o
                0x080061f8                vPortFree
 .text.vListInitialise
                0x08006270       0x18 Middlewares\FreeRTOS\list.o
                0x08006270                vListInitialise
 .text.vListInitialiseItem
                0x08006288        0x8 Middlewares\FreeRTOS\list.o
                0x08006288                vListInitialiseItem
 .text.vListInsertEnd
                0x08006290       0x20 Middlewares\FreeRTOS\list.o
                0x08006290                vListInsertEnd
 .text.vListInsert
                0x080062b0       0x34 Middlewares\FreeRTOS\list.o
                0x080062b0                vListInsert
 .text.uxListRemove
                0x080062e4       0x28 Middlewares\FreeRTOS\list.o
                0x080062e4                uxListRemove
 .text.prvTaskExitError
                0x0800630c       0x38 Middlewares\FreeRTOS\port.o
 .text.prvPortStartFirstTask
                0x08006344       0x20 Middlewares\FreeRTOS\port.o
 .text.vPortEnableVFP
                0x08006364       0x14 Middlewares\FreeRTOS\port.o
 .text.pxPortInitialiseStack
                0x08006378       0x30 Middlewares\FreeRTOS\port.o
                0x08006378                pxPortInitialiseStack
 *fill*         0x080063a8        0x8 
 .text.SVC_Handler
                0x080063b0       0x24 Middlewares\FreeRTOS\port.o
                0x080063b0                SVC_Handler
 .text.vPortEnterCritical
                0x080063d4       0x4c Middlewares\FreeRTOS\port.o
                0x080063d4                vPortEnterCritical
 .text.vPortExitCritical
                0x08006420       0x2c Middlewares\FreeRTOS\port.o
                0x08006420                vPortExitCritical
 *fill*         0x0800644c        0x4 
 .text.PendSV_Handler
                0x08006450       0x64 Middlewares\FreeRTOS\port.o
                0x08006450                PendSV_Handler
 .text.xPortSysTickHandler
                0x080064b4       0x30 Middlewares\FreeRTOS\port.o
                0x080064b4                xPortSysTickHandler
 .text.vPortSetupTimerInterrupt
                0x080064e4       0x2c Middlewares\FreeRTOS\port.o
                0x080064e4                vPortSetupTimerInterrupt
 .text.xPortStartScheduler
                0x08006510       0xa8 Middlewares\FreeRTOS\port.o
                0x08006510                xPortStartScheduler
 .text.vPortValidateInterruptPriority
                0x080065b8       0x64 Middlewares\FreeRTOS\port.o
                0x080065b8                vPortValidateInterruptPriority
 .text.unlikely.prvCopyDataToQueue
                0x0800661c       0x6c Middlewares\FreeRTOS\queue.o
 .text.unlikely.prvCopyDataFromQueue
                0x08006688       0x26 Middlewares\FreeRTOS\queue.o
 *fill*         0x080066ae        0x2 
 .text.prvUnlockQueue
                0x080066b0       0x94 Middlewares\FreeRTOS\queue.o
 .text.xQueueGenericReset
                0x08006744       0x94 Middlewares\FreeRTOS\queue.o
                0x08006744                xQueueGenericReset
 .text.xQueueGenericCreate
                0x080067d8       0x48 Middlewares\FreeRTOS\queue.o
                0x080067d8                xQueueGenericCreate
 .text.xQueueGenericSendFromISR
                0x08006820       0xe0 Middlewares\FreeRTOS\queue.o
                0x08006820                xQueueGenericSendFromISR
 .text.xQueueGenericReceive
                0x08006900      0x1b4 Middlewares\FreeRTOS\queue.o
                0x08006900                xQueueGenericReceive
 .text.prvAddCurrentTaskToDelayedList
                0x08006ab4       0x8c Middlewares\FreeRTOS\tasks.o
 .text.prvResetNextTaskUnblockTime.part.1
                0x08006b40       0x18 Middlewares\FreeRTOS\tasks.o
 .text.vTaskSetTimeOutState.part.4
                0x08006b58       0x18 Middlewares\FreeRTOS\tasks.o
 .text.xTaskCreate
                0x08006b70      0x1e4 Middlewares\FreeRTOS\tasks.o
                0x08006b70                xTaskCreate
 .text.vTaskStartScheduler
                0x08006d54       0x80 Middlewares\FreeRTOS\tasks.o
                0x08006d54                vTaskStartScheduler
 .text.vTaskSuspendAll
                0x08006dd4       0x10 Middlewares\FreeRTOS\tasks.o
                0x08006dd4                vTaskSuspendAll
 .text.xTaskIncrementTick
                0x08006de4      0x154 Middlewares\FreeRTOS\tasks.o
                0x08006de4                xTaskIncrementTick
 .text.xTaskResumeAll
                0x08006f38      0x118 Middlewares\FreeRTOS\tasks.o
                0x08006f38                xTaskResumeAll
 .text.vTaskDelay
                0x08007050       0x50 Middlewares\FreeRTOS\tasks.o
                0x08007050                vTaskDelay
 .text.prvIdleTask
                0x080070a0       0x90 Middlewares\FreeRTOS\tasks.o
 .text.vTaskSwitchContext
                0x08007130       0x7c Middlewares\FreeRTOS\tasks.o
                0x08007130                vTaskSwitchContext
 .text.vTaskPlaceOnEventList
                0x080071ac       0x38 Middlewares\FreeRTOS\tasks.o
                0x080071ac                vTaskPlaceOnEventList
 .text.xTaskRemoveFromEventList
                0x080071e4       0x90 Middlewares\FreeRTOS\tasks.o
                0x080071e4                xTaskRemoveFromEventList
 .text.vTaskSetTimeOutState
                0x08007274       0x20 Middlewares\FreeRTOS\tasks.o
                0x08007274                vTaskSetTimeOutState
 .text.xTaskCheckForTimeOut
                0x08007294       0x90 Middlewares\FreeRTOS\tasks.o
                0x08007294                xTaskCheckForTimeOut
 .text.vTaskMissedYield
                0x08007324        0xc Middlewares\FreeRTOS\tasks.o
                0x08007324                vTaskMissedYield
 .text.xTaskGetSchedulerState
                0x08007330       0x20 Middlewares\FreeRTOS\tasks.o
                0x08007330                xTaskGetSchedulerState
 .text.vTaskPriorityInherit
                0x08007350       0x9c Middlewares\FreeRTOS\tasks.o
                0x08007350                vTaskPriorityInherit
 .text.xTaskPriorityDisinherit
                0x080073ec       0xbc Middlewares\FreeRTOS\tasks.o
                0x080073ec                xTaskPriorityDisinherit
 .text.pvTaskIncrementMutexHeldCount
                0x080074a8       0x18 Middlewares\FreeRTOS\tasks.o
                0x080074a8                pvTaskIncrementMutexHeldCount
 .text.__libc_init_array
                0x080074c0       0x48 c:/program files (x86)/atollic/truestudio for stm32 9.0.0/armtools/bin/../lib/gcc/arm-atollic-eabi/6.3.1/../../../../arm-atollic-eabi/lib/armv7e-m/fpu/fpv5-d16\libc.a(lib_a-init.o)
                0x080074c0                __libc_init_array
 .text.memcpy   0x08007508       0x16 c:/program files (x86)/atollic/truestudio for stm32 9.0.0/armtools/bin/../lib/gcc/arm-atollic-eabi/6.3.1/../../../../arm-atollic-eabi/lib/armv7e-m/fpu/fpv5-d16\libc.a(lib_a-memcpy-stub.o)
                0x08007508                memcpy
 .text.abort    0x0800751e        0xe c:/program files (x86)/atollic/truestudio for stm32 9.0.0/armtools/bin/../lib/gcc/arm-atollic-eabi/6.3.1/../../../../arm-atollic-eabi/lib/armv7e-m/fpu/fpv5-d16\libc.a(lib_a-abort.o)
                0x0800751e                abort
 .text._raise_r
                0x0800752c       0x50 c:/program files (x86)/atollic/truestudio for stm32 9.0.0/armtools/bin/../lib/gcc/arm-atollic-eabi/6.3.1/../../../../arm-atollic-eabi/lib/armv7e-m/fpu/fpv5-d16\libc.a(lib_a-signal.o)
                0x0800752c                _raise_r
 .text.raise    0x0800757c       0x10 c:/program files (x86)/atollic/truestudio for stm32 9.0.0/armtools/bin/../lib/gcc/arm-atollic-eabi/6.3.1/../../../../arm-atollic-eabi/lib/armv7e-m/fpu/fpv5-d16\libc.a(lib_a-signal.o)
                0x0800757c                raise
 .text._kill_r  0x0800758c       0x24 c:/program files (x86)/atollic/truestudio for stm32 9.0.0/armtools/bin/../lib/gcc/arm-atollic-eabi/6.3.1/../../../../arm-atollic-eabi/lib/armv7e-m/fpu/fpv5-d16\libc.a(lib_a-signalr.o)
                0x0800758c                _kill_r
 .text._getpid_r
                0x080075b0        0x4 c:/program files (x86)/atollic/truestudio for stm32 9.0.0/armtools/bin/../lib/gcc/arm-atollic-eabi/6.3.1/../../../../arm-atollic-eabi/lib/armv7e-m/fpu/fpv5-d16\libc.a(lib_a-signalr.o)
                0x080075b0                _getpid_r
 .text._getpid  0x080075b4       0x10 c:/program files (x86)/atollic/truestudio for stm32 9.0.0/armtools/bin/../lib/gcc/arm-atollic-eabi/6.3.1/../../../../arm-atollic-eabi/lib/armv7e-m/fpu/fpv5-d16\libnosys.a(getpid.o)
                0x080075b4                _getpid
 .text._kill    0x080075c4       0x10 c:/program files (x86)/atollic/truestudio for stm32 9.0.0/armtools/bin/../lib/gcc/arm-atollic-eabi/6.3.1/../../../../arm-atollic-eabi/lib/armv7e-m/fpu/fpv5-d16\libnosys.a(kill.o)
                0x080075c4                _kill
 .text._exit    0x080075d4        0x2 c:/program files (x86)/atollic/truestudio for stm32 9.0.0/armtools/bin/../lib/gcc/arm-atollic-eabi/6.3.1/../../../../arm-atollic-eabi/lib/armv7e-m/fpu/fpv5-d16\libnosys.a(_exit.o)
                0x080075d4                _exit
 *(.glue_7)
 .glue_7        0x080075d6        0x0 linker stubs
 *(.glue_7t)
 .glue_7t       0x080075d6        0x0 linker stubs
 *(.eh_frame)
 *fill*         0x080075d6        0x2 
 .eh_frame      0x080075d8        0x0 c:/program files (x86)/atollic/truestudio for stm32 9.0.0/armtools/bin/../lib/gcc/arm-atollic-eabi/6.3.1/armv7e-m/fpu/fpv5-d16/crtbegin.o
 *(.init)
 .init          0x080075d8        0x4 c:/program files (x86)/atollic/truestudio for stm32 9.0.0/armtools/bin/../lib/gcc/arm-atollic-eabi/6.3.1/armv7e-m/fpu/fpv5-d16/crti.o
                0x080075d8                _init
 .init          0x080075dc        0x8 c:/program files (x86)/atollic/truestudio for stm32 9.0.0/armtools/bin/../lib/gcc/arm-atollic-eabi/6.3.1/armv7e-m/fpu/fpv5-d16/crtn.o
 *(.fini)
 .fini          0x080075e4        0x4 c:/program files (x86)/atollic/truestudio for stm32 9.0.0/armtools/bin/../lib/gcc/arm-atollic-eabi/6.3.1/armv7e-m/fpu/fpv5-d16/crti.o
                0x080075e4                _fini
 .fini          0x080075e8        0x8 c:/program files (x86)/atollic/truestudio for stm32 9.0.0/armtools/bin/../lib/gcc/arm-atollic-eabi/6.3.1/armv7e-m/fpu/fpv5-d16/crtn.o
                0x080075f0                . = ALIGN (0x4)
                0x080075f0                _etext = .

.vfp11_veneer   0x080075f0        0x0
 .vfp11_veneer  0x080075f0        0x0 linker stubs

.v4_bx          0x080075f0        0x0
 .v4_bx         0x080075f0        0x0 linker stubs

.iplt           0x080075f0        0x0
 .iplt          0x080075f0        0x0 c:/program files (x86)/atollic/truestudio for stm32 9.0.0/armtools/bin/../lib/gcc/arm-atollic-eabi/6.3.1/armv7e-m/fpu/fpv5-d16/crtbegin.o

.rodata         0x080075f0      0x1f0
                0x080075f0                . = ALIGN (0x4)
 *(.rodata)
 .rodata        0x080075f0       0xbc Application\User\freertos.o
 .rodata        0x080076ac        0x2 Application\User\main.o
 *(.rodata*)
 *fill*         0x080076ae        0x2 
 .rodata.MX_ADC1_Init.str1.4
                0x080076b0       0x13 Application\User\adc.o
 *fill*         0x080076c3        0x1 
 .rodata.str1.4
                0x080076c4       0x69 Application\User\freertos.o
 *fill*         0x0800772d        0x3 
 .rodata.str1.4
                0x08007730       0x16 Application\User\main.o
 *fill*         0x08007746        0x2 
 .rodata.MX_SPI3_Init.str1.4
                0x08007748       0x13 Application\User\spi.o
 *fill*         0x0800775b        0x1 
 .rodata.MX_UART4_Init.str1.4
                0x0800775c       0x15 Application\User\usart.o
 *fill*         0x08007771        0x3 
 .rodata.D1CorePrescTable
                0x08007774       0x10 Drivers\CMSIS\system_stm32h7xx.o
                0x08007774                D1CorePrescTable
 .rodata.CSWTCH.54
                0x08007784       0x29 Drivers\STM32H7xx_HAL_Driver\stm32h7xx_hal_uart.o
 *fill*         0x080077ad        0x3 
 .rodata.CSWTCH.56
                0x080077b0        0x6 Drivers\STM32H7xx_HAL_Driver\stm32h7xx_hal_uart.o
 *fill*         0x080077b6        0x2 
 .rodata.CSWTCH.57
                0x080077b8        0x6 Drivers\STM32H7xx_HAL_Driver\stm32h7xx_hal_uart.o
 *fill*         0x080077be        0x2 
 .rodata.UARTPrescTable
                0x080077c0       0x18 Drivers\STM32H7xx_HAL_Driver\stm32h7xx_hal_uart.o
 .rodata.vTaskStartScheduler.str1.4
                0x080077d8        0x8 Middlewares\FreeRTOS\tasks.o
                                  0x5 (size before relaxing)
                0x080077e0                . = ALIGN (0x4)

.ARM.extab      0x080077e0       0x30
 *(.ARM.extab* .gnu.linkonce.armextab.*)
 .ARM.extab.text.HAL_TIM_PeriodElapsedCallback
                0x080077e0        0xc Application\User\main.o
 .ARM.extab.text._Z18SystemClock_Configv
                0x080077ec        0xc Application\User\main.o
 .ARM.extab     0x080077f8       0x18 c:/program files (x86)/atollic/truestudio for stm32 9.0.0/armtools/bin/../lib/gcc/arm-atollic-eabi/6.3.1/armv7e-m/fpu/fpv5-d16\libgcc.a(pr-support.o)

.ARM            0x08007810       0xe0
                0x08007810                __exidx_start = .
 *(.ARM.exidx*)
 .ARM.exidx.text.HAL_TIM_PeriodElapsedCallback
                0x080078c8        0x8 Application\User\main.o
 .ARM.exidx.text._Error_Handler
                0x080078d0        0x8 Application\User\main.o
 .ARM.exidx.text._Z18SystemClock_Configv
                0x080078d8        0x8 Application\User\main.o
 .ARM.exidx.text.main
                0x080078e0       0x10 Application\User\main.o
                                  0x8 (size before relaxing)
 .ARM.exidx     0x08007810        0x8 c:/program files (x86)/atollic/truestudio for stm32 9.0.0/armtools/bin/../lib/gcc/arm-atollic-eabi/6.3.1/armv7e-m/fpu/fpv5-d16\libgcc.a(_udivmoddi4.o)
 .ARM.exidx     0x08007818       0x78 c:/program files (x86)/atollic/truestudio for stm32 9.0.0/armtools/bin/../lib/gcc/arm-atollic-eabi/6.3.1/armv7e-m/fpu/fpv5-d16\libgcc.a(unwind-arm.o)
                                 0xd8 (size before relaxing)
 .ARM.exidx     0x08007890       0x38 c:/program files (x86)/atollic/truestudio for stm32 9.0.0/armtools/bin/../lib/gcc/arm-atollic-eabi/6.3.1/armv7e-m/fpu/fpv5-d16\libgcc.a(pr-support.o)
                                 0x48 (size before relaxing)
                0x080078f0                __exidx_end = .

.rel.dyn        0x080078f0        0x0
 .rel.iplt      0x080078f0        0x0 c:/program files (x86)/atollic/truestudio for stm32 9.0.0/armtools/bin/../lib/gcc/arm-atollic-eabi/6.3.1/armv7e-m/fpu/fpv5-d16/crtbegin.o

.preinit_array  0x080078f0        0x0
                0x080078f0                PROVIDE (__preinit_array_start, .)
 *(.preinit_array*)
                0x080078f0                PROVIDE (__preinit_array_end, .)

.init_array     0x080078f0        0x4
                0x080078f0                PROVIDE (__init_array_start, .)
 *(SORT(.init_array.*))
 *(.init_array*)
 .init_array    0x080078f0        0x4 c:/program files (x86)/atollic/truestudio for stm32 9.0.0/armtools/bin/../lib/gcc/arm-atollic-eabi/6.3.1/armv7e-m/fpu/fpv5-d16/crtbegin.o
                0x080078f4                PROVIDE (__init_array_end, .)

.fini_array     0x080078f4        0x4
                [!provide]                PROVIDE (__fini_array_start, .)
 *(SORT(.fini_array.*))
 *(.fini_array*)
 .fini_array    0x080078f4        0x4 c:/program files (x86)/atollic/truestudio for stm32 9.0.0/armtools/bin/../lib/gcc/arm-atollic-eabi/6.3.1/armv7e-m/fpu/fpv5-d16/crtbegin.o
                [!provide]                PROVIDE (__fini_array_end, .)
                0x080078f8                _sidata = LOADADDR (.data)

.data           0x20000000      0x194 load address 0x080078f8
                0x20000000                . = ALIGN (0x4)
                0x20000000                _sdata = .
 *(.data)
 *(.data*)
 .data.portJ1_anglevector
                0x20000000       0x16 Application\isr\uartdmarx.o
 *fill*         0x20000016        0x2 
 .data.portJ2_anglevector
                0x20000018       0x16 Application\isr\uartdmarx.o
 *fill*         0x2000002e        0x2 
 .data.portJ3_anglevector
                0x20000030       0x16 Application\isr\uartdmarx.o
 *fill*         0x20000046        0x2 
 .data.portJ4_anglevector
                0x20000048       0x16 Application\isr\uartdmarx.o
 *fill*         0x2000005e        0x2 
 .data.portJ5_anglevector
                0x20000060       0x16 Application\isr\uartdmarx.o
 *fill*         0x20000076        0x2 
 .data.portJ6_anglevector
                0x20000078       0x16 Application\isr\uartdmarx.o
 *fill*         0x2000008e        0x2 
 .data.SystemCoreClock
                0x20000090        0x4 Drivers\CMSIS\system_stm32h7xx.o
                0x20000090                SystemCoreClock
 .data.SystemD2Clock
                0x20000094        0x4 Drivers\CMSIS\system_stm32h7xx.o
                0x20000094                SystemD2Clock
 .data.uwTickFreq
                0x20000098        0x1 Drivers\STM32H7xx_HAL_Driver\stm32h7xx_hal.o
 *fill*         0x20000099        0x3 
 .data.uxCriticalNesting
                0x2000009c        0x4 Middlewares\FreeRTOS\port.o
 .data._impure_ptr
                0x200000a0        0x4 c:/program files (x86)/atollic/truestudio for stm32 9.0.0/armtools/bin/../lib/gcc/arm-atollic-eabi/6.3.1/../../../../arm-atollic-eabi/lib/armv7e-m/fpu/fpv5-d16\libc.a(lib_a-impure.o)
                0x200000a0                _impure_ptr
 .data.impure_data
                0x200000a4       0xf0 c:/program files (x86)/atollic/truestudio for stm32 9.0.0/armtools/bin/../lib/gcc/arm-atollic-eabi/6.3.1/../../../../arm-atollic-eabi/lib/armv7e-m/fpu/fpv5-d16\libc.a(lib_a-impure.o)
                0x20000194                . = ALIGN (0x4)
                0x20000194                _edata = .

.igot.plt       0x20000194        0x0 load address 0x08007a8c
 .igot.plt      0x20000194        0x0 c:/program files (x86)/atollic/truestudio for stm32 9.0.0/armtools/bin/../lib/gcc/arm-atollic-eabi/6.3.1/armv7e-m/fpu/fpv5-d16/crtbegin.o
                0x20000194                . = ALIGN (0x4)

.bss            0x20000194     0x427c load address 0x08007a8c
                0x20000194                _sbss = .
                0x20000194                __bss_start__ = _sbss
 *(.bss)
 .bss           0x20000194       0x1c c:/program files (x86)/atollic/truestudio for stm32 9.0.0/armtools/bin/../lib/gcc/arm-atollic-eabi/6.3.1/armv7e-m/fpu/fpv5-d16/crtbegin.o
 *(.bss*)
 .bss.xHigherPriorityTaskWoken.11713
                0x200001b0        0x4 Application\isr\uartdmarx.o
 .bss.uwTick    0x200001b4        0x4 Drivers\STM32H7xx_HAL_Driver\stm32h7xx_hal.o
 .bss.pxEnd     0x200001b8        0x4 Middlewares\FreeRTOS\heap_4.o
 .bss.ucHeap    0x200001bc     0x3c00 Middlewares\FreeRTOS\heap_4.o
 .bss.xBlockAllocatedBit
                0x20003dbc        0x4 Middlewares\FreeRTOS\heap_4.o
 .bss.xFreeBytesRemaining
                0x20003dc0        0x4 Middlewares\FreeRTOS\heap_4.o
 .bss.xMinimumEverFreeBytesRemaining
                0x20003dc4        0x4 Middlewares\FreeRTOS\heap_4.o
 .bss.xStart    0x20003dc8        0x8 Middlewares\FreeRTOS\heap_4.o
 .bss.ucMaxSysCallPriority
                0x20003dd0        0x1 Middlewares\FreeRTOS\port.o
 *fill*         0x20003dd1        0x3 
 .bss.ulMaxPRIGROUPValue
                0x20003dd4        0x4 Middlewares\FreeRTOS\port.o
 .bss.pxCurrentTCB
                0x20003dd8        0x4 Middlewares\FreeRTOS\tasks.o
                0x20003dd8                pxCurrentTCB
 .bss.pxDelayedTaskList
                0x20003ddc        0x4 Middlewares\FreeRTOS\tasks.o
 .bss.pxOverflowDelayedTaskList
                0x20003de0        0x4 Middlewares\FreeRTOS\tasks.o
 .bss.pxReadyTasksLists
                0x20003de4       0x8c Middlewares\FreeRTOS\tasks.o
 .bss.uxCurrentNumberOfTasks
                0x20003e70        0x4 Middlewares\FreeRTOS\tasks.o
 .bss.uxDeletedTasksWaitingCleanUp
                0x20003e74        0x4 Middlewares\FreeRTOS\tasks.o
 .bss.uxPendedTicks
                0x20003e78        0x4 Middlewares\FreeRTOS\tasks.o
 .bss.uxSchedulerSuspended
                0x20003e7c        0x4 Middlewares\FreeRTOS\tasks.o
 .bss.uxTaskNumber
                0x20003e80        0x4 Middlewares\FreeRTOS\tasks.o
 .bss.uxTopReadyPriority
                0x20003e84        0x4 Middlewares\FreeRTOS\tasks.o
 .bss.xDelayedTaskList1
                0x20003e88       0x14 Middlewares\FreeRTOS\tasks.o
 .bss.xDelayedTaskList2
                0x20003e9c       0x14 Middlewares\FreeRTOS\tasks.o
 .bss.xIdleTaskHandle
                0x20003eb0        0x4 Middlewares\FreeRTOS\tasks.o
 .bss.xNextTaskUnblockTime
                0x20003eb4        0x4 Middlewares\FreeRTOS\tasks.o
 .bss.xNumOfOverflows
                0x20003eb8        0x4 Middlewares\FreeRTOS\tasks.o
 .bss.xPendingReadyList
                0x20003ebc       0x14 Middlewares\FreeRTOS\tasks.o
 .bss.xSchedulerRunning
                0x20003ed0        0x4 Middlewares\FreeRTOS\tasks.o
 .bss.xSuspendedTaskList
                0x20003ed4       0x14 Middlewares\FreeRTOS\tasks.o
 .bss.xTasksWaitingTermination
                0x20003ee8       0x14 Middlewares\FreeRTOS\tasks.o
 .bss.xTickCount
                0x20003efc        0x4 Middlewares\FreeRTOS\tasks.o
 .bss.xYieldPending
                0x20003f00        0x4 Middlewares\FreeRTOS\tasks.o
 *(COMMON)
 COMMON         0x20003f04       0x64 Application\User\adc.o
                0x20003f04                hadc1
 COMMON         0x20003f68       0x3c Application\User\freertos.o
                0x20003f68                J4uartportHandle
                0x20003f6c                J5vectorqueueHandle
                0x20003f70                J3uartportHandle
                0x20003f74                J6vectorqueueHandle
                0x20003f78                J1vectorqueueHandle
                0x20003f7c                J6uartportHandle
                0x20003f80                LED2TaskHandle
                0x20003f84                J5uartportHandle
                0x20003f88                J3vectorqueueHandle
                0x20003f8c                J2vectorqueueHandle
                0x20003f90                J4vectorqueueHandle
                0x20003f94                idleTaskHandle
                0x20003f98                J2uartportHandle
                0x20003f9c                LED1TaskHandle
                0x20003fa0                J1uartportHandle
 COMMON         0x20003fa4       0x88 Application\User\spi.o
                0x20003fa4                hspi3
 COMMON         0x2000402c       0x40 Application\User\stm32h7xx_hal_timebase_TIM.o
                0x2000402c                htim4
 COMMON         0x2000406c      0x380 Application\User\usart.o
                0x2000406c                huart7
                0x200040ec                huart3
                0x2000416c                huart5
                0x200041ec                huart1
                0x2000426c                huart8
                0x200042ec                huart4
                0x2000436c                huart2
 COMMON         0x200043ec       0x1e Application\isr\uartdmarx.o
                0x200043ec                rx_buff
                0x20004404                rx_servo
 *fill*         0x2000440a        0x2 
 COMMON         0x2000440c        0x4 c:/program files (x86)/atollic/truestudio for stm32 9.0.0/armtools/bin/../lib/gcc/arm-atollic-eabi/6.3.1/../../../../arm-atollic-eabi/lib/armv7e-m/fpu/fpv5-d16\libc.a(lib_a-reent.o)
                0x2000440c                errno
                0x20004410                . = ALIGN (0x4)
                0x20004410                _ebss = .
                0x20004410                __bss_end__ = _ebss

._user_heap_stack
                0x20004410      0x600 load address 0x08007a8c
                0x20004410                . = ALIGN (0x4)
                0x20004410                PROVIDE (end, .)
                [!provide]                PROVIDE (_end, .)
                0x20004610                . = (. + _Min_Heap_Size)
 *fill*         0x20004410      0x200 
                0x20004a10                . = (. + _Min_Stack_Size)
 *fill*         0x20004610      0x400 
                0x20004a10                . = ALIGN (0x4)

/DISCARD/
 libc.a(*)
 libm.a(*)
 libgcc.a(*)

.ARM.attributes
                0x00000000       0x2e
 *(.ARM.attributes)
 .ARM.attributes
                0x00000000       0x20 c:/program files (x86)/atollic/truestudio for stm32 9.0.0/armtools/bin/../lib/gcc/arm-atollic-eabi/6.3.1/armv7e-m/fpu/fpv5-d16/crti.o
 .ARM.attributes
                0x00000020       0x32 c:/program files (x86)/atollic/truestudio for stm32 9.0.0/armtools/bin/../lib/gcc/arm-atollic-eabi/6.3.1/armv7e-m/fpu/fpv5-d16/crtbegin.o
 .ARM.attributes
                0x00000052       0x21 Application\TrueSTUDIO\startup_stm32h743xx.o
 .ARM.attributes
                0x00000073       0x37 Application\User\adc.o
 .ARM.attributes
                0x000000aa       0x37 Application\User\freertos.o
 .ARM.attributes
                0x000000e1       0x37 Application\User\gpio.o
 .ARM.attributes
                0x00000118       0x37 Application\User\main.o
 .ARM.attributes
                0x0000014f       0x37 Application\User\spi.o
 .ARM.attributes
                0x00000186       0x37 Application\User\stm32h7xx_hal_msp.o
 .ARM.attributes
                0x000001bd       0x37 Application\User\stm32h7xx_hal_timebase_TIM.o
 .ARM.attributes
                0x000001f4       0x37 Application\User\stm32h7xx_it.o
 .ARM.attributes
                0x0000022b       0x37 Application\User\usart.o
 .ARM.attributes
                0x00000262       0x37 Application\isr\uartdmarx.o
 .ARM.attributes
                0x00000299       0x37 Application\tasks\idletasks.o
 .ARM.attributes
                0x000002d0       0x37 Application\tasks\uarttasks.o
 .ARM.attributes
                0x00000307       0x37 Drivers\CMSIS\system_stm32h7xx.o
 .ARM.attributes
                0x0000033e       0x37 Drivers\STM32H7xx_HAL_Driver\stm32h7xx_hal.o
 .ARM.attributes
                0x00000375       0x37 Drivers\STM32H7xx_HAL_Driver\stm32h7xx_hal_adc.o
 .ARM.attributes
                0x000003ac       0x37 Drivers\STM32H7xx_HAL_Driver\stm32h7xx_hal_adc_ex.o
 .ARM.attributes
                0x000003e3       0x37 Drivers\STM32H7xx_HAL_Driver\stm32h7xx_hal_cortex.o
 .ARM.attributes
                0x0000041a       0x37 Drivers\STM32H7xx_HAL_Driver\stm32h7xx_hal_dma.o
 .ARM.attributes
                0x00000451       0x37 Drivers\STM32H7xx_HAL_Driver\stm32h7xx_hal_gpio.o
 .ARM.attributes
                0x00000488       0x37 Drivers\STM32H7xx_HAL_Driver\stm32h7xx_hal_rcc.o
 .ARM.attributes
                0x000004bf       0x37 Drivers\STM32H7xx_HAL_Driver\stm32h7xx_hal_rcc_ex.o
 .ARM.attributes
                0x000004f6       0x37 Drivers\STM32H7xx_HAL_Driver\stm32h7xx_hal_spi.o
 .ARM.attributes
                0x0000052d       0x37 Drivers\STM32H7xx_HAL_Driver\stm32h7xx_hal_tim.o
 .ARM.attributes
                0x00000564       0x37 Drivers\STM32H7xx_HAL_Driver\stm32h7xx_hal_tim_ex.o
 .ARM.attributes
                0x0000059b       0x37 Drivers\STM32H7xx_HAL_Driver\stm32h7xx_hal_uart.o
 .ARM.attributes
                0x000005d2       0x37 Drivers\STM32H7xx_HAL_Driver\stm32h7xx_hal_uart_ex.o
 .ARM.attributes
                0x00000609       0x37 Middlewares\FreeRTOS\cmsis_os.o
 .ARM.attributes
                0x00000640       0x37 Middlewares\FreeRTOS\heap_4.o
 .ARM.attributes
                0x00000677       0x37 Middlewares\FreeRTOS\list.o
 .ARM.attributes
                0x000006ae       0x37 Middlewares\FreeRTOS\port.o
 .ARM.attributes
                0x000006e5       0x37 Middlewares\FreeRTOS\queue.o
 .ARM.attributes
                0x0000071c       0x37 Middlewares\FreeRTOS\tasks.o
 .ARM.attributes
                0x00000753       0x32 c:/program files (x86)/atollic/truestudio for stm32 9.0.0/armtools/bin/../lib/gcc/arm-atollic-eabi/6.3.1/../../../../arm-atollic-eabi/lib/armv7e-m/fpu/fpv5-d16\libc.a(lib_a-init.o)
 .ARM.attributes
                0x00000785       0x32 c:/program files (x86)/atollic/truestudio for stm32 9.0.0/armtools/bin/../lib/gcc/arm-atollic-eabi/6.3.1/../../../../arm-atollic-eabi/lib/armv7e-m/fpu/fpv5-d16\libc.a(lib_a-memcpy-stub.o)
 .ARM.attributes
                0x000007b7       0x20 c:/program files (x86)/atollic/truestudio for stm32 9.0.0/armtools/bin/../lib/gcc/arm-atollic-eabi/6.3.1/armv7e-m/fpu/fpv5-d16\libgcc.a(_aeabi_uldivmod.o)
 .ARM.attributes
                0x000007d7       0x32 c:/program files (x86)/atollic/truestudio for stm32 9.0.0/armtools/bin/../lib/gcc/arm-atollic-eabi/6.3.1/armv7e-m/fpu/fpv5-d16\libgcc.a(_udivmoddi4.o)
 .ARM.attributes
                0x00000809       0x20 c:/program files (x86)/atollic/truestudio for stm32 9.0.0/armtools/bin/../lib/gcc/arm-atollic-eabi/6.3.1/armv7e-m/fpu/fpv5-d16\libgcc.a(_dvmd_tls.o)
 .ARM.attributes
                0x00000829       0x20 c:/program files (x86)/atollic/truestudio for stm32 9.0.0/armtools/bin/../lib/gcc/arm-atollic-eabi/6.3.1/armv7e-m/fpu/fpv5-d16/crtn.o
OUTPUT(kondoh7.elf elf32-littlearm)

.debug_line     0x00000000     0xf12f
 .debug_line    0x00000000       0x7a Application\TrueSTUDIO\startup_stm32h743xx.o
 .debug_line    0x0000007a      0x3a5 Application\User\adc.o
 .debug_line    0x0000041f      0x27f Application\User\freertos.o
 .debug_line    0x0000069e      0x2cd Application\User\gpio.o
 .debug_line    0x0000096b      0x4fb Application\User\main.o
 .debug_line    0x00000e66      0x37a Application\User\spi.o
 .debug_line    0x000011e0      0x2bf Application\User\stm32h7xx_hal_msp.o
 .debug_line    0x0000149f      0x371 Application\User\stm32h7xx_hal_timebase_TIM.o
 .debug_line    0x00001810      0x3f9 Application\User\stm32h7xx_it.o
 .debug_line    0x00001c09      0x5d7 Application\User\usart.o
 .debug_line    0x000021e0      0x5e2 Application\isr\uartdmarx.o
 .debug_line    0x000027c2      0x31a Application\tasks\idletasks.o
 .debug_line    0x00002adc      0x5ae Application\tasks\uarttasks.o
 .debug_line    0x0000308a      0x328 Drivers\CMSIS\system_stm32h7xx.o
 .debug_line    0x000033b2      0x6c7 Drivers\STM32H7xx_HAL_Driver\stm32h7xx_hal.o
 .debug_line    0x00003a79      0xeb7 Drivers\STM32H7xx_HAL_Driver\stm32h7xx_hal_adc.o
 .debug_line    0x00004930      0xd8e Drivers\STM32H7xx_HAL_Driver\stm32h7xx_hal_adc_ex.o
 .debug_line    0x000056be      0x53a Drivers\STM32H7xx_HAL_Driver\stm32h7xx_hal_cortex.o
 .debug_line    0x00005bf8      0xa01 Drivers\STM32H7xx_HAL_Driver\stm32h7xx_hal_dma.o
 .debug_line    0x000065f9      0x537 Drivers\STM32H7xx_HAL_Driver\stm32h7xx_hal_gpio.o
 .debug_line    0x00006b30      0x899 Drivers\STM32H7xx_HAL_Driver\stm32h7xx_hal_rcc.o
 .debug_line    0x000073c9      0xb5a Drivers\STM32H7xx_HAL_Driver\stm32h7xx_hal_rcc_ex.o
 .debug_line    0x00007f23      0xeb6 Drivers\STM32H7xx_HAL_Driver\stm32h7xx_hal_spi.o
 .debug_line    0x00008dd9     0x18dc Drivers\STM32H7xx_HAL_Driver\stm32h7xx_hal_tim.o
 .debug_line    0x0000a6b5      0xaba Drivers\STM32H7xx_HAL_Driver\stm32h7xx_hal_tim_ex.o
 .debug_line    0x0000b16f     0x10c9 Drivers\STM32H7xx_HAL_Driver\stm32h7xx_hal_uart.o
 .debug_line    0x0000c238      0x4be Drivers\STM32H7xx_HAL_Driver\stm32h7xx_hal_uart_ex.o
 .debug_line    0x0000c6f6      0x98a Middlewares\FreeRTOS\cmsis_os.o
 .debug_line    0x0000d080      0x455 Middlewares\FreeRTOS\heap_4.o
 .debug_line    0x0000d4d5      0x3ae Middlewares\FreeRTOS\list.o
 .debug_line    0x0000d883      0x379 Middlewares\FreeRTOS\port.o
 .debug_line    0x0000dbfc      0x879 Middlewares\FreeRTOS\queue.o
 .debug_line    0x0000e475      0xcba Middlewares\FreeRTOS\tasks.o

.debug_info     0x00000000    0x35343
 .debug_info    0x00000000       0x7b Application\TrueSTUDIO\startup_stm32h743xx.o
 .debug_info    0x0000007b     0x17ca Application\User\adc.o
 .debug_info    0x00001845      0x68d Application\User\freertos.o
 .debug_info    0x00001ed2      0xf66 Application\User\gpio.o
 .debug_info    0x00002e38     0x2f8b Application\User\main.o
 .debug_info    0x00005dc3     0x15c0 Application\User\spi.o
 .debug_info    0x00007383     0x11bf Application\User\stm32h7xx_hal_msp.o
 .debug_info    0x00008542     0x18b3 Application\User\stm32h7xx_hal_timebase_TIM.o
 .debug_info    0x00009df5     0x14cd Application\User\stm32h7xx_it.o
 .debug_info    0x0000b2c2     0x1f6a Application\User\usart.o
 .debug_info    0x0000d22c     0x1b5c Application\isr\uartdmarx.o
 .debug_info    0x0000ed88      0xafb Application\tasks\idletasks.o
 .debug_info    0x0000f883     0x1ef7 Application\tasks\uarttasks.o
 .debug_info    0x0001177a     0x11a0 Drivers\CMSIS\system_stm32h7xx.o
 .debug_info    0x0001291a     0x1d73 Drivers\STM32H7xx_HAL_Driver\stm32h7xx_hal.o
 .debug_info    0x0001468d     0x21a1 Drivers\STM32H7xx_HAL_Driver\stm32h7xx_hal_adc.o
 .debug_info    0x0001682e     0x20f3 Drivers\STM32H7xx_HAL_Driver\stm32h7xx_hal_adc_ex.o
 .debug_info    0x00018921     0x1a63 Drivers\STM32H7xx_HAL_Driver\stm32h7xx_hal_cortex.o
 .debug_info    0x0001a384     0x15ab Drivers\STM32H7xx_HAL_Driver\stm32h7xx_hal_dma.o
 .debug_info    0x0001b92f     0x14b9 Drivers\STM32H7xx_HAL_Driver\stm32h7xx_hal_gpio.o
 .debug_info    0x0001cde8     0x1b03 Drivers\STM32H7xx_HAL_Driver\stm32h7xx_hal_rcc.o
 .debug_info    0x0001e8eb     0x2004 Drivers\STM32H7xx_HAL_Driver\stm32h7xx_hal_rcc_ex.o
 .debug_info    0x000208ef     0x22ac Drivers\STM32H7xx_HAL_Driver\stm32h7xx_hal_spi.o
 .debug_info    0x00022b9b     0x4140 Drivers\STM32H7xx_HAL_Driver\stm32h7xx_hal_tim.o
 .debug_info    0x00026cdb     0x1e7d Drivers\STM32H7xx_HAL_Driver\stm32h7xx_hal_tim_ex.o
 .debug_info    0x00028b58     0x27c7 Drivers\STM32H7xx_HAL_Driver\stm32h7xx_hal_uart.o
 .debug_info    0x0002b31f     0x12e0 Drivers\STM32H7xx_HAL_Driver\stm32h7xx_hal_uart_ex.o
 .debug_info    0x0002c5ff     0x25e3 Middlewares\FreeRTOS\cmsis_os.o
 .debug_info    0x0002ebe2      0xc75 Middlewares\FreeRTOS\heap_4.o
 .debug_info    0x0002f857      0xad7 Middlewares\FreeRTOS\list.o
 .debug_info    0x0003032e      0x4e8 Middlewares\FreeRTOS\port.o
 .debug_info    0x00030816     0x2084 Middlewares\FreeRTOS\queue.o
 .debug_info    0x0003289a     0x2aa9 Middlewares\FreeRTOS\tasks.o

.debug_abbrev   0x00000000     0x5e5c
 .debug_abbrev  0x00000000       0x12 Application\TrueSTUDIO\startup_stm32h743xx.o
 .debug_abbrev  0x00000012      0x252 Application\User\adc.o
 .debug_abbrev  0x00000264      0x1a8 Application\User\freertos.o
 .debug_abbrev  0x0000040c      0x222 Application\User\gpio.o
 .debug_abbrev  0x0000062e      0x2fc Application\User\main.o
 .debug_abbrev  0x0000092a      0x252 Application\User\spi.o
 .debug_abbrev  0x00000b7c      0x213 Application\User\stm32h7xx_hal_msp.o
 .debug_abbrev  0x00000d8f      0x283 Application\User\stm32h7xx_hal_timebase_TIM.o
 .debug_abbrev  0x00001012      0x23e Application\User\stm32h7xx_it.o
 .debug_abbrev  0x00001250      0x2a3 Application\User\usart.o
 .debug_abbrev  0x000014f3      0x242 Application\isr\uartdmarx.o
 .debug_abbrev  0x00001735      0x1f0 Application\tasks\idletasks.o
 .debug_abbrev  0x00001925      0x265 Application\tasks\uarttasks.o
 .debug_abbrev  0x00001b8a      0x239 Drivers\CMSIS\system_stm32h7xx.o
 .debug_abbrev  0x00001dc3      0x393 Drivers\STM32H7xx_HAL_Driver\stm32h7xx_hal.o
 .debug_abbrev  0x00002156      0x30d Drivers\STM32H7xx_HAL_Driver\stm32h7xx_hal_adc.o
 .debug_abbrev  0x00002463      0x377 Drivers\STM32H7xx_HAL_Driver\stm32h7xx_hal_adc_ex.o
 .debug_abbrev  0x000027da      0x3b9 Drivers\STM32H7xx_HAL_Driver\stm32h7xx_hal_cortex.o
 .debug_abbrev  0x00002b93      0x333 Drivers\STM32H7xx_HAL_Driver\stm32h7xx_hal_dma.o
 .debug_abbrev  0x00002ec6      0x2b1 Drivers\STM32H7xx_HAL_Driver\stm32h7xx_hal_gpio.o
 .debug_abbrev  0x00003177      0x384 Drivers\STM32H7xx_HAL_Driver\stm32h7xx_hal_rcc.o
 .debug_abbrev  0x000034fb      0x3a9 Drivers\STM32H7xx_HAL_Driver\stm32h7xx_hal_rcc_ex.o
 .debug_abbrev  0x000038a4      0x405 Drivers\STM32H7xx_HAL_Driver\stm32h7xx_hal_spi.o
 .debug_abbrev  0x00003ca9      0x3c4 Drivers\STM32H7xx_HAL_Driver\stm32h7xx_hal_tim.o
 .debug_abbrev  0x0000406d      0x353 Drivers\STM32H7xx_HAL_Driver\stm32h7xx_hal_tim_ex.o
 .debug_abbrev  0x000043c0      0x405 Drivers\STM32H7xx_HAL_Driver\stm32h7xx_hal_uart.o
 .debug_abbrev  0x000047c5      0x2d0 Drivers\STM32H7xx_HAL_Driver\stm32h7xx_hal_uart_ex.o
 .debug_abbrev  0x00004a95      0x48f Middlewares\FreeRTOS\cmsis_os.o
 .debug_abbrev  0x00004f24      0x314 Middlewares\FreeRTOS\heap_4.o
 .debug_abbrev  0x00005238      0x1e3 Middlewares\FreeRTOS\list.o
 .debug_abbrev  0x0000541b      0x211 Middlewares\FreeRTOS\port.o
 .debug_abbrev  0x0000562c      0x3e8 Middlewares\FreeRTOS\queue.o
 .debug_abbrev  0x00005a14      0x448 Middlewares\FreeRTOS\tasks.o

.debug_aranges  0x00000000     0x1478
 .debug_aranges
                0x00000000       0x28 Application\TrueSTUDIO\startup_stm32h743xx.o
 .debug_aranges
                0x00000028       0x30 Application\User\adc.o
 .debug_aranges
                0x00000058       0x30 Application\User\freertos.o
 .debug_aranges
                0x00000088       0x20 Application\User\gpio.o
 .debug_aranges
                0x000000a8       0x38 Application\User\main.o
 .debug_aranges
                0x000000e0       0x30 Application\User\spi.o
 .debug_aranges
                0x00000110       0x20 Application\User\stm32h7xx_hal_msp.o
 .debug_aranges
                0x00000130       0x30 Application\User\stm32h7xx_hal_timebase_TIM.o
 .debug_aranges
                0x00000160       0x88 Application\User\stm32h7xx_it.o
 .debug_aranges
                0x000001e8       0x60 Application\User\usart.o
 .debug_aranges
                0x00000248       0x28 Application\isr\uartdmarx.o
 .debug_aranges
                0x00000270       0x28 Application\tasks\idletasks.o
 .debug_aranges
                0x00000298       0x58 Application\tasks\uarttasks.o
 .debug_aranges
                0x000002f0       0x28 Drivers\CMSIS\system_stm32h7xx.o
 .debug_aranges
                0x00000318      0x198 Drivers\STM32H7xx_HAL_Driver\stm32h7xx_hal.o
 .debug_aranges
                0x000004b0       0xd0 Drivers\STM32H7xx_HAL_Driver\stm32h7xx_hal_adc.o
 .debug_aranges
                0x00000580       0xe0 Drivers\STM32H7xx_HAL_Driver\stm32h7xx_hal_adc_ex.o
 .debug_aranges
                0x00000660       0xa0 Drivers\STM32H7xx_HAL_Driver\stm32h7xx_hal_cortex.o
 .debug_aranges
                0x00000700       0x88 Drivers\STM32H7xx_HAL_Driver\stm32h7xx_hal_dma.o
 .debug_aranges
                0x00000788       0x58 Drivers\STM32H7xx_HAL_Driver\stm32h7xx_hal_gpio.o
 .debug_aranges
                0x000007e0       0x80 Drivers\STM32H7xx_HAL_Driver\stm32h7xx_hal_rcc.o
 .debug_aranges
                0x00000860       0xd0 Drivers\STM32H7xx_HAL_Driver\stm32h7xx_hal_rcc_ex.o
 .debug_aranges
                0x00000930      0x150 Drivers\STM32H7xx_HAL_Driver\stm32h7xx_hal_spi.o
 .debug_aranges
                0x00000a80      0x268 Drivers\STM32H7xx_HAL_Driver\stm32h7xx_hal_tim.o
 .debug_aranges
                0x00000ce8      0x100 Drivers\STM32H7xx_HAL_Driver\stm32h7xx_hal_tim_ex.o
 .debug_aranges
                0x00000de8      0x180 Drivers\STM32H7xx_HAL_Driver\stm32h7xx_hal_uart.o
 .debug_aranges
                0x00000f68       0x48 Drivers\STM32H7xx_HAL_Driver\stm32h7xx_hal_uart_ex.o
 .debug_aranges
                0x00000fb0      0x190 Middlewares\FreeRTOS\cmsis_os.o
 .debug_aranges
                0x00001140       0x48 Middlewares\FreeRTOS\heap_4.o
 .debug_aranges
                0x00001188       0x40 Middlewares\FreeRTOS\list.o
 .debug_aranges
                0x000011c8       0x80 Middlewares\FreeRTOS\port.o
 .debug_aranges
                0x00001248       0xc0 Middlewares\FreeRTOS\queue.o
 .debug_aranges
                0x00001308      0x170 Middlewares\FreeRTOS\tasks.o

.debug_ranges   0x00000000     0x2730
 .debug_ranges  0x00000000       0x20 Application\TrueSTUDIO\startup_stm32h743xx.o
 .debug_ranges  0x00000020       0x58 Application\User\adc.o
 .debug_ranges  0x00000078       0x20 Application\User\freertos.o
 .debug_ranges  0x00000098       0x38 Application\User\gpio.o
 .debug_ranges  0x000000d0       0x28 Application\User\main.o
 .debug_ranges  0x000000f8       0x58 Application\User\spi.o
 .debug_ranges  0x00000150       0x38 Application\User\stm32h7xx_hal_msp.o
 .debug_ranges  0x00000188       0x48 Application\User\stm32h7xx_hal_timebase_TIM.o
 .debug_ranges  0x000001d0       0x78 Application\User\stm32h7xx_it.o
 .debug_ranges  0x00000248      0x1a0 Application\User\usart.o
 .debug_ranges  0x000003e8       0xe8 Application\isr\uartdmarx.o
 .debug_ranges  0x000004d0       0x18 Application\tasks\idletasks.o
 .debug_ranges  0x000004e8       0xd8 Application\tasks\uarttasks.o
 .debug_ranges  0x000005c0       0x30 Drivers\CMSIS\system_stm32h7xx.o
 .debug_ranges  0x000005f0      0x1a0 Drivers\STM32H7xx_HAL_Driver\stm32h7xx_hal.o
 .debug_ranges  0x00000790       0xd8 Drivers\STM32H7xx_HAL_Driver\stm32h7xx_hal_adc.o
 .debug_ranges  0x00000868      0x100 Drivers\STM32H7xx_HAL_Driver\stm32h7xx_hal_adc_ex.o
 .debug_ranges  0x00000968      0x178 Drivers\STM32H7xx_HAL_Driver\stm32h7xx_hal_cortex.o
 .debug_ranges  0x00000ae0      0x140 Drivers\STM32H7xx_HAL_Driver\stm32h7xx_hal_dma.o
 .debug_ranges  0x00000c20       0x78 Drivers\STM32H7xx_HAL_Driver\stm32h7xx_hal_gpio.o
 .debug_ranges  0x00000c98      0x268 Drivers\STM32H7xx_HAL_Driver\stm32h7xx_hal_rcc.o
 .debug_ranges  0x00000f00      0x258 Drivers\STM32H7xx_HAL_Driver\stm32h7xx_hal_rcc_ex.o
 .debug_ranges  0x00001158      0x1c8 Drivers\STM32H7xx_HAL_Driver\stm32h7xx_hal_spi.o
 .debug_ranges  0x00001320      0x768 Drivers\STM32H7xx_HAL_Driver\stm32h7xx_hal_tim.o
 .debug_ranges  0x00001a88      0x210 Drivers\STM32H7xx_HAL_Driver\stm32h7xx_hal_tim_ex.o
 .debug_ranges  0x00001c98      0x1d0 Drivers\STM32H7xx_HAL_Driver\stm32h7xx_hal_uart.o
 .debug_ranges  0x00001e68       0x38 Drivers\STM32H7xx_HAL_Driver\stm32h7xx_hal_uart_ex.o
 .debug_ranges  0x00001ea0      0x250 Middlewares\FreeRTOS\cmsis_os.o
 .debug_ranges  0x000020f0       0x38 Middlewares\FreeRTOS\heap_4.o
 .debug_ranges  0x00002128       0x30 Middlewares\FreeRTOS\list.o
 .debug_ranges  0x00002158       0x98 Middlewares\FreeRTOS\port.o
 .debug_ranges  0x000021f0      0x1b8 Middlewares\FreeRTOS\queue.o
 .debug_ranges  0x000023a8      0x388 Middlewares\FreeRTOS\tasks.o

.debug_loc      0x00000000    0x13372
 .debug_loc     0x00000000       0x42 Application\User\adc.o
 .debug_loc     0x00000042       0x42 Application\User\freertos.o
 .debug_loc     0x00000084       0xdc Application\User\main.o
 .debug_loc     0x00000160       0x42 Application\User\spi.o
 .debug_loc     0x000001a2       0x8b Application\User\stm32h7xx_hal_timebase_TIM.o
 .debug_loc     0x0000022d      0x187 Application\User\usart.o
 .debug_loc     0x000003b4      0x1c8 Application\isr\uartdmarx.o
 .debug_loc     0x0000057c       0x42 Application\tasks\idletasks.o
 .debug_loc     0x000005be      0x24b Application\tasks\uarttasks.o
 .debug_loc     0x00000809      0x235 Drivers\CMSIS\system_stm32h7xx.o
 .debug_loc     0x00000a3e      0x506 Drivers\STM32H7xx_HAL_Driver\stm32h7xx_hal.o
 .debug_loc     0x00000f44     0x1313 Drivers\STM32H7xx_HAL_Driver\stm32h7xx_hal_adc.o
 .debug_loc     0x00002257     0x133f Drivers\STM32H7xx_HAL_Driver\stm32h7xx_hal_adc_ex.o
 .debug_loc     0x00003596      0x613 Drivers\STM32H7xx_HAL_Driver\stm32h7xx_hal_cortex.o
 .debug_loc     0x00003ba9      0xdec Drivers\STM32H7xx_HAL_Driver\stm32h7xx_hal_dma.o
 .debug_loc     0x00004995      0x41a Drivers\STM32H7xx_HAL_Driver\stm32h7xx_hal_gpio.o
 .debug_loc     0x00004daf      0x5dd Drivers\STM32H7xx_HAL_Driver\stm32h7xx_hal_rcc.o
 .debug_loc     0x0000538c     0x106a Drivers\STM32H7xx_HAL_Driver\stm32h7xx_hal_rcc_ex.o
 .debug_loc     0x000063f6     0x19aa Drivers\STM32H7xx_HAL_Driver\stm32h7xx_hal_spi.o
 .debug_loc     0x00007da0     0x456e Drivers\STM32H7xx_HAL_Driver\stm32h7xx_hal_tim.o
 .debug_loc     0x0000c30e     0x136e Drivers\STM32H7xx_HAL_Driver\stm32h7xx_hal_tim_ex.o
 .debug_loc     0x0000d67c     0x18e3 Drivers\STM32H7xx_HAL_Driver\stm32h7xx_hal_uart.o
 .debug_loc     0x0000ef5f      0x3c7 Drivers\STM32H7xx_HAL_Driver\stm32h7xx_hal_uart_ex.o
 .debug_loc     0x0000f326     0x136a Middlewares\FreeRTOS\cmsis_os.o
 .debug_loc     0x00010690      0x2af Middlewares\FreeRTOS\heap_4.o
 .debug_loc     0x0001093f       0x69 Middlewares\FreeRTOS\list.o
 .debug_loc     0x000109a8       0xc4 Middlewares\FreeRTOS\port.o
 .debug_loc     0x00010a6c     0x1144 Middlewares\FreeRTOS\queue.o
 .debug_loc     0x00011bb0     0x17c2 Middlewares\FreeRTOS\tasks.o

.debug_str      0x00000000     0x8dae
 .debug_str     0x00000000      0xd62 Application\User\adc.o
                               0x102b (size before relaxing)
 .debug_str     0x00000d62      0x4b7 Application\User\freertos.o
                                0x68b (size before relaxing)
 .debug_str     0x00001219       0x4f Application\User\gpio.o
                                0x940 (size before relaxing)
 .debug_str     0x00001268     0x197a Application\User\main.o
                               0x2941 (size before relaxing)
 .debug_str     0x00002be2       0x4c Application\User\spi.o
                                0xf58 (size before relaxing)
 .debug_str     0x00002c2e       0x4a Application\User\stm32h7xx_hal_msp.o
                               0x10e2 (size before relaxing)
 .debug_str     0x00002c78      0x111 Application\User\stm32h7xx_hal_timebase_TIM.o
                               0x17b6 (size before relaxing)
 .debug_str     0x00002d89      0x153 Application\User\stm32h7xx_it.o
                                0xffe (size before relaxing)
 .debug_str     0x00002edc       0x66 Application\User\usart.o
                               0x1824 (size before relaxing)
 .debug_str     0x00002f42      0x113 Application\isr\uartdmarx.o
                               0x1395 (size before relaxing)
 .debug_str     0x00003055       0x2e Application\tasks\idletasks.o
                                0x6db (size before relaxing)
 .debug_str     0x00003083       0xac Application\tasks\uarttasks.o
                               0x13c3 (size before relaxing)
 .debug_str     0x0000312f       0x83 Drivers\CMSIS\system_stm32h7xx.o
                                0xa01 (size before relaxing)
 .debug_str     0x000031b2      0x788 Drivers\STM32H7xx_HAL_Driver\stm32h7xx_hal.o
                               0x1944 (size before relaxing)
 .debug_str     0x0000393a      0x4ab Drivers\STM32H7xx_HAL_Driver\stm32h7xx_hal_adc.o
                               0x1249 (size before relaxing)
 .debug_str     0x00003de5      0x543 Drivers\STM32H7xx_HAL_Driver\stm32h7xx_hal_adc_ex.o
                               0x13ed (size before relaxing)
 .debug_str     0x00004328      0x3bc Drivers\STM32H7xx_HAL_Driver\stm32h7xx_hal_cortex.o
                               0x149e (size before relaxing)
 .debug_str     0x000046e4      0x3cb Drivers\STM32H7xx_HAL_Driver\stm32h7xx_hal_dma.o
                                0xdc2 (size before relaxing)
 .debug_str     0x00004aaf       0xd6 Drivers\STM32H7xx_HAL_Driver\stm32h7xx_hal_gpio.o
                                0xb7a (size before relaxing)
 .debug_str     0x00004b85      0x245 Drivers\STM32H7xx_HAL_Driver\stm32h7xx_hal_rcc.o
                                0xe20 (size before relaxing)
 .debug_str     0x00004dca      0x55f Drivers\STM32H7xx_HAL_Driver\stm32h7xx_hal_rcc_ex.o
                               0x1250 (size before relaxing)
 .debug_str     0x00005329      0x51e Drivers\STM32H7xx_HAL_Driver\stm32h7xx_hal_spi.o
                               0x1239 (size before relaxing)
 .debug_str     0x00005847      0xcfe Drivers\STM32H7xx_HAL_Driver\stm32h7xx_hal_tim.o
                               0x19d3 (size before relaxing)
 .debug_str     0x00006545      0x641 Drivers\STM32H7xx_HAL_Driver\stm32h7xx_hal_tim_ex.o
                               0x13d8 (size before relaxing)
 .debug_str     0x00006b86      0x672 Drivers\STM32H7xx_HAL_Driver\stm32h7xx_hal_uart.o
                               0x175d (size before relaxing)
 .debug_str     0x000071f8      0x14c Drivers\STM32H7xx_HAL_Driver\stm32h7xx_hal_uart_ex.o
                                0xe5e (size before relaxing)
 .debug_str     0x00007344      0x989 Middlewares\FreeRTOS\cmsis_os.o
                               0x1208 (size before relaxing)
 .debug_str     0x00007ccd      0x215 Middlewares\FreeRTOS\heap_4.o
                                0x83e (size before relaxing)
 .debug_str     0x00007ee2      0x14a Middlewares\FreeRTOS\list.o
                                0x755 (size before relaxing)
 .debug_str     0x0000802c      0x216 Middlewares\FreeRTOS\port.o
                                0x491 (size before relaxing)
 .debug_str     0x00008242      0x473 Middlewares\FreeRTOS\queue.o
                                0xd4e (size before relaxing)
 .debug_str     0x000086b5      0x6f9 Middlewares\FreeRTOS\tasks.o
                               0x1250 (size before relaxing)

.comment        0x00000000       0x7c
 .comment       0x00000000       0x7c Application\User\adc.o
                                 0x7d (size before relaxing)
 .comment       0x0000007c       0x7d Application\User\freertos.o
 .comment       0x0000007c       0x7d Application\User\gpio.o
 .comment       0x0000007c       0x7d Application\User\main.o
 .comment       0x0000007c       0x7d Application\User\spi.o
 .comment       0x0000007c       0x7d Application\User\stm32h7xx_hal_msp.o
 .comment       0x0000007c       0x7d Application\User\stm32h7xx_hal_timebase_TIM.o
 .comment       0x0000007c       0x7d Application\User\stm32h7xx_it.o
 .comment       0x0000007c       0x7d Application\User\usart.o
 .comment       0x0000007c       0x7d Application\isr\uartdmarx.o
 .comment       0x0000007c       0x7d Application\tasks\idletasks.o
 .comment       0x0000007c       0x7d Application\tasks\uarttasks.o
 .comment       0x0000007c       0x7d Drivers\CMSIS\system_stm32h7xx.o
 .comment       0x0000007c       0x7d Drivers\STM32H7xx_HAL_Driver\stm32h7xx_hal.o
 .comment       0x0000007c       0x7d Drivers\STM32H7xx_HAL_Driver\stm32h7xx_hal_adc.o
 .comment       0x0000007c       0x7d Drivers\STM32H7xx_HAL_Driver\stm32h7xx_hal_adc_ex.o
 .comment       0x0000007c       0x7d Drivers\STM32H7xx_HAL_Driver\stm32h7xx_hal_cortex.o
 .comment       0x0000007c       0x7d Drivers\STM32H7xx_HAL_Driver\stm32h7xx_hal_dma.o
 .comment       0x0000007c       0x7d Drivers\STM32H7xx_HAL_Driver\stm32h7xx_hal_gpio.o
 .comment       0x0000007c       0x7d Drivers\STM32H7xx_HAL_Driver\stm32h7xx_hal_rcc.o
 .comment       0x0000007c       0x7d Drivers\STM32H7xx_HAL_Driver\stm32h7xx_hal_rcc_ex.o
 .comment       0x0000007c       0x7d Drivers\STM32H7xx_HAL_Driver\stm32h7xx_hal_spi.o
 .comment       0x0000007c       0x7d Drivers\STM32H7xx_HAL_Driver\stm32h7xx_hal_tim.o
 .comment       0x0000007c       0x7d Drivers\STM32H7xx_HAL_Driver\stm32h7xx_hal_tim_ex.o
 .comment       0x0000007c       0x7d Drivers\STM32H7xx_HAL_Driver\stm32h7xx_hal_uart.o
 .comment       0x0000007c       0x7d Drivers\STM32H7xx_HAL_Driver\stm32h7xx_hal_uart_ex.o
 .comment       0x0000007c       0x7d Middlewares\FreeRTOS\cmsis_os.o
 .comment       0x0000007c       0x7d Middlewares\FreeRTOS\heap_4.o
 .comment       0x0000007c       0x7d Middlewares\FreeRTOS\list.o
 .comment       0x0000007c       0x7d Middlewares\FreeRTOS\port.o
 .comment       0x0000007c       0x7d Middlewares\FreeRTOS\queue.o
 .comment       0x0000007c       0x7d Middlewares\FreeRTOS\tasks.o

.debug_frame    0x00000000     0x4464
 .debug_frame   0x00000000       0x68 Application\User\adc.o
 .debug_frame   0x00000068      0x110 Application\User\freertos.o
 .debug_frame   0x00000178       0x34 Application\User\gpio.o
 .debug_frame   0x000001ac       0x74 Application\User\main.o
 .debug_frame   0x00000220       0x6c Application\User\spi.o
 .debug_frame   0x0000028c       0x2c Application\User\stm32h7xx_hal_msp.o
 .debug_frame   0x000002b8       0x58 Application\User\stm32h7xx_hal_timebase_TIM.o
 .debug_frame   0x00000310      0x100 Application\User\stm32h7xx_it.o
 .debug_frame   0x00000410      0x19c Application\User\usart.o
 .debug_frame   0x000005ac       0x44 Application\isr\uartdmarx.o
 .debug_frame   0x000005f0       0x40 Application\tasks\idletasks.o
 .debug_frame   0x00000630      0x124 Application\tasks\uarttasks.o
 .debug_frame   0x00000754       0x50 Drivers\CMSIS\system_stm32h7xx.o
 .debug_frame   0x000007a4      0x3ac Drivers\STM32H7xx_HAL_Driver\stm32h7xx_hal.o
 .debug_frame   0x00000b50      0x32c Drivers\STM32H7xx_HAL_Driver\stm32h7xx_hal_adc.o
 .debug_frame   0x00000e7c      0x35c Drivers\STM32H7xx_HAL_Driver\stm32h7xx_hal_adc_ex.o
 .debug_frame   0x000011d8      0x188 Drivers\STM32H7xx_HAL_Driver\stm32h7xx_hal_cortex.o
 .debug_frame   0x00001360      0x204 Drivers\STM32H7xx_HAL_Driver\stm32h7xx_hal_dma.o
 .debug_frame   0x00001564       0xd8 Drivers\STM32H7xx_HAL_Driver\stm32h7xx_hal_gpio.o
 .debug_frame   0x0000163c      0x168 Drivers\STM32H7xx_HAL_Driver\stm32h7xx_hal_rcc.o
 .debug_frame   0x000017a4      0x28c Drivers\STM32H7xx_HAL_Driver\stm32h7xx_hal_rcc_ex.o
 .debug_frame   0x00001a30      0x570 Drivers\STM32H7xx_HAL_Driver\stm32h7xx_hal_spi.o
 .debug_frame   0x00001fa0      0xa20 Drivers\STM32H7xx_HAL_Driver\stm32h7xx_hal_tim.o
 .debug_frame   0x000029c0      0x420 Drivers\STM32H7xx_HAL_Driver\stm32h7xx_hal_tim_ex.o
 .debug_frame   0x00002de0      0x5e0 Drivers\STM32H7xx_HAL_Driver\stm32h7xx_hal_uart.o
 .debug_frame   0x000033c0       0xd0 Drivers\STM32H7xx_HAL_Driver\stm32h7xx_hal_uart_ex.o
 .debug_frame   0x00003490      0x520 Middlewares\FreeRTOS\cmsis_os.o
 .debug_frame   0x000039b0       0x98 Middlewares\FreeRTOS\heap_4.o
 .debug_frame   0x00003a48       0x88 Middlewares\FreeRTOS\list.o
 .debug_frame   0x00003ad0      0x104 Middlewares\FreeRTOS\port.o
 .debug_frame   0x00003bd4      0x2c4 Middlewares\FreeRTOS\queue.o
 .debug_frame   0x00003e98      0x518 Middlewares\FreeRTOS\tasks.o
 .debug_frame   0x000043b0       0x2c c:/program files (x86)/atollic/truestudio for stm32 9.0.0/armtools/bin/../lib/gcc/arm-atollic-eabi/6.3.1/../../../../arm-atollic-eabi/lib/armv7e-m/fpu/fpv5-d16\libc.a(lib_a-init.o)
 .debug_frame   0x000043dc       0x28 c:/program files (x86)/atollic/truestudio for stm32 9.0.0/armtools/bin/../lib/gcc/arm-atollic-eabi/6.3.1/../../../../arm-atollic-eabi/lib/armv7e-m/fpu/fpv5-d16\libc.a(lib_a-memcpy-stub.o)
 .debug_frame   0x00004404       0x2c c:/program files (x86)/atollic/truestudio for stm32 9.0.0/armtools/bin/../lib/gcc/arm-atollic-eabi/6.3.1/armv7e-m/fpu/fpv5-d16\libgcc.a(_aeabi_uldivmod.o)
 .debug_frame   0x00004430       0x34 c:/program files (x86)/atollic/truestudio for stm32 9.0.0/armtools/bin/../lib/gcc/arm-atollic-eabi/6.3.1/armv7e-m/fpu/fpv5-d16\libgcc.a(_udivmoddi4.o)

.stabstr        0x00000000       0x76
 .stabstr       0x00000000       0x76 c:/program files (x86)/atollic/truestudio for stm32 9.0.0/armtools/bin/../lib/gcc/arm-atollic-eabi/6.3.1/../../../../arm-atollic-eabi/lib/armv7e-m/fpu/fpv5-d16\libnosys.a(getpid.o)

Cross Reference Table

Symbol                                            File
ADC3_IRQHandler                                   Application\TrueSTUDIO\startup_stm32h743xx.o
ADC_ConversionStop                                Drivers\STM32H7xx_HAL_Driver\stm32h7xx_hal_adc.o
                                                  Drivers\STM32H7xx_HAL_Driver\stm32h7xx_hal_adc_ex.o
ADC_DMAConvCplt                                   Drivers\STM32H7xx_HAL_Driver\stm32h7xx_hal_adc.o
                                                  Drivers\STM32H7xx_HAL_Driver\stm32h7xx_hal_adc_ex.o
ADC_DMAError                                      Drivers\STM32H7xx_HAL_Driver\stm32h7xx_hal_adc.o
                                                  Drivers\STM32H7xx_HAL_Driver\stm32h7xx_hal_adc_ex.o
ADC_DMAHalfConvCplt                               Drivers\STM32H7xx_HAL_Driver\stm32h7xx_hal_adc.o
                                                  Drivers\STM32H7xx_HAL_Driver\stm32h7xx_hal_adc_ex.o
ADC_Disable                                       Drivers\STM32H7xx_HAL_Driver\stm32h7xx_hal_adc.o
                                                  Drivers\STM32H7xx_HAL_Driver\stm32h7xx_hal_adc_ex.o
ADC_Enable                                        Drivers\STM32H7xx_HAL_Driver\stm32h7xx_hal_adc.o
                                                  Drivers\STM32H7xx_HAL_Driver\stm32h7xx_hal_adc_ex.o
ADC_IRQHandler                                    Application\TrueSTUDIO\startup_stm32h743xx.o
BDMA_Channel0_IRQHandler                          Application\TrueSTUDIO\startup_stm32h743xx.o
BDMA_Channel1_IRQHandler                          Application\TrueSTUDIO\startup_stm32h743xx.o
BDMA_Channel2_IRQHandler                          Application\TrueSTUDIO\startup_stm32h743xx.o
BDMA_Channel3_IRQHandler                          Application\TrueSTUDIO\startup_stm32h743xx.o
BDMA_Channel4_IRQHandler                          Application\TrueSTUDIO\startup_stm32h743xx.o
BDMA_Channel5_IRQHandler                          Application\TrueSTUDIO\startup_stm32h743xx.o
BDMA_Channel6_IRQHandler                          Application\TrueSTUDIO\startup_stm32h743xx.o
BDMA_Channel7_IRQHandler                          Application\TrueSTUDIO\startup_stm32h743xx.o
BusFault_Handler                                  Application\User\stm32h7xx_it.o
                                                  Application\TrueSTUDIO\startup_stm32h743xx.o
CEC_IRQHandler                                    Application\TrueSTUDIO\startup_stm32h743xx.o