Archive member included to satisfy reference by file (symbol)

c:/program files (x86)/atollic/truestudio for stm32 9.0.0/armtools/bin/../lib/gcc/arm-atollic-eabi/6.3.1/../../../../arm-atollic-eabi/lib/armv7e-m/fpu/fpv5-d16\libstdc++.a(atexit_arm.o)
                              Application\User\main.o (__aeabi_atexit)
c:/program files (x86)/atollic/truestudio for stm32 9.0.0/armtools/bin/../lib/gcc/arm-atollic-eabi/6.3.1/../../../../arm-atollic-eabi/lib/armv7e-m/fpu/fpv5-d16\libc.a(lib_a-cxa_atexit.o)
                              c:/program files (x86)/atollic/truestudio for stm32 9.0.0/armtools/bin/../lib/gcc/arm-atollic-eabi/6.3.1/../../../../arm-atollic-eabi/lib/armv7e-m/fpu/fpv5-d16\libstdc++.a(atexit_arm.o) (__cxa_atexit)
c:/program files (x86)/atollic/truestudio for stm32 9.0.0/armtools/bin/../lib/gcc/arm-atollic-eabi/6.3.1/../../../../arm-atollic-eabi/lib/armv7e-m/fpu/fpv5-d16\libc.a(lib_a-init.o)
                              Application\TrueSTUDIO\startup_stm32h743xx.o (__libc_init_array)
c:/program files (x86)/atollic/truestudio for stm32 9.0.0/armtools/bin/../lib/gcc/arm-atollic-eabi/6.3.1/../../../../arm-atollic-eabi/lib/armv7e-m/fpu/fpv5-d16\libc.a(lib_a-memcpy-stub.o)
                              Middlewares\FreeRTOS\queue.o (memcpy)
c:/program files (x86)/atollic/truestudio for stm32 9.0.0/armtools/bin/../lib/gcc/arm-atollic-eabi/6.3.1/../../../../arm-atollic-eabi/lib/armv7e-m/fpu/fpv5-d16\libc.a(lib_a-on_exit_args.o)
                              c:/program files (x86)/atollic/truestudio for stm32 9.0.0/armtools/bin/../lib/gcc/arm-atollic-eabi/6.3.1/../../../../arm-atollic-eabi/lib/armv7e-m/fpu/fpv5-d16\libc.a(lib_a-cxa_atexit.o) (__on_exit_args)
c:/program files (x86)/atollic/truestudio for stm32 9.0.0/armtools/bin/../lib/gcc/arm-atollic-eabi/6.3.1/../../../../arm-atollic-eabi/lib/armv7e-m/fpu/fpv5-d16\libc.a(lib_a-__atexit.o)
                              c:/program files (x86)/atollic/truestudio for stm32 9.0.0/armtools/bin/../lib/gcc/arm-atollic-eabi/6.3.1/../../../../arm-atollic-eabi/lib/armv7e-m/fpu/fpv5-d16\libc.a(lib_a-cxa_atexit.o) (__register_exitproc)
c:/program files (x86)/atollic/truestudio for stm32 9.0.0/armtools/bin/../lib/gcc/arm-atollic-eabi/6.3.1/../../../../arm-atollic-eabi/lib/armv7e-m/fpu/fpv5-d16\libc.a(lib_a-__call_atexit.o)
                              c:/program files (x86)/atollic/truestudio for stm32 9.0.0/armtools/bin/../lib/gcc/arm-atollic-eabi/6.3.1/../../../../arm-atollic-eabi/lib/armv7e-m/fpu/fpv5-d16\libc.a(lib_a-__atexit.o) (__atexit_recursive_mutex)
c:/program files (x86)/atollic/truestudio for stm32 9.0.0/armtools/bin/../lib/gcc/arm-atollic-eabi/6.3.1/../../../../arm-atollic-eabi/lib/armv7e-m/fpu/fpv5-d16\libc.a(lib_a-impure.o)
                              c:/program files (x86)/atollic/truestudio for stm32 9.0.0/armtools/bin/../lib/gcc/arm-atollic-eabi/6.3.1/../../../../arm-atollic-eabi/lib/armv7e-m/fpu/fpv5-d16\libc.a(lib_a-__atexit.o) (_global_impure_ptr)
c:/program files (x86)/atollic/truestudio for stm32 9.0.0/armtools/bin/../lib/gcc/arm-atollic-eabi/6.3.1/../../../../arm-atollic-eabi/lib/armv7e-m/fpu/fpv5-d16\libc.a(lib_a-lock.o)
                              c:/program files (x86)/atollic/truestudio for stm32 9.0.0/armtools/bin/../lib/gcc/arm-atollic-eabi/6.3.1/../../../../arm-atollic-eabi/lib/armv7e-m/fpu/fpv5-d16\libc.a(lib_a-__atexit.o) (__retarget_lock_acquire_recursive)
c:/program files (x86)/atollic/truestudio for stm32 9.0.0/armtools/bin/../lib/gcc/arm-atollic-eabi/6.3.1/armv7e-m/fpu/fpv5-d16\libgcc.a(_aeabi_uldivmod.o)
                              Drivers\STM32H7xx_HAL_Driver\stm32h7xx_hal_uart.o (__aeabi_uldivmod)
c:/program files (x86)/atollic/truestudio for stm32 9.0.0/armtools/bin/../lib/gcc/arm-atollic-eabi/6.3.1/armv7e-m/fpu/fpv5-d16\libgcc.a(_udivmoddi4.o)
                              c:/program files (x86)/atollic/truestudio for stm32 9.0.0/armtools/bin/../lib/gcc/arm-atollic-eabi/6.3.1/armv7e-m/fpu/fpv5-d16\libgcc.a(_aeabi_uldivmod.o) (__udivmoddi4)
c:/program files (x86)/atollic/truestudio for stm32 9.0.0/armtools/bin/../lib/gcc/arm-atollic-eabi/6.3.1/armv7e-m/fpu/fpv5-d16\libgcc.a(unwind-arm.o)
                              Application\User\main.o (__aeabi_unwind_cpp_pr0)
c:/program files (x86)/atollic/truestudio for stm32 9.0.0/armtools/bin/../lib/gcc/arm-atollic-eabi/6.3.1/armv7e-m/fpu/fpv5-d16\libgcc.a(libunwind.o)
                              c:/program files (x86)/atollic/truestudio for stm32 9.0.0/armtools/bin/../lib/gcc/arm-atollic-eabi/6.3.1/armv7e-m/fpu/fpv5-d16\libgcc.a(unwind-arm.o) (restore_core_regs)
c:/program files (x86)/atollic/truestudio for stm32 9.0.0/armtools/bin/../lib/gcc/arm-atollic-eabi/6.3.1/armv7e-m/fpu/fpv5-d16\libgcc.a(pr-support.o)
                              c:/program files (x86)/atollic/truestudio for stm32 9.0.0/armtools/bin/../lib/gcc/arm-atollic-eabi/6.3.1/armv7e-m/fpu/fpv5-d16\libgcc.a(unwind-arm.o) (__gnu_unwind_execute)
[...]
Memory Configuration

Name             Origin             Length             Attributes
DTCMRAM          0x20000000         0x00020000         xrw
RAM_D1           0x24000000         0x00080000         xrw
RAM_D2           0x30000000         0x00048000         xrw
RAM_D3           0x38000000         0x00010000         xrw
ITCMRAM          0x00000000         0x00010000         xrw
FLASH            0x08000000         0x00200000         xr
*default*        0x00000000         0xffffffff

Linker script and memory map

LOAD c:/program files (x86)/atollic/truestudio for stm32 9.0.0/armtools/bin/../lib/gcc/arm-atollic-eabi/6.3.1/armv7e-m/fpu/fpv5-d16/crti.o
LOAD c:/program files (x86)/atollic/truestudio for stm32 9.0.0/armtools/bin/../lib/gcc/arm-atollic-eabi/6.3.1/armv7e-m/fpu/fpv5-d16/crtbegin.o
LOAD Application\TrueSTUDIO\startup_stm32h743xx.o
LOAD Application\User\adc.o
LOAD Application\User\dma.o
LOAD Application\User\freertos.o
LOAD Application\User\gpio.o
LOAD Application\User\main.o
LOAD Application\User\spi.o
LOAD Application\User\stm32h7xx_hal_msp.o
LOAD Application\User\stm32h7xx_hal_timebase_TIM.o
LOAD Application\User\stm32h7xx_it.o
LOAD Application\User\usart.o
LOAD Application\isr\uartdmarx.o
LOAD Application\tasks\Imu\imu_mpu9250.o
LOAD Application\tasks\idletasks.o
LOAD Application\tasks\imutask.o
LOAD Application\tasks\uarttasks.o
LOAD Drivers\CMSIS\system_stm32h7xx.o
LOAD Drivers\STM32H7xx_HAL_Driver\stm32h7xx_hal.o
LOAD Drivers\STM32H7xx_HAL_Driver\stm32h7xx_hal_adc.o
LOAD Drivers\STM32H7xx_HAL_Driver\stm32h7xx_hal_adc_ex.o
LOAD Drivers\STM32H7xx_HAL_Driver\stm32h7xx_hal_cortex.o
LOAD Drivers\STM32H7xx_HAL_Driver\stm32h7xx_hal_dma.o
LOAD Drivers\STM32H7xx_HAL_Driver\stm32h7xx_hal_dma_ex.o
LOAD Drivers\STM32H7xx_HAL_Driver\stm32h7xx_hal_flash.o
LOAD Drivers\STM32H7xx_HAL_Driver\stm32h7xx_hal_flash_ex.o
LOAD Drivers\STM32H7xx_HAL_Driver\stm32h7xx_hal_gpio.o
LOAD Drivers\STM32H7xx_HAL_Driver\stm32h7xx_hal_hsem.o
LOAD Drivers\STM32H7xx_HAL_Driver\stm32h7xx_hal_i2c.o
LOAD Drivers\STM32H7xx_HAL_Driver\stm32h7xx_hal_i2c_ex.o
LOAD Drivers\STM32H7xx_HAL_Driver\stm32h7xx_hal_mdma.o
LOAD Drivers\STM32H7xx_HAL_Driver\stm32h7xx_hal_pwr.o
LOAD Drivers\STM32H7xx_HAL_Driver\stm32h7xx_hal_pwr_ex.o
LOAD Drivers\STM32H7xx_HAL_Driver\stm32h7xx_hal_rcc.o
LOAD Drivers\STM32H7xx_HAL_Driver\stm32h7xx_hal_rcc_ex.o
LOAD Drivers\STM32H7xx_HAL_Driver\stm32h7xx_hal_spi.o
LOAD Drivers\STM32H7xx_HAL_Driver\stm32h7xx_hal_spi_ex.o
LOAD Drivers\STM32H7xx_HAL_Driver\stm32h7xx_hal_tim.o
LOAD Drivers\STM32H7xx_HAL_Driver\stm32h7xx_hal_tim_ex.o
LOAD Drivers\STM32H7xx_HAL_Driver\stm32h7xx_hal_uart.o
LOAD Drivers\STM32H7xx_HAL_Driver\stm32h7xx_hal_uart_ex.o
LOAD Middlewares\FreeRTOS\cmsis_os.o
LOAD Middlewares\FreeRTOS\croutine.o
LOAD Middlewares\FreeRTOS\event_groups.o
LOAD Middlewares\FreeRTOS\heap_4.o
LOAD Middlewares\FreeRTOS\list.o
LOAD Middlewares\FreeRTOS\port.o
LOAD Middlewares\FreeRTOS\queue.o
LOAD Middlewares\FreeRTOS\tasks.o
LOAD Middlewares\FreeRTOS\timers.o
                0x00001000                malloc_getpagesize_P = 0x1000
START GROUP
LOAD c:/program files (x86)/atollic/truestudio for stm32 9.0.0/armtools/bin/../lib/gcc/arm-atollic-eabi/6.3.1/../../../../arm-atollic-eabi/lib/armv7e-m/fpu/fpv5-d16\libstdc++.a
LOAD c:/program files (x86)/atollic/truestudio for stm32 9.0.0/armtools/bin/../lib/gcc/arm-atollic-eabi/6.3.1/../../../../arm-atollic-eabi/lib/armv7e-m/fpu/fpv5-d16\libsupc++.a
END GROUP
LOAD c:/program files (x86)/atollic/truestudio for stm32 9.0.0/armtools/bin/../lib/gcc/arm-atollic-eabi/6.3.1/../../../../arm-atollic-eabi/lib/armv7e-m/fpu/fpv5-d16\libstdc++.a
LOAD c:/program files (x86)/atollic/truestudio for stm32 9.0.0/armtools/bin/../lib/gcc/arm-atollic-eabi/6.3.1/../../../../arm-atollic-eabi/lib/armv7e-m/fpu/fpv5-d16\libm.a
LOAD c:/program files (x86)/atollic/truestudio for stm32 9.0.0/armtools/bin/../lib/gcc/arm-atollic-eabi/6.3.1/../../../../arm-atollic-eabi/lib/armv7e-m/fpu/fpv5-d16\libc.a
START GROUP
LOAD c:/program files (x86)/atollic/truestudio for stm32 9.0.0/armtools/bin/../lib/gcc/arm-atollic-eabi/6.3.1/armv7e-m/fpu/fpv5-d16\libgcc.a
LOAD c:/program files (x86)/atollic/truestudio for stm32 9.0.0/armtools/bin/../lib/gcc/arm-atollic-eabi/6.3.1/../../../../arm-atollic-eabi/lib/armv7e-m/fpu/fpv5-d16\libc.a
END GROUP
START GROUP
LOAD c:/program files (x86)/atollic/truestudio for stm32 9.0.0/armtools/bin/../lib/gcc/arm-atollic-eabi/6.3.1/armv7e-m/fpu/fpv5-d16\libgcc.a
LOAD c:/program files (x86)/atollic/truestudio for stm32 9.0.0/armtools/bin/../lib/gcc/arm-atollic-eabi/6.3.1/../../../../arm-atollic-eabi/lib/armv7e-m/fpu/fpv5-d16\libc.a
LOAD c:/program files (x86)/atollic/truestudio for stm32 9.0.0/armtools/bin/../lib/gcc/arm-atollic-eabi/6.3.1/../../../../arm-atollic-eabi/lib/armv7e-m/fpu/fpv5-d16\libnosys.a
END GROUP
LOAD c:/program files (x86)/atollic/truestudio for stm32 9.0.0/armtools/bin/../lib/gcc/arm-atollic-eabi/6.3.1/armv7e-m/fpu/fpv5-d16/crtend.o
LOAD c:/program files (x86)/atollic/truestudio for stm32 9.0.0/armtools/bin/../lib/gcc/arm-atollic-eabi/6.3.1/armv7e-m/fpu/fpv5-d16/crtn.o
                0x20020000                _estack = 0x20020000
                0x00000200                _Min_Heap_Size = 0x200
                0x00000400                _Min_Stack_Size = 0x400

.isr_vector     0x08000000      0x298
                0x08000000                . = ALIGN (0x4)
 *(.isr_vector)
 .isr_vector    0x08000000      0x298 Application\TrueSTUDIO\startup_stm32h743xx.o
                0x08000000                g_pfnVectors
                0x08000298                . = ALIGN (0x4)

.text           0x080002a0     0x7e8c
                0x080002a0                . = ALIGN (0x4)
 *(.text)
 .text          0x080002a0       0x40 c:/program files (x86)/atollic/truestudio for stm32 9.0.0/armtools/bin/../lib/gcc/arm-atollic-eabi/6.3.1/armv7e-m/fpu/fpv5-d16/crtbegin.o
 .text          0x080002e0       0x30 c:/program files (x86)/atollic/truestudio for stm32 9.0.0/armtools/bin/../lib/gcc/arm-atollic-eabi/6.3.1/armv7e-m/fpu/fpv5-d16\libgcc.a(_aeabi_uldivmod.o)
                0x080002e0                __aeabi_uldivmod
 .text          0x08000310      0x2dc c:/program files (x86)/atollic/truestudio for stm32 9.0.0/armtools/bin/../lib/gcc/arm-atollic-eabi/6.3.1/armv7e-m/fpu/fpv5-d16\libgcc.a(_udivmoddi4.o)
                0x08000310                __udivmoddi4
 .text          0x080005ec      0x9cc c:/program files (x86)/atollic/truestudio for stm32 9.0.0/armtools/bin/../lib/gcc/arm-atollic-eabi/6.3.1/armv7e-m/fpu/fpv5-d16\libgcc.a(unwind-arm.o)
                0x080008ac                _Unwind_GetCFA
                0x080008b0                __gnu_Unwind_RaiseException
                0x08000910                __gnu_Unwind_ForcedUnwind
                0x08000924                __gnu_Unwind_Resume
                0x08000968                __gnu_Unwind_Resume_or_Rethrow
                0x08000978                _Unwind_Complete
                0x0800097c                _Unwind_DeleteException
                0x08000988                _Unwind_VRS_Get
                0x080009d4                _Unwind_VRS_Set
                0x08000a24                __gnu_Unwind_Backtrace
                0x08000d64                __aeabi_unwind_cpp_pr0
                0x08000d68                __aeabi_unwind_cpp_pr1
                0x08000d6c                __aeabi_unwind_cpp_pr2
                0x08000d70                _Unwind_VRS_Pop
 .text          0x08000fb8      0x1ac c:/program files (x86)/atollic/truestudio for stm32 9.0.0/armtools/bin/../lib/gcc/arm-atollic-eabi/6.3.1/armv7e-m/fpu/fpv5-d16\libgcc.a(libunwind.o)
                0x08000fb8                __restore_core_regs
                0x08000fb8                restore_core_regs
                0x08000fd0                __gnu_Unwind_Restore_VFP
                0x08000fd8                __gnu_Unwind_Save_VFP
                0x08000fe0                __gnu_Unwind_Restore_VFP_D
                0x08000fe8                __gnu_Unwind_Save_VFP_D
                0x08000ff0                __gnu_Unwind_Restore_VFP_D_16_to_31
                0x08000ff8                __gnu_Unwind_Save_VFP_D_16_to_31
                0x08001000                __gnu_Unwind_Restore_WMMXD
                0x08001044                __gnu_Unwind_Save_WMMXD
                0x08001088                __gnu_Unwind_Restore_WMMXC
                0x0800109c                __gnu_Unwind_Save_WMMXC
                0x080010b0                ___Unwind_RaiseException
                0x080010b0                _Unwind_RaiseException
                0x080010d4                _Unwind_Resume
                0x080010d4                ___Unwind_Resume
                0x080010f8                _Unwind_Resume_or_Rethrow
                0x080010f8                ___Unwind_Resume_or_Rethrow
                0x0800111c                _Unwind_ForcedUnwind
                0x0800111c                ___Unwind_ForcedUnwind
                0x08001140                ___Unwind_Backtrace
                0x08001140                _Unwind_Backtrace
 .text          0x08001164      0x380 c:/program files (x86)/atollic/truestudio for stm32 9.0.0/armtools/bin/../lib/gcc/arm-atollic-eabi/6.3.1/armv7e-m/fpu/fpv5-d16\libgcc.a(pr-support.o)
                0x080011bc                __gnu_unwind_execute
                0x0800148c                __gnu_unwind_frame
                0x080014b4                _Unwind_GetRegionStart
                0x080014c0                _Unwind_GetLanguageSpecificData
                0x080014d4                _Unwind_GetTextRelBase
                0x080014dc                _Unwind_GetDataRelBase
 .text          0x080014e4        0x4 c:/program files (x86)/atollic/truestudio for stm32 9.0.0/armtools/bin/../lib/gcc/arm-atollic-eabi/6.3.1/armv7e-m/fpu/fpv5-d16\libgcc.a(_dvmd_tls.o)
                0x080014e4                __aeabi_idiv0
                0x080014e4                __aeabi_ldiv0
 *(.text*)
 .text.Reset_Handler
                0x080014e8       0x50 Application\TrueSTUDIO\startup_stm32h743xx.o
                0x080014e8                Reset_Handler
 .text.Default_Handler
                0x08001538        0x2 Application\TrueSTUDIO\startup_stm32h743xx.o
                0x08001538                RTC_Alarm_IRQHandler
                0x08001538                EXTI2_IRQHandler
                0x08001538                TIM8_CC_IRQHandler
                0x08001538                HRTIM1_Master_IRQHandler
                0x08001538                SPI4_IRQHandler
                0x08001538                TIM1_CC_IRQHandler
                0x08001538                BDMA_Channel6_IRQHandler
                0x08001538                DMA2_Stream5_IRQHandler
                0x08001538                HRTIM1_FLT_IRQHandler
                0x08001538                JPEG_IRQHandler
                0x08001538                DMA1_Stream5_IRQHandler
                0x08001538                BDMA_Channel1_IRQHandler
                0x08001538                HRTIM1_TIMD_IRQHandler
                0x08001538                TAMP_STAMP_IRQHandler
                0x08001538                EXTI3_IRQHandler
                0x08001538                LPTIM4_IRQHandler
                0x08001538                TIM8_TRG_COM_TIM14_IRQHandler
                0x08001538                LPTIM2_IRQHandler
                0x08001538                DFSDM1_FLT1_IRQHandler
                0x08001538                DMAMUX2_OVR_IRQHandler
                0x08001538                TIM8_UP_TIM13_IRQHandler
                0x08001538                I2C3_ER_IRQHandler
                0x08001538                DFSDM1_FLT2_IRQHandler
                0x08001538                MDMA_IRQHandler
                0x08001538                LPTIM3_IRQHandler
                0x08001538                HSEM1_IRQHandler
                0x08001538                EXTI0_IRQHandler
                0x08001538                I2C2_EV_IRQHandler
                0x08001538                DMA1_Stream2_IRQHandler
                0x08001538                FPU_IRQHandler
                0x08001538                OTG_HS_WKUP_IRQHandler
                0x08001538                FDCAN1_IT1_IRQHandler
                0x08001538                LTDC_ER_IRQHandler
                0x08001538                DMA2_Stream2_IRQHandler
                0x08001538                HRTIM1_TIME_IRQHandler
                0x08001538                SPI1_IRQHandler
                0x08001538                TIM6_DAC_IRQHandler
                0x08001538                DCMI_IRQHandler
                0x08001538                HRTIM1_TIMC_IRQHandler
                0x08001538                DMA2_Stream3_IRQHandler
                0x08001538                SAI2_IRQHandler
                0x08001538                DFSDM1_FLT3_IRQHandler
                0x08001538                USART6_IRQHandler
                0x08001538                TIM17_IRQHandler
                0x08001538                BDMA_Channel7_IRQHandler
                0x08001538                LPTIM5_IRQHandler
                0x08001538                ADC3_IRQHandler
                0x08001538                DMA2_Stream0_IRQHandler
                0x08001538                BDMA_Channel2_IRQHandler
                0x08001538                QUADSPI_IRQHandler
                0x08001538                I2C1_EV_IRQHandler
                0x08001538                DMA1_Stream6_IRQHandler
                0x08001538                DMAMUX1_OVR_IRQHandler
                0x08001538                DMA1_Stream1_IRQHandler
                0x08001538                TIM16_IRQHandler
                0x08001538                BDMA_Channel5_IRQHandler
                0x08001538                TIM3_IRQHandler
                0x08001538                RCC_IRQHandler
                0x08001538                TIM8_BRK_TIM12_IRQHandler
                0x08001538                TIM1_TRG_COM_IRQHandler
                0x08001538                Default_Handler
                0x08001538                CEC_IRQHandler
                0x08001538                EXTI15_10_IRQHandler
                0x08001538                BDMA_Channel0_IRQHandler
                0x08001538                ADC_IRQHandler
                0x08001538                DMA1_Stream7_IRQHandler
                0x08001538                HRTIM1_TIMA_IRQHandler
                0x08001538                SPI5_IRQHandler
                0x08001538                TIM7_IRQHandler
                0x08001538                SDMMC1_IRQHandler
                0x08001538                TIM5_IRQHandler
                0x08001538                DMA2_Stream7_IRQHandler
                0x08001538                TIM15_IRQHandler
                0x08001538                PVD_AVD_IRQHandler
                0x08001538                I2C3_EV_IRQHandler
                0x08001538                EXTI9_5_IRQHandler
                0x08001538                RTC_WKUP_IRQHandler
                0x08001538                LTDC_IRQHandler
                0x08001538                SAI3_IRQHandler
                0x08001538                ETH_WKUP_IRQHandler
                0x08001538                SPDIF_RX_IRQHandler
                0x08001538                SPI2_IRQHandler
                0x08001538                OTG_HS_EP1_IN_IRQHandler
                0x08001538                DMA1_Stream0_IRQHandler
                0x08001538                CRS_IRQHandler
                0x08001538                EXTI4_IRQHandler
                0x08001538                RNG_IRQHandler
                0x08001538                HRTIM1_TIMB_IRQHandler
                0x08001538                FDCAN2_IT1_IRQHandler
                0x08001538                ETH_IRQHandler
                0x08001538                TIM1_UP_IRQHandler
                0x08001538                BDMA_Channel4_IRQHandler
                0x08001538                OTG_HS_EP1_OUT_IRQHandler
                0x08001538                WWDG_IRQHandler
                0x08001538                SPI6_IRQHandler
                0x08001538                MDIOS_IRQHandler
                0x08001538                I2C4_EV_IRQHandler
                0x08001538                FDCAN2_IT0_IRQHandler
                0x08001538                LPUART1_IRQHandler
                0x08001538                FDCAN1_IT0_IRQHandler
                0x08001538                TIM2_IRQHandler
                0x08001538                OTG_FS_WKUP_IRQHandler
                0x08001538                OTG_HS_IRQHandler
                0x08001538                DMA2D_IRQHandler
                0x08001538                TIM1_BRK_IRQHandler
                0x08001538                EXTI1_IRQHandler
                0x08001538                SDMMC2_IRQHandler
                0x08001538                OTG_FS_EP1_OUT_IRQHandler
                0x08001538                BDMA_Channel3_IRQHandler
                0x08001538                MDIOS_WKUP_IRQHandler
                0x08001538                DFSDM1_FLT0_IRQHandler
                0x08001538                SAI4_IRQHandler
                0x08001538                I2C2_ER_IRQHandler
                0x08001538                DMA2_Stream1_IRQHandler
                0x08001538                FLASH_IRQHandler
                0x08001538                DMA2_Stream4_IRQHandler
                0x08001538                OTG_FS_IRQHandler
                0x08001538                SPI3_IRQHandler
                0x08001538                WAKEUP_PIN_IRQHandler
                0x08001538                DMA1_Stream4_IRQHandler
                0x08001538                OTG_FS_EP1_IN_IRQHandler
                0x08001538                I2C1_ER_IRQHandler
                0x08001538                FMC_IRQHandler
                0x08001538                FDCAN_CAL_IRQHandler
                0x08001538                SWPMI1_IRQHandler
                0x08001538                COMP1_IRQHandler
                0x08001538                LPTIM1_IRQHandler
                0x08001538                I2C4_ER_IRQHandler
                0x08001538                DMA2_Stream6_IRQHandler
                0x08001538                SAI1_IRQHandler
                0x08001538                DMA1_Stream3_IRQHandler
 *fill*         0x0800153a        0x2 
 .text.MX_ADC1_Init
                0x0800153c       0x98 Application\User\adc.o
                0x0800153c                MX_ADC1_Init
 .text.HAL_ADC_MspInit
                0x080015d4       0x4c Application\User\adc.o
                0x080015d4                HAL_ADC_MspInit
 .text.MX_DMA_Init
                0x08001620       0x70 Application\User\dma.o
                0x08001620                MX_DMA_Init
 .text.StartidleTask
                0x08001690        0xc Application\User\freertos.o
                0x08001690                StartidleTask
 .text.MX_FREERTOS_Init
                0x0800169c      0x1b8 Application\User\freertos.o
                0x0800169c                MX_FREERTOS_Init
 .text.MX_GPIO_Init
                0x08001854       0xd4 Application\User\gpio.o
                0x08001854                MX_GPIO_Init
 .text._ZN3ImuD2Ev
                0x08001928        0x4 Application\User\main.o
                0x08001928                Imu::~Imu()
                0x08001928                Imu::~Imu()
 .text._Z18SystemClock_Configv
                0x0800192c      0x100 Application\User\main.o
                0x0800192c                SystemClock_Config()
 .text.startup.main
                0x08001a2c       0xfc Application\User\main.o
                0x08001a2c                main
 .text.HAL_TIM_PeriodElapsedCallback
                0x08001b28       0x14 Application\User\main.o
                0x08001b28                HAL_TIM_PeriodElapsedCallback
 .text._Error_Handler
                0x08001b3c        0x4 Application\User\main.o
                0x08001b3c                _Error_Handler
 .text.startup._GLOBAL__sub_I_imu_
                0x08001b40       0x18 Application\User\main.o
 .text.MX_SPI3_Init
                0x08001b58       0x68 Application\User\spi.o
                0x08001b58                MX_SPI3_Init
 .text.HAL_SPI_MspInit
                0x08001bc0       0x54 Application\User\spi.o
                0x08001bc0                HAL_SPI_MspInit
 .text.HAL_MspInit
                0x08001c14       0x84 Application\User\stm32h7xx_hal_msp.o
                0x08001c14                HAL_MspInit
 .text.HAL_InitTick
                0x08001c98       0x84 Application\User\stm32h7xx_hal_timebase_TIM.o
                0x08001c98                HAL_InitTick
 .text.NMI_Handler
                0x08001d1c        0x4 Application\User\stm32h7xx_it.o
                0x08001d1c                NMI_Handler
 .text.HardFault_Handler
                0x08001d20        0x4 Application\User\stm32h7xx_it.o
                0x08001d20                HardFault_Handler
 .text.MemManage_Handler
                0x08001d24        0x4 Application\User\stm32h7xx_it.o
                0x08001d24                MemManage_Handler
 .text.BusFault_Handler
                0x08001d28        0x4 Application\User\stm32h7xx_it.o
                0x08001d28                BusFault_Handler
 .text.UsageFault_Handler
                0x08001d2c        0x4 Application\User\stm32h7xx_it.o
                0x08001d2c                UsageFault_Handler
 .text.DebugMon_Handler
                0x08001d30        0x4 Application\User\stm32h7xx_it.o
                0x08001d30                DebugMon_Handler
 .text.SysTick_Handler
                0x08001d34        0x4 Application\User\stm32h7xx_it.o
                0x08001d34                SysTick_Handler
 .text.TIM4_IRQHandler
                0x08001d38        0xc Application\User\stm32h7xx_it.o
                0x08001d38                TIM4_IRQHandler
 .text.USART1_IRQHandler
                0x08001d44        0xc Application\User\stm32h7xx_it.o
                0x08001d44                USART1_IRQHandler
 .text.USART2_IRQHandler
                0x08001d50        0xc Application\User\stm32h7xx_it.o
                0x08001d50                USART2_IRQHandler
 .text.USART3_IRQHandler
                0x08001d5c        0xc Application\User\stm32h7xx_it.o
                0x08001d5c                USART3_IRQHandler
 .text.UART4_IRQHandler
                0x08001d68        0xc Application\User\stm32h7xx_it.o
                0x08001d68                UART4_IRQHandler
 .text.UART5_IRQHandler
                0x08001d74        0xc Application\User\stm32h7xx_it.o
                0x08001d74                UART5_IRQHandler
 .text.UART7_IRQHandler
                0x08001d80        0xc Application\User\stm32h7xx_it.o
                0x08001d80                UART7_IRQHandler
 .text.UART8_IRQHandler
                0x08001d8c        0xc Application\User\stm32h7xx_it.o
                0x08001d8c                UART8_IRQHandler
 .text.MX_UART4_Init
                0x08001d98       0x58 Application\User\usart.o
                0x08001d98                MX_UART4_Init
 .text.MX_UART5_Init
                0x08001df0       0x58 Application\User\usart.o
                0x08001df0                MX_UART5_Init
 .text.MX_UART7_Init
                0x08001e48       0x58 Application\User\usart.o
                0x08001e48                MX_UART7_Init
 .text.MX_UART8_Init
                0x08001ea0       0x64 Application\User\usart.o
                0x08001ea0                MX_UART8_Init
 .text.MX_USART1_UART_Init
                0x08001f04       0x58 Application\User\usart.o
                0x08001f04                MX_USART1_UART_Init
 .text.MX_USART2_UART_Init
                0x08001f5c       0x58 Application\User\usart.o
                0x08001f5c                MX_USART2_UART_Init
 .text.MX_USART3_UART_Init
                0x08001fb4       0x58 Application\User\usart.o
                0x08001fb4                MX_USART3_UART_Init
 .text.HAL_UART_MspInit
                0x0800200c      0x258 Application\User\usart.o
                0x0800200c                HAL_UART_MspInit
 .text.HAL_UART_ErrorCallback
                0x08002264        0x4 Application\isr\uartdmarx.o
                0x08002264                HAL_UART_ErrorCallback
 .text.HAL_UART_RxCpltCallback
                0x08002268      0x2b4 Application\isr\uartdmarx.o
                0x08002268                HAL_UART_RxCpltCallback
 .text._ZN3Imu8mpuWriteEhh
                0x0800251c       0x50 Application\tasks\Imu\imu_mpu9250.o
                0x0800251c                Imu::mpuWrite(unsigned char, unsigned char)
 .text._ZN3Imu8gyroInitEv
                0x0800256c       0x4c Application\tasks\Imu\imu_mpu9250.o
                0x0800256c                Imu::gyroInit()
 .text._ZN3Imu7accInitEv
                0x080025b8       0x28 Application\tasks\Imu\imu_mpu9250.o
                0x080025b8                Imu::accInit()
 .text._ZN3Imu7magInitEv
                0x080025e0       0xe0 Application\tasks\Imu\imu_mpu9250.o
                0x080025e0                Imu::magInit()
 .text._ZN3Imu4initEP19__SPI_HandleTypeDef
                0x080026c0       0x60 Application\tasks\Imu\imu_mpu9250.o
                0x080026c0                Imu::init(__SPI_HandleTypeDef*)
 .text.StartLED1Task
                0x08002720       0x1c Application\tasks\idletasks.o
                0x08002720                StartLED1Task
 .text.StartLED2Task
                0x0800273c       0x1c Application\tasks\idletasks.o
                0x0800273c                StartLED2Task
 .text.StartJ1uartport
                0x08002758       0x94 Application\tasks\uarttasks.o
                0x08002758                StartJ1uartport
 .text.StartJ2uartport
                0x080027ec       0x98 Application\tasks\uarttasks.o
                0x080027ec                StartJ2uartport
 .text.StartJ3uartport
                0x08002884       0x94 Application\tasks\uarttasks.o
                0x08002884                StartJ3uartport
 .text.StartJ4uartport
                0x08002918       0x94 Application\tasks\uarttasks.o
                0x08002918                StartJ4uartport
 .text.StartJ5uartport
                0x080029ac       0x94 Application\tasks\uarttasks.o
                0x080029ac                StartJ5uartport
 .text.StartJ6uartport
                0x08002a40       0x94 Application\tasks\uarttasks.o
                0x08002a40                StartJ6uartport
 .text.SystemInit
                0x08002ad4       0x64 Drivers\CMSIS\system_stm32h7xx.o
                0x08002ad4                SystemInit
 .text.HAL_Init
                0x08002b38       0x28 Drivers\STM32H7xx_HAL_Driver\stm32h7xx_hal.o
                0x08002b38                HAL_Init
 .text.HAL_IncTick
                0x08002b60       0x18 Drivers\STM32H7xx_HAL_Driver\stm32h7xx_hal.o
                0x08002b60                HAL_IncTick
 .text.HAL_GetTick
                0x08002b78        0xc Drivers\STM32H7xx_HAL_Driver\stm32h7xx_hal.o
                0x08002b78                HAL_GetTick
 .text.HAL_Delay
                0x08002b84       0x24 Drivers\STM32H7xx_HAL_Driver\stm32h7xx_hal.o
                0x08002b84                HAL_Delay
 .text.HAL_ADC_Init
                0x08002ba8      0x2ac Drivers\STM32H7xx_HAL_Driver\stm32h7xx_hal_adc.o
                0x08002ba8                HAL_ADC_Init
 .text.HAL_ADC_ConfigChannel
                0x08002e54      0x59c Drivers\STM32H7xx_HAL_Driver\stm32h7xx_hal_adc.o
                0x08002e54                HAL_ADC_ConfigChannel
 .text.HAL_ADCEx_MultiModeConfigChannel
                0x080033f0       0xf0 Drivers\STM32H7xx_HAL_Driver\stm32h7xx_hal_adc_ex.o
                0x080033f0                HAL_ADCEx_MultiModeConfigChannel
 .text.HAL_NVIC_SetPriorityGrouping
                0x080034e0       0x28 Drivers\STM32H7xx_HAL_Driver\stm32h7xx_hal_cortex.o
                0x080034e0                HAL_NVIC_SetPriorityGrouping
 .text.HAL_NVIC_SetPriority
                0x08003508       0x74 Drivers\STM32H7xx_HAL_Driver\stm32h7xx_hal_cortex.o
                0x08003508                HAL_NVIC_SetPriority
 .text.HAL_NVIC_EnableIRQ
                0x0800357c       0x1c Drivers\STM32H7xx_HAL_Driver\stm32h7xx_hal_cortex.o
                0x0800357c                HAL_NVIC_EnableIRQ
 .text.HAL_SYSTICK_Config
                0x08003598       0x30 Drivers\STM32H7xx_HAL_Driver\stm32h7xx_hal_cortex.o
                0x08003598                HAL_SYSTICK_Config
 .text.HAL_SYSTICK_CLKSourceConfig
                0x080035c8       0x18 Drivers\STM32H7xx_HAL_Driver\stm32h7xx_hal_cortex.o
                0x080035c8                HAL_SYSTICK_CLKSourceConfig
 .text.DMA_CalcDMAMUXChannelBaseAndMask
                0x080035e0       0x84 Drivers\STM32H7xx_HAL_Driver\stm32h7xx_hal_dma.o
 .text.HAL_DMA_Init
                0x08003664      0x270 Drivers\STM32H7xx_HAL_Driver\stm32h7xx_hal_dma.o
                0x08003664                HAL_DMA_Init
 .text.HAL_DMA_Abort_IT
                0x080038d4       0x9c Drivers\STM32H7xx_HAL_Driver\stm32h7xx_hal_dma.o
                0x080038d4                HAL_DMA_Abort_IT
 .text.HAL_GPIO_Init
                0x08003970      0x25c Drivers\STM32H7xx_HAL_Driver\stm32h7xx_hal_gpio.o
                0x08003970                HAL_GPIO_Init
 .text.HAL_GPIO_WritePin
                0x08003bcc        0xc Drivers\STM32H7xx_HAL_Driver\stm32h7xx_hal_gpio.o
                0x08003bcc                HAL_GPIO_WritePin
 .text.HAL_GPIO_TogglePin
                0x08003bd8        0x8 Drivers\STM32H7xx_HAL_Driver\stm32h7xx_hal_gpio.o
                0x08003bd8                HAL_GPIO_TogglePin
 .text.HAL_RCC_OscConfig
                0x08003be0      0x510 Drivers\STM32H7xx_HAL_Driver\stm32h7xx_hal_rcc.o
                0x08003be0                HAL_RCC_OscConfig
 .text.HAL_RCC_GetSysClockFreq
                0x080040f0      0x134 Drivers\STM32H7xx_HAL_Driver\stm32h7xx_hal_rcc.o
                0x080040f0                HAL_RCC_GetSysClockFreq
 .text.HAL_RCC_ClockConfig
                0x08004224      0x1b8 Drivers\STM32H7xx_HAL_Driver\stm32h7xx_hal_rcc.o
                0x08004224                HAL_RCC_ClockConfig
 .text.HAL_RCC_GetHCLKFreq
                0x080043dc       0x34 Drivers\STM32H7xx_HAL_Driver\stm32h7xx_hal_rcc.o
                0x080043dc                HAL_RCC_GetHCLKFreq
 .text.HAL_RCC_GetPCLK1Freq
                0x08004410       0x2c Drivers\STM32H7xx_HAL_Driver\stm32h7xx_hal_rcc.o
                0x08004410                HAL_RCC_GetPCLK1Freq
 .text.HAL_RCC_GetPCLK2Freq
                0x0800443c       0x2c Drivers\STM32H7xx_HAL_Driver\stm32h7xx_hal_rcc.o
                0x0800443c                HAL_RCC_GetPCLK2Freq
 .text.HAL_RCC_GetClockConfig
                0x08004468       0x58 Drivers\STM32H7xx_HAL_Driver\stm32h7xx_hal_rcc.o
                0x08004468                HAL_RCC_GetClockConfig
 .text.RCCEx_PLL2_Config
                0x080044c0       0xb8 Drivers\STM32H7xx_HAL_Driver\stm32h7xx_hal_rcc_ex.o
 .text.RCCEx_PLL3_Config
                0x08004578       0xb8 Drivers\STM32H7xx_HAL_Driver\stm32h7xx_hal_rcc_ex.o
 .text.HAL_RCCEx_PeriphCLKConfig
                0x08004630      0xbbc Drivers\STM32H7xx_HAL_Driver\stm32h7xx_hal_rcc_ex.o
                0x08004630                HAL_RCCEx_PeriphCLKConfig
 .text.HAL_RCCEx_GetD3PCLK1Freq
                0x080051ec       0x2c Drivers\STM32H7xx_HAL_Driver\stm32h7xx_hal_rcc_ex.o
                0x080051ec                HAL_RCCEx_GetD3PCLK1Freq
 .text.HAL_RCCEx_GetPLL2ClockFreq
                0x08005218      0x13c Drivers\STM32H7xx_HAL_Driver\stm32h7xx_hal_rcc_ex.o
                0x08005218                HAL_RCCEx_GetPLL2ClockFreq
 .text.HAL_RCCEx_GetPLL3ClockFreq
                0x08005354      0x13c Drivers\STM32H7xx_HAL_Driver\stm32h7xx_hal_rcc_ex.o
                0x08005354                HAL_RCCEx_GetPLL3ClockFreq
 .text.HAL_RCCEx_GetD1SysClockFreq
                0x08005490       0x34 Drivers\STM32H7xx_HAL_Driver\stm32h7xx_hal_rcc_ex.o
                0x08005490                HAL_RCCEx_GetD1SysClockFreq
 .text.SPI_CloseTransfer
                0x080054c4       0xb8 Drivers\STM32H7xx_HAL_Driver\stm32h7xx_hal_spi.o
 .text.HAL_SPI_Init
                0x0800557c      0x164 Drivers\STM32H7xx_HAL_Driver\stm32h7xx_hal_spi.o
                0x0800557c                HAL_SPI_Init
 .text.HAL_SPI_Transmit
                0x080056e0      0x298 Drivers\STM32H7xx_HAL_Driver\stm32h7xx_hal_spi.o
                0x080056e0                HAL_SPI_Transmit
 .text.HAL_TIM_Base_MspInit
                0x08005978        0x4 Drivers\STM32H7xx_HAL_Driver\stm32h7xx_hal_tim.o
                0x08005978                HAL_TIM_Base_MspInit
 .text.HAL_TIM_Base_Start_IT
                0x0800597c       0x18 Drivers\STM32H7xx_HAL_Driver\stm32h7xx_hal_tim.o
                0x0800597c                HAL_TIM_Base_Start_IT
 .text.HAL_TIM_OC_DelayElapsedCallback
                0x08005994        0x4 Drivers\STM32H7xx_HAL_Driver\stm32h7xx_hal_tim.o
                0x08005994                HAL_TIM_OC_DelayElapsedCallback
 .text.HAL_TIM_IC_CaptureCallback
                0x08005998        0x4 Drivers\STM32H7xx_HAL_Driver\stm32h7xx_hal_tim.o
                0x08005998                HAL_TIM_IC_CaptureCallback
 .text.HAL_TIM_PWM_PulseFinishedCallback
                0x0800599c        0x4 Drivers\STM32H7xx_HAL_Driver\stm32h7xx_hal_tim.o
                0x0800599c                HAL_TIM_PWM_PulseFinishedCallback
 .text.HAL_TIM_TriggerCallback
                0x080059a0        0x4 Drivers\STM32H7xx_HAL_Driver\stm32h7xx_hal_tim.o
                0x080059a0                HAL_TIM_TriggerCallback
 .text.HAL_TIM_IRQHandler
                0x080059a4      0x170 Drivers\STM32H7xx_HAL_Driver\stm32h7xx_hal_tim.o
                0x080059a4                HAL_TIM_IRQHandler
 .text.TIM_Base_SetConfig
                0x08005b14       0xd8 Drivers\STM32H7xx_HAL_Driver\stm32h7xx_hal_tim.o
                0x08005b14                TIM_Base_SetConfig
 .text.HAL_TIM_Base_Init
                0x08005bec       0x38 Drivers\STM32H7xx_HAL_Driver\stm32h7xx_hal_tim.o
                0x08005bec                HAL_TIM_Base_Init
 .text.HAL_TIMEx_CommutationCallback
                0x08005c24        0x4 Drivers\STM32H7xx_HAL_Driver\stm32h7xx_hal_tim_ex.o
                0x08005c24                HAL_TIMEx_CommutationCallback
 .text.HAL_TIMEx_BreakCallback
                0x08005c28        0x4 Drivers\STM32H7xx_HAL_Driver\stm32h7xx_hal_tim_ex.o
                0x08005c28                HAL_TIMEx_BreakCallback
 .text.HAL_UART_Receive_IT
                0x08005c2c       0xb0 Drivers\STM32H7xx_HAL_Driver\stm32h7xx_hal_uart.o
                0x08005c2c                HAL_UART_Receive_IT
 .text.HAL_UART_TxCpltCallback
                0x08005cdc        0x4 Drivers\STM32H7xx_HAL_Driver\stm32h7xx_hal_uart.o
                0x08005cdc                HAL_UART_TxCpltCallback
 .text.UART_Receive_IT
                0x08005ce0       0x7c Drivers\STM32H7xx_HAL_Driver\stm32h7xx_hal_uart.o
 .text.HAL_UART_IRQHandler
                0x08005d5c      0x1f0 Drivers\STM32H7xx_HAL_Driver\stm32h7xx_hal_uart.o
                0x08005d5c                HAL_UART_IRQHandler
 .text.UART_DMAAbortOnError
                0x08005f4c       0x18 Drivers\STM32H7xx_HAL_Driver\stm32h7xx_hal_uart.o
 .text.UART_SetConfig
                0x08005f64      0x710 Drivers\STM32H7xx_HAL_Driver\stm32h7xx_hal_uart.o
                0x08005f64                UART_SetConfig
 .text.UART_AdvFeatureConfig
                0x08006674       0xb0 Drivers\STM32H7xx_HAL_Driver\stm32h7xx_hal_uart.o
                0x08006674                UART_AdvFeatureConfig
 .text.UART_WaitOnFlagUntilTimeout
                0x08006724       0x68 Drivers\STM32H7xx_HAL_Driver\stm32h7xx_hal_uart.o
                0x08006724                UART_WaitOnFlagUntilTimeout
 .text.HAL_UART_Transmit
                0x0800678c       0xbc Drivers\STM32H7xx_HAL_Driver\stm32h7xx_hal_uart.o
                0x0800678c                HAL_UART_Transmit
 .text.HAL_UART_Receive
                0x08006848      0x108 Drivers\STM32H7xx_HAL_Driver\stm32h7xx_hal_uart.o
                0x08006848                HAL_UART_Receive
 .text.UART_CheckIdleState
                0x08006950       0x70 Drivers\STM32H7xx_HAL_Driver\stm32h7xx_hal_uart.o
                0x08006950                UART_CheckIdleState
 .text.HAL_UART_Init
                0x080069c0       0x6c Drivers\STM32H7xx_HAL_Driver\stm32h7xx_hal_uart.o
                0x080069c0                HAL_UART_Init
 .text.HAL_UARTEx_WakeupCallback
                0x08006a2c        0x4 Drivers\STM32H7xx_HAL_Driver\stm32h7xx_hal_uart_ex.o
                0x08006a2c                HAL_UARTEx_WakeupCallback
 .text.osKernelStart
                0x08006a30        0xc Middlewares\FreeRTOS\cmsis_os.o
                0x08006a30                osKernelStart
 .text.osThreadCreate
                0x08006a3c       0x30 Middlewares\FreeRTOS\cmsis_os.o
                0x08006a3c                osThreadCreate
 .text.osDelay  0x08006a6c       0x10 Middlewares\FreeRTOS\cmsis_os.o
                0x08006a6c                osDelay
 .text.osMessageCreate
                0x08006a7c        0x8 Middlewares\FreeRTOS\cmsis_os.o
                0x08006a7c                osMessageCreate
 .text.osSystickHandler
                0x08006a84       0x14 Middlewares\FreeRTOS\cmsis_os.o
                0x08006a84                osSystickHandler
 .text.unlikely.prvInsertBlockIntoFreeList
                0x08006a98       0x50 Middlewares\FreeRTOS\heap_4.o
 .text.pvPortMalloc
                0x08006ae8      0x148 Middlewares\FreeRTOS\heap_4.o
                0x08006ae8                pvPortMalloc
 .text.vPortFree
                0x08006c30       0x78 Middlewares\FreeRTOS\heap_4.o
                0x08006c30                vPortFree
 .text.vListInitialise
                0x08006ca8       0x18 Middlewares\FreeRTOS\list.o
                0x08006ca8                vListInitialise
 .text.vListInitialiseItem
                0x08006cc0        0x8 Middlewares\FreeRTOS\list.o
                0x08006cc0                vListInitialiseItem
 .text.vListInsertEnd
                0x08006cc8       0x20 Middlewares\FreeRTOS\list.o
                0x08006cc8                vListInsertEnd
 .text.vListInsert
                0x08006ce8       0x34 Middlewares\FreeRTOS\list.o
                0x08006ce8                vListInsert
 .text.uxListRemove
                0x08006d1c       0x28 Middlewares\FreeRTOS\list.o
                0x08006d1c                uxListRemove
 .text.prvTaskExitError
                0x08006d44       0x38 Middlewares\FreeRTOS\port.o
 .text.prvPortStartFirstTask
                0x08006d7c       0x20 Middlewares\FreeRTOS\port.o
 .text.vPortEnableVFP
                0x08006d9c       0x14 Middlewares\FreeRTOS\port.o
 .text.pxPortInitialiseStack
                0x08006db0       0x30 Middlewares\FreeRTOS\port.o
                0x08006db0                pxPortInitialiseStack
 .text.SVC_Handler
                0x08006de0       0x24 Middlewares\FreeRTOS\port.o
                0x08006de0                SVC_Handler
 .text.vPortEnterCritical
                0x08006e04       0x4c Middlewares\FreeRTOS\port.o
                0x08006e04                vPortEnterCritical
 .text.vPortExitCritical
                0x08006e50       0x2c Middlewares\FreeRTOS\port.o
                0x08006e50                vPortExitCritical
 *fill*         0x08006e7c        0x4 
 .text.PendSV_Handler
                0x08006e80       0x64 Middlewares\FreeRTOS\port.o
                0x08006e80                PendSV_Handler
 .text.xPortSysTickHandler
                0x08006ee4       0x30 Middlewares\FreeRTOS\port.o
                0x08006ee4                xPortSysTickHandler
 .text.vPortSetupTimerInterrupt
                0x08006f14       0x2c Middlewares\FreeRTOS\port.o
                0x08006f14                vPortSetupTimerInterrupt
 .text.xPortStartScheduler
                0x08006f40       0xa8 Middlewares\FreeRTOS\port.o
                0x08006f40                xPortStartScheduler
 .text.vPortValidateInterruptPriority
                0x08006fe8       0x64 Middlewares\FreeRTOS\port.o
                0x08006fe8                vPortValidateInterruptPriority
 .text.unlikely.prvCopyDataToQueue
                0x0800704c       0x6c Middlewares\FreeRTOS\queue.o
 .text.unlikely.prvCopyDataFromQueue
                0x080070b8       0x26 Middlewares\FreeRTOS\queue.o
 *fill*         0x080070de        0x2 
 .text.prvUnlockQueue
                0x080070e0       0x94 Middlewares\FreeRTOS\queue.o
 .text.xQueueGenericReset
                0x08007174       0x94 Middlewares\FreeRTOS\queue.o
                0x08007174                xQueueGenericReset
 .text.xQueueGenericCreate
                0x08007208       0x48 Middlewares\FreeRTOS\queue.o
                0x08007208                xQueueGenericCreate
 .text.xQueueGenericSendFromISR
                0x08007250       0xe0 Middlewares\FreeRTOS\queue.o
                0x08007250                xQueueGenericSendFromISR
 .text.xQueueGenericReceive
                0x08007330      0x1b4 Middlewares\FreeRTOS\queue.o
                0x08007330                xQueueGenericReceive
 .text.prvAddCurrentTaskToDelayedList
                0x080074e4       0x8c Middlewares\FreeRTOS\tasks.o
 .text.prvResetNextTaskUnblockTime.part.1
                0x08007570       0x18 Middlewares\FreeRTOS\tasks.o
 .text.vTaskSetTimeOutState.part.4
                0x08007588       0x18 Middlewares\FreeRTOS\tasks.o
 .text.xTaskCreate
                0x080075a0      0x1e4 Middlewares\FreeRTOS\tasks.o
                0x080075a0                xTaskCreate
 .text.vTaskStartScheduler
                0x08007784       0x80 Middlewares\FreeRTOS\tasks.o
                0x08007784                vTaskStartScheduler
 .text.vTaskSuspendAll
                0x08007804       0x10 Middlewares\FreeRTOS\tasks.o
                0x08007804                vTaskSuspendAll
 .text.xTaskIncrementTick
                0x08007814      0x154 Middlewares\FreeRTOS\tasks.o
                0x08007814                xTaskIncrementTick
 .text.xTaskResumeAll
                0x08007968      0x118 Middlewares\FreeRTOS\tasks.o
                0x08007968                xTaskResumeAll
 .text.vTaskDelay
                0x08007a80       0x50 Middlewares\FreeRTOS\tasks.o
                0x08007a80                vTaskDelay
 .text.prvIdleTask
                0x08007ad0       0x90 Middlewares\FreeRTOS\tasks.o
 .text.vTaskSwitchContext
                0x08007b60       0x7c Middlewares\FreeRTOS\tasks.o
                0x08007b60                vTaskSwitchContext
 .text.vTaskPlaceOnEventList
                0x08007bdc       0x38 Middlewares\FreeRTOS\tasks.o
                0x08007bdc                vTaskPlaceOnEventList
 .text.xTaskRemoveFromEventList
                0x08007c14       0x90 Middlewares\FreeRTOS\tasks.o
                0x08007c14                xTaskRemoveFromEventList
 .text.vTaskSetTimeOutState
                0x08007ca4       0x20 Middlewares\FreeRTOS\tasks.o
                0x08007ca4                vTaskSetTimeOutState
 .text.xTaskCheckForTimeOut
                0x08007cc4       0x90 Middlewares\FreeRTOS\tasks.o
                0x08007cc4                xTaskCheckForTimeOut
 .text.vTaskMissedYield
                0x08007d54        0xc Middlewares\FreeRTOS\tasks.o
                0x08007d54                vTaskMissedYield
 .text.xTaskGetSchedulerState
                0x08007d60       0x20 Middlewares\FreeRTOS\tasks.o
                0x08007d60                xTaskGetSchedulerState
 .text.vTaskPriorityInherit
                0x08007d80       0x9c Middlewares\FreeRTOS\tasks.o
                0x08007d80                vTaskPriorityInherit
 .text.xTaskPriorityDisinherit
                0x08007e1c       0xbc Middlewares\FreeRTOS\tasks.o
                0x08007e1c                xTaskPriorityDisinherit
 .text.pvTaskIncrementMutexHeldCount
                0x08007ed8       0x18 Middlewares\FreeRTOS\tasks.o
                0x08007ed8                pvTaskIncrementMutexHeldCount
 .text.__aeabi_atexit
                0x08007ef0        0xc c:/program files (x86)/atollic/truestudio for stm32 9.0.0/armtools/bin/../lib/gcc/arm-atollic-eabi/6.3.1/../../../../arm-atollic-eabi/lib/armv7e-m/fpu/fpv5-d16\libstdc++.a(atexit_arm.o)
                0x08007ef0                __aeabi_atexit
 .text.__cxa_atexit
                0x08007efc        0xc c:/program files (x86)/atollic/truestudio for stm32 9.0.0/armtools/bin/../lib/gcc/arm-atollic-eabi/6.3.1/../../../../arm-atollic-eabi/lib/armv7e-m/fpu/fpv5-d16\libc.a(lib_a-cxa_atexit.o)
                0x08007efc                __cxa_atexit
 .text.__libc_init_array
                0x08007f08       0x48 c:/program files (x86)/atollic/truestudio for stm32 9.0.0/armtools/bin/../lib/gcc/arm-atollic-eabi/6.3.1/../../../../arm-atollic-eabi/lib/armv7e-m/fpu/fpv5-d16\libc.a(lib_a-init.o)
                0x08007f08                __libc_init_array
 .text.memcpy   0x08007f50       0x16 c:/program files (x86)/atollic/truestudio for stm32 9.0.0/armtools/bin/../lib/gcc/arm-atollic-eabi/6.3.1/../../../../arm-atollic-eabi/lib/armv7e-m/fpu/fpv5-d16\libc.a(lib_a-memcpy-stub.o)
                0x08007f50                memcpy
 *fill*         0x08007f66        0x2 
 .text.__register_exitproc
                0x08007f68       0xec c:/program files (x86)/atollic/truestudio for stm32 9.0.0/armtools/bin/../lib/gcc/arm-atollic-eabi/6.3.1/../../../../arm-atollic-eabi/lib/armv7e-m/fpu/fpv5-d16\libc.a(lib_a-__atexit.o)
                0x08007f68                __register_exitproc
 .text.__retarget_lock_acquire_recursive
                0x08008054        0x2 c:/program files (x86)/atollic/truestudio for stm32 9.0.0/armtools/bin/../lib/gcc/arm-atollic-eabi/6.3.1/../../../../arm-atollic-eabi/lib/armv7e-m/fpu/fpv5-d16\libc.a(lib_a-lock.o)
                0x08008054                __retarget_lock_acquire_recursive
 .text.__retarget_lock_release
                0x08008056        0x2 c:/program files (x86)/atollic/truestudio for stm32 9.0.0/armtools/bin/../lib/gcc/arm-atollic-eabi/6.3.1/../../../../arm-atollic-eabi/lib/armv7e-m/fpu/fpv5-d16\libc.a(lib_a-lock.o)
                0x08008056                __retarget_lock_release
 .text.__retarget_lock_release_recursive
                0x08008058        0x2 c:/program files (x86)/atollic/truestudio for stm32 9.0.0/armtools/bin/../lib/gcc/arm-atollic-eabi/6.3.1/../../../../arm-atollic-eabi/lib/armv7e-m/fpu/fpv5-d16\libc.a(lib_a-lock.o)
                0x08008058                __retarget_lock_release_recursive
 .text.abort    0x0800805a        0xe c:/program files (x86)/atollic/truestudio for stm32 9.0.0/armtools/bin/../lib/gcc/arm-atollic-eabi/6.3.1/../../../../arm-atollic-eabi/lib/armv7e-m/fpu/fpv5-d16\libc.a(lib_a-abort.o)
                0x0800805a                abort
 .text._raise_r
                0x08008068       0x50 c:/program files (x86)/atollic/truestudio for stm32 9.0.0/armtools/bin/../lib/gcc/arm-atollic-eabi/6.3.1/../../../../arm-atollic-eabi/lib/armv7e-m/fpu/fpv5-d16\libc.a(lib_a-signal.o)
                0x08008068                _raise_r
 .text.raise    0x080080b8       0x10 c:/program files (x86)/atollic/truestudio for stm32 9.0.0/armtools/bin/../lib/gcc/arm-atollic-eabi/6.3.1/../../../../arm-atollic-eabi/lib/armv7e-m/fpu/fpv5-d16\libc.a(lib_a-signal.o)
                0x080080b8                raise
 .text._kill_r  0x080080c8       0x24 c:/program files (x86)/atollic/truestudio for stm32 9.0.0/armtools/bin/../lib/gcc/arm-atollic-eabi/6.3.1/../../../../arm-atollic-eabi/lib/armv7e-m/fpu/fpv5-d16\libc.a(lib_a-signalr.o)
                0x080080c8                _kill_r
 .text._getpid_r
                0x080080ec        0x4 c:/program files (x86)/atollic/truestudio for stm32 9.0.0/armtools/bin/../lib/gcc/arm-atollic-eabi/6.3.1/../../../../arm-atollic-eabi/lib/armv7e-m/fpu/fpv5-d16\libc.a(lib_a-signalr.o)
                0x080080ec                _getpid_r
 .text._getpid  0x080080f0       0x10 c:/program files (x86)/atollic/truestudio for stm32 9.0.0/armtools/bin/../lib/gcc/arm-atollic-eabi/6.3.1/../../../../arm-atollic-eabi/lib/armv7e-m/fpu/fpv5-d16\libnosys.a(getpid.o)
                0x080080f0                _getpid
 .text._kill    0x08008100       0x10 c:/program files (x86)/atollic/truestudio for stm32 9.0.0/armtools/bin/../lib/gcc/arm-atollic-eabi/6.3.1/../../../../arm-atollic-eabi/lib/armv7e-m/fpu/fpv5-d16\libnosys.a(kill.o)
                0x08008100                _kill
 .text._exit    0x08008110        0x2 c:/program files (x86)/atollic/truestudio for stm32 9.0.0/armtools/bin/../lib/gcc/arm-atollic-eabi/6.3.1/../../../../arm-atollic-eabi/lib/armv7e-m/fpu/fpv5-d16\libnosys.a(_exit.o)
                0x08008110                _exit
 *(.glue_7)
 .glue_7        0x08008112        0x0 linker stubs
 *(.glue_7t)
 .glue_7t       0x08008112        0x0 linker stubs
 *(.eh_frame)
 *fill*         0x08008112        0x2 
 .eh_frame      0x08008114        0x0 c:/program files (x86)/atollic/truestudio for stm32 9.0.0/armtools/bin/../lib/gcc/arm-atollic-eabi/6.3.1/armv7e-m/fpu/fpv5-d16/crtbegin.o
 *(.init)
 .init          0x08008114        0x4 c:/program files (x86)/atollic/truestudio for stm32 9.0.0/armtools/bin/../lib/gcc/arm-atollic-eabi/6.3.1/armv7e-m/fpu/fpv5-d16/crti.o
                0x08008114                _init
 .init          0x08008118        0x8 c:/program files (x86)/atollic/truestudio for stm32 9.0.0/armtools/bin/../lib/gcc/arm-atollic-eabi/6.3.1/armv7e-m/fpu/fpv5-d16/crtn.o
 *(.fini)
 .fini          0x08008120        0x4 c:/program files (x86)/atollic/truestudio for stm32 9.0.0/armtools/bin/../lib/gcc/arm-atollic-eabi/6.3.1/armv7e-m/fpu/fpv5-d16/crti.o
                0x08008120                _fini
 .fini          0x08008124        0x8 c:/program files (x86)/atollic/truestudio for stm32 9.0.0/armtools/bin/../lib/gcc/arm-atollic-eabi/6.3.1/armv7e-m/fpu/fpv5-d16/crtn.o
                0x0800812c                . = ALIGN (0x4)
                0x0800812c                _etext = .

.vfp11_veneer   0x0800812c        0x0
 .vfp11_veneer  0x0800812c        0x0 linker stubs

.v4_bx          0x0800812c        0x0
 .v4_bx         0x0800812c        0x0 linker stubs

.iplt           0x0800812c        0x0
 .iplt          0x0800812c        0x0 c:/program files (x86)/atollic/truestudio for stm32 9.0.0/armtools/bin/../lib/gcc/arm-atollic-eabi/6.3.1/armv7e-m/fpu/fpv5-d16/crtbegin.o

.rodata         0x0800812c      0x1fc
                0x0800812c                . = ALIGN (0x4)
 *(.rodata)
 .rodata        0x0800812c       0xbc Application\User\freertos.o
 .rodata        0x080081e8        0x2 Application\User\main.o
 *(.rodata*)
 *fill*         0x080081ea        0x2 
 .rodata.MX_ADC1_Init.str1.4
                0x080081ec       0x13 Application\User\adc.o
 *fill*         0x080081ff        0x1 
 .rodata.MX_DMA_Init.str1.4
                0x08008200       0x13 Application\User\dma.o
 *fill*         0x08008213        0x1 
 .rodata.str1.4
                0x08008214       0x69 Application\User\freertos.o
 *fill*         0x0800827d        0x3 
 .rodata.MX_SPI3_Init.str1.4
                0x08008280       0x13 Application\User\spi.o
 *fill*         0x08008293        0x1 
 .rodata.MX_UART4_Init.str1.4
                0x08008294       0x15 Application\User\usart.o
 *fill*         0x080082a9        0x3 
 .rodata.D1CorePrescTable
                0x080082ac       0x10 Drivers\CMSIS\system_stm32h7xx.o
                0x080082ac                D1CorePrescTable
 .rodata.flagBitshiftOffset.11045
                0x080082bc        0x8 Drivers\STM32H7xx_HAL_Driver\stm32h7xx_hal_dma.o
 .rodata.CSWTCH.54
                0x080082c4       0x29 Drivers\STM32H7xx_HAL_Driver\stm32h7xx_hal_uart.o
 *fill*         0x080082ed        0x3 
 .rodata.CSWTCH.56
                0x080082f0        0x6 Drivers\STM32H7xx_HAL_Driver\stm32h7xx_hal_uart.o
 *fill*         0x080082f6        0x2 
 .rodata.CSWTCH.57
                0x080082f8        0x6 Drivers\STM32H7xx_HAL_Driver\stm32h7xx_hal_uart.o
 *fill*         0x080082fe        0x2 
 .rodata.UARTPrescTable
                0x08008300       0x18 Drivers\STM32H7xx_HAL_Driver\stm32h7xx_hal_uart.o
 .rodata.vTaskStartScheduler.str1.4
                0x08008318        0x8 Middlewares\FreeRTOS\tasks.o
                                  0x5 (size before relaxing)
 .rodata.__on_exit_args
                0x08008320        0x4 c:/program files (x86)/atollic/truestudio for stm32 9.0.0/armtools/bin/../lib/gcc/arm-atollic-eabi/6.3.1/../../../../arm-atollic-eabi/lib/armv7e-m/fpu/fpv5-d16\libc.a(lib_a-on_exit_args.o)
                0x08008320                __on_exit_args
 .rodata._global_impure_ptr
                0x08008324        0x4 c:/program files (x86)/atollic/truestudio for stm32 9.0.0/armtools/bin/../lib/gcc/arm-atollic-eabi/6.3.1/../../../../arm-atollic-eabi/lib/armv7e-m/fpu/fpv5-d16\libc.a(lib_a-impure.o)
                0x08008324                _global_impure_ptr
                0x08008328                . = ALIGN (0x4)

.ARM.extab      0x08008328       0x18
 *(.ARM.extab* .gnu.linkonce.armextab.*)
 .ARM.extab.text._ZN3ImuD2Ev
                0x08008328        0x0 Application\User\main.o
 .ARM.extab     0x08008328       0x18 c:/program files (x86)/atollic/truestudio for stm32 9.0.0/armtools/bin/../lib/gcc/arm-atollic-eabi/6.3.1/armv7e-m/fpu/fpv5-d16\libgcc.a(pr-support.o)

.ARM            0x08008340       0xf0
                0x08008340                __exidx_start = .
 *(.ARM.exidx*)
 .ARM.exidx.text._ZN3ImuD2Ev
                0x080083f8        0x0 Application\User\main.o
                                  0x8 (size before relaxing)
 .ARM.exidx.text._Z18SystemClock_Configv
                0x080083f8        0x8 Application\User\main.o
 .ARM.exidx.text.startup.main
                0x08008400        0x8 Application\User\main.o
 .ARM.exidx.text.HAL_TIM_PeriodElapsedCallback
                0x08008408        0x8 Application\User\main.o
 .ARM.exidx.text._Error_Handler
                0x08008410        0x0 Application\User\main.o
                                  0x8 (size before relaxing)
 .ARM.exidx.text.startup._GLOBAL__sub_I_imu_
                0x08008410        0x0 Application\User\main.o
                                  0x8 (size before relaxing)
 .ARM.exidx.text._ZN3Imu8mpuWriteEhh
                0x08008410        0x8 Application\tasks\Imu\imu_mpu9250.o
 .ARM.exidx.text._ZN3Imu8gyroInitEv
                0x08008418        0x8 Application\tasks\Imu\imu_mpu9250.o
 .ARM.exidx.text._ZN3Imu7accInitEv
                0x08008420        0x0 Application\tasks\Imu\imu_mpu9250.o
                                  0x8 (size before relaxing)
 .ARM.exidx.text._ZN3Imu7magInitEv
                0x08008420        0x0 Application\tasks\Imu\imu_mpu9250.o
                                  0x8 (size before relaxing)
 .ARM.exidx.text._ZN3Imu4initEP19__SPI_HandleTypeDef
                0x08008420       0x10 Application\tasks\Imu\imu_mpu9250.o
                                  0x8 (size before relaxing)
 .ARM.exidx.text.__aeabi_atexit
                0x08008430        0x0 c:/program files (x86)/atollic/truestudio for stm32 9.0.0/armtools/bin/../lib/gcc/arm-atollic-eabi/6.3.1/../../../../arm-atollic-eabi/lib/armv7e-m/fpu/fpv5-d16\libstdc++.a(atexit_arm.o)
                                  0x8 (size before relaxing)
 .ARM.exidx     0x08008340        0x8 c:/program files (x86)/atollic/truestudio for stm32 9.0.0/armtools/bin/../lib/gcc/arm-atollic-eabi/6.3.1/armv7e-m/fpu/fpv5-d16\libgcc.a(_udivmoddi4.o)
 .ARM.exidx     0x08008348       0x78 c:/program files (x86)/atollic/truestudio for stm32 9.0.0/armtools/bin/../lib/gcc/arm-atollic-eabi/6.3.1/armv7e-m/fpu/fpv5-d16\libgcc.a(unwind-arm.o)
                                 0xd8 (size before relaxing)
 .ARM.exidx     0x080083c0       0x38 c:/program files (x86)/atollic/truestudio for stm32 9.0.0/armtools/bin/../lib/gcc/arm-atollic-eabi/6.3.1/armv7e-m/fpu/fpv5-d16\libgcc.a(pr-support.o)
                                 0x48 (size before relaxing)
                0x08008430                __exidx_end = .

.rel.dyn        0x08008430        0x0
 .rel.iplt      0x08008430        0x0 c:/program files (x86)/atollic/truestudio for stm32 9.0.0/armtools/bin/../lib/gcc/arm-atollic-eabi/6.3.1/armv7e-m/fpu/fpv5-d16/crtbegin.o

.preinit_array  0x08008430        0x0
                0x08008430                PROVIDE (__preinit_array_start, .)
 *(.preinit_array*)
                0x08008430                PROVIDE (__preinit_array_end, .)

.init_array     0x08008430        0x8
                0x08008430                PROVIDE (__init_array_start, .)
 *(SORT(.init_array.*))
 *(.init_array*)
 .init_array    0x08008430        0x4 c:/program files (x86)/atollic/truestudio for stm32 9.0.0/armtools/bin/../lib/gcc/arm-atollic-eabi/6.3.1/armv7e-m/fpu/fpv5-d16/crtbegin.o
 .init_array    0x08008434        0x4 Application\User\main.o
                0x08008438                PROVIDE (__init_array_end, .)

.fini_array     0x08008438        0x4
                [!provide]                PROVIDE (__fini_array_start, .)
 *(SORT(.fini_array.*))
 *(.fini_array*)
 .fini_array    0x08008438        0x4 c:/program files (x86)/atollic/truestudio for stm32 9.0.0/armtools/bin/../lib/gcc/arm-atollic-eabi/6.3.1/armv7e-m/fpu/fpv5-d16/crtbegin.o
                [!provide]                PROVIDE (__fini_array_end, .)
                0x0800843c                _sidata = LOADADDR (.data)

.data           0x20000000      0x19c load address 0x0800843c
                0x20000000                . = ALIGN (0x4)
                0x20000000                _sdata = .
 *(.data)
 .data          0x20000000        0x4 c:/program files (x86)/atollic/truestudio for stm32 9.0.0/armtools/bin/../lib/gcc/arm-atollic-eabi/6.3.1/armv7e-m/fpu/fpv5-d16/crtbegin.o
                0x20000000                __dso_handle
 *(.data*)
 .data.portJ1_anglevector
                0x20000004       0x16 Application\isr\uartdmarx.o
 *fill*         0x2000001a        0x2 
 .data.portJ2_anglevector
                0x2000001c       0x16 Application\isr\uartdmarx.o
 *fill*         0x20000032        0x2 
 .data.portJ3_anglevector
                0x20000034       0x16 Application\isr\uartdmarx.o
 *fill*         0x2000004a        0x2 
 .data.portJ4_anglevector
                0x2000004c       0x16 Application\isr\uartdmarx.o
 *fill*         0x20000062        0x2 
 .data.portJ5_anglevector
                0x20000064       0x16 Application\isr\uartdmarx.o
 *fill*         0x2000007a        0x2 
 .data.portJ6_anglevector
                0x2000007c       0x16 Application\isr\uartdmarx.o
 *fill*         0x20000092        0x2 
 .data.SystemCoreClock
                0x20000094        0x4 Drivers\CMSIS\system_stm32h7xx.o
                0x20000094                SystemCoreClock
 .data.SystemD2Clock
                0x20000098        0x4 Drivers\CMSIS\system_stm32h7xx.o
                0x20000098                SystemD2Clock
 .data.uwTickFreq
                0x2000009c        0x1 Drivers\STM32H7xx_HAL_Driver\stm32h7xx_hal.o
 *fill*         0x2000009d        0x3 
 .data.uxCriticalNesting
                0x200000a0        0x4 Middlewares\FreeRTOS\port.o
 .data.__atexit_recursive_mutex
                0x200000a4        0x4 c:/program files (x86)/atollic/truestudio for stm32 9.0.0/armtools/bin/../lib/gcc/arm-atollic-eabi/6.3.1/../../../../arm-atollic-eabi/lib/armv7e-m/fpu/fpv5-d16\libc.a(lib_a-__call_atexit.o)
                0x200000a4                __atexit_recursive_mutex
 .data._impure_ptr
                0x200000a8        0x4 c:/program files (x86)/atollic/truestudio for stm32 9.0.0/armtools/bin/../lib/gcc/arm-atollic-eabi/6.3.1/../../../../arm-atollic-eabi/lib/armv7e-m/fpu/fpv5-d16\libc.a(lib_a-impure.o)
                0x200000a8                _impure_ptr
 .data.impure_data
                0x200000ac       0xf0 c:/program files (x86)/atollic/truestudio for stm32 9.0.0/armtools/bin/../lib/gcc/arm-atollic-eabi/6.3.1/../../../../arm-atollic-eabi/lib/armv7e-m/fpu/fpv5-d16\libc.a(lib_a-impure.o)
                0x2000019c                . = ALIGN (0x4)
                0x2000019c                _edata = .

.igot.plt       0x2000019c        0x0 load address 0x080085d8
 .igot.plt      0x2000019c        0x0 c:/program files (x86)/atollic/truestudio for stm32 9.0.0/armtools/bin/../lib/gcc/arm-atollic-eabi/6.3.1/armv7e-m/fpu/fpv5-d16/crtbegin.o
                0x2000019c                . = ALIGN (0x4)

.bss            0x2000019c     0x4430 load address 0x080085d8
                0x2000019c                _sbss = .
                0x2000019c                __bss_start__ = _sbss
 *(.bss)
 .bss           0x2000019c       0x1c c:/program files (x86)/atollic/truestudio for stm32 9.0.0/armtools/bin/../lib/gcc/arm-atollic-eabi/6.3.1/armv7e-m/fpu/fpv5-d16/crtbegin.o
 .bss           0x200001b8       0x20 Application\User\main.o
                0x200001b8                imu_
 .bss           0x200001d8        0xc Application\tasks\Imu\imu_mpu9250.o
                0x200001d8                Imu::adc_
 *(.bss*)
 .bss.xHigherPriorityTaskWoken.11718
                0x200001e4        0x4 Application\isr\uartdmarx.o
 .bss.uwTick    0x200001e8        0x4 Drivers\STM32H7xx_HAL_Driver\stm32h7xx_hal.o
 .bss.pxEnd     0x200001ec        0x4 Middlewares\FreeRTOS\heap_4.o
 .bss.ucHeap    0x200001f0     0x3c00 Middlewares\FreeRTOS\heap_4.o
 .bss.xBlockAllocatedBit
                0x20003df0        0x4 Middlewares\FreeRTOS\heap_4.o
 .bss.xFreeBytesRemaining
                0x20003df4        0x4 Middlewares\FreeRTOS\heap_4.o
 .bss.xMinimumEverFreeBytesRemaining
                0x20003df8        0x4 Middlewares\FreeRTOS\heap_4.o
 .bss.xStart    0x20003dfc        0x8 Middlewares\FreeRTOS\heap_4.o
 .bss.ucMaxSysCallPriority
                0x20003e04        0x1 Middlewares\FreeRTOS\port.o
 *fill*         0x20003e05        0x3 
 .bss.ulMaxPRIGROUPValue
                0x20003e08        0x4 Middlewares\FreeRTOS\port.o
 .bss.pxCurrentTCB
                0x20003e0c        0x4 Middlewares\FreeRTOS\tasks.o
                0x20003e0c                pxCurrentTCB
 .bss.pxDelayedTaskList
                0x20003e10        0x4 Middlewares\FreeRTOS\tasks.o
 .bss.pxOverflowDelayedTaskList
                0x20003e14        0x4 Middlewares\FreeRTOS\tasks.o
 .bss.pxReadyTasksLists
                0x20003e18       0x8c Middlewares\FreeRTOS\tasks.o
 .bss.uxCurrentNumberOfTasks
                0x20003ea4        0x4 Middlewares\FreeRTOS\tasks.o
 .bss.uxDeletedTasksWaitingCleanUp
                0x20003ea8        0x4 Middlewares\FreeRTOS\tasks.o
 .bss.uxPendedTicks
                0x20003eac        0x4 Middlewares\FreeRTOS\tasks.o
 .bss.uxSchedulerSuspended
                0x20003eb0        0x4 Middlewares\FreeRTOS\tasks.o
 .bss.uxTaskNumber
                0x20003eb4        0x4 Middlewares\FreeRTOS\tasks.o
 .bss.uxTopReadyPriority
                0x20003eb8        0x4 Middlewares\FreeRTOS\tasks.o
 .bss.xDelayedTaskList1
                0x20003ebc       0x14 Middlewares\FreeRTOS\tasks.o
 .bss.xDelayedTaskList2
                0x20003ed0       0x14 Middlewares\FreeRTOS\tasks.o
 .bss.xIdleTaskHandle
                0x20003ee4        0x4 Middlewares\FreeRTOS\tasks.o
 .bss.xNextTaskUnblockTime
                0x20003ee8        0x4 Middlewares\FreeRTOS\tasks.o
 .bss.xNumOfOverflows
                0x20003eec        0x4 Middlewares\FreeRTOS\tasks.o
 .bss.xPendingReadyList
                0x20003ef0       0x14 Middlewares\FreeRTOS\tasks.o
 .bss.xSchedulerRunning
                0x20003f04        0x4 Middlewares\FreeRTOS\tasks.o
 .bss.xSuspendedTaskList
                0x20003f08       0x14 Middlewares\FreeRTOS\tasks.o
 .bss.xTasksWaitingTermination
                0x20003f1c       0x14 Middlewares\FreeRTOS\tasks.o
 .bss.xTickCount
                0x20003f30        0x4 Middlewares\FreeRTOS\tasks.o
 .bss.xYieldPending
                0x20003f34        0x4 Middlewares\FreeRTOS\tasks.o
 .bss._on_exit_args_instance
                0x20003f38      0x108 c:/program files (x86)/atollic/truestudio for stm32 9.0.0/armtools/bin/../lib/gcc/arm-atollic-eabi/6.3.1/../../../../arm-atollic-eabi/lib/armv7e-m/fpu/fpv5-d16\libc.a(lib_a-on_exit_args.o)
 *(COMMON)
 COMMON         0x20004040       0x64 Application\User\adc.o
                0x20004040                hadc1
 COMMON         0x200040a4       0x78 Application\User\dma.o
                0x200040a4                hdma_memtomem_dma1_stream0
 COMMON         0x2000411c       0x3c Application\User\freertos.o
                0x2000411c                J4uartportHandle
                0x20004120                J5vectorqueueHandle
                0x20004124                J3uartportHandle
                0x20004128                J6vectorqueueHandle
                0x2000412c                J1vectorqueueHandle
                0x20004130                J6uartportHandle
                0x20004134                LED2TaskHandle
                0x20004138                J5uartportHandle
                0x2000413c                J3vectorqueueHandle
                0x20004140                J2vectorqueueHandle
                0x20004144                J4vectorqueueHandle
                0x20004148                idleTaskHandle
                0x2000414c                J2uartportHandle
                0x20004150                LED1TaskHandle
                0x20004154                J1uartportHandle
 COMMON         0x20004158       0x88 Application\User\spi.o
                0x20004158                hspi3
 COMMON         0x200041e0       0x40 Application\User\stm32h7xx_hal_timebase_TIM.o
                0x200041e0                htim4
 COMMON         0x20004220      0x380 Application\User\usart.o
                0x20004220                huart7
                0x200042a0                huart3
                0x20004320                huart5
                0x200043a0                huart1
                0x20004420                huart8
                0x200044a0                huart4
                0x20004520                huart2
 COMMON         0x200045a0       0x1e Application\isr\uartdmarx.o
                0x200045a0                rx_buff
                0x200045b8                rx_servo
 COMMON         0x200045be        0x9 c:/program files (x86)/atollic/truestudio for stm32 9.0.0/armtools/bin/../lib/gcc/arm-atollic-eabi/6.3.1/../../../../arm-atollic-eabi/lib/armv7e-m/fpu/fpv5-d16\libc.a(lib_a-lock.o)
                0x200045be                __lock___atexit_recursive_mutex
                0x200045bf                __lock___arc4random_mutex
                0x200045c0                __lock___env_recursive_mutex
                0x200045c1                __lock___sinit_recursive_mutex
                0x200045c2                __lock___malloc_recursive_mutex
                0x200045c3                __lock___at_quick_exit_mutex
                0x200045c4                __lock___dd_hash_mutex
                0x200045c5                __lock___tz_mutex
                0x200045c6                __lock___sfp_recursive_mutex
 *fill*         0x200045c7        0x1 
 COMMON         0x200045c8        0x4 c:/program files (x86)/atollic/truestudio for stm32 9.0.0/armtools/bin/../lib/gcc/arm-atollic-eabi/6.3.1/../../../../arm-atollic-eabi/lib/armv7e-m/fpu/fpv5-d16\libc.a(lib_a-reent.o)
                0x200045c8                errno
                0x200045cc                . = ALIGN (0x4)
                0x200045cc                _ebss = .
                0x200045cc                __bss_end__ = _ebss

._user_heap_stack
                0x200045cc      0x600 load address 0x080085d8
                0x200045cc                . = ALIGN (0x4)
                0x200045cc                PROVIDE (end, .)
                [!provide]                PROVIDE (_end, .)
                0x200047cc                . = (. + _Min_Heap_Size)
 *fill*         0x200045cc      0x200 
                0x20004bcc                . = (. + _Min_Stack_Size)
 *fill*         0x200047cc      0x400 
                0x20004bcc                . = ALIGN (0x4)

/DISCARD/
 libc.a(*)
 libm.a(*)
 libgcc.a(*)

.ARM.attributes
                0x00000000       0x2e
 *(.ARM.attributes)
 .ARM.attributes
                0x00000000       0x20 c:/program files (x86)/atollic/truestudio for stm32 9.0.0/armtools/bin/../lib/gcc/arm-atollic-eabi/6.3.1/armv7e-m/fpu/fpv5-d16/crti.o
 .ARM.attributes
                0x00000020       0x32 c:/program files (x86)/atollic/truestudio for stm32 9.0.0/armtools/bin/../lib/gcc/arm-atollic-eabi/6.3.1/armv7e-m/fpu/fpv5-d16/crtbegin.o
 .ARM.attributes
                0x00000052       0x21 Application\TrueSTUDIO\startup_stm32h743xx.o
 .ARM.attributes
                0x00000073       0x37 Application\User\adc.o
 .ARM.attributes
                0x000000aa       0x37 Application\User\dma.o
 .ARM.attributes
                0x000000e1       0x37 Application\User\freertos.o
 .ARM.attributes
                0x00000118       0x37 Application\User\gpio.o
 .ARM.attributes
                0x0000014f       0x37 Application\User\main.o
 .ARM.attributes
                0x00000186       0x37 Application\User\spi.o
 .ARM.attributes
                0x000001bd       0x37 Application\User\stm32h7xx_hal_msp.o
 .ARM.attributes
                0x000001f4       0x37 Application\User\stm32h7xx_hal_timebase_TIM.o
 .ARM.attributes
                0x0000022b       0x37 Application\User\stm32h7xx_it.o
 .ARM.attributes
                0x00000262       0x37 Application\User\usart.o
 .ARM.attributes
                0x00000299       0x37 Application\isr\uartdmarx.o
 .ARM.attributes
                0x000002d0       0x37 Application\tasks\Imu\imu_mpu9250.o
 .ARM.attributes
                0x00000307       0x37 Application\tasks\idletasks.o
 .ARM.attributes
                0x0000033e       0x37 Application\tasks\uarttasks.o
 .ARM.attributes
                0x00000375       0x37 Drivers\CMSIS\system_stm32h7xx.o
 .ARM.attributes
                0x000003ac       0x37 Drivers\STM32H7xx_HAL_Driver\stm32h7xx_hal.o
 .ARM.attributes
                0x000003e3       0x37 Drivers\STM32H7xx_HAL_Driver\stm32h7xx_hal_adc.o
 .ARM.attributes
                0x0000041a       0x37 Drivers\STM32H7xx_HAL_Driver\stm32h7xx_hal_adc_ex.o
 .ARM.attributes
                0x00000451       0x37 Drivers\STM32H7xx_HAL_Driver\stm32h7xx_hal_cortex.o
 .ARM.attributes
                0x00000488       0x37 Drivers\STM32H7xx_HAL_Driver\stm32h7xx_hal_dma.o
 .ARM.attributes
                0x000004bf       0x37 Drivers\STM32H7xx_HAL_Driver\stm32h7xx_hal_gpio.o
 .ARM.attributes
                0x000004f6       0x37 Drivers\STM32H7xx_HAL_Driver\stm32h7xx_hal_rcc.o
 .ARM.attributes
                0x0000052d       0x37 Drivers\STM32H7xx_HAL_Driver\stm32h7xx_hal_rcc_ex.o
 .ARM.attributes
                0x00000564       0x37 Drivers\STM32H7xx_HAL_Driver\stm32h7xx_hal_spi.o
 .ARM.attributes
                0x0000059b       0x37 Drivers\STM32H7xx_HAL_Driver\stm32h7xx_hal_tim.o
 .ARM.attributes
                0x000005d2       0x37 Drivers\STM32H7xx_HAL_Driver\stm32h7xx_hal_tim_ex.o
 .ARM.attributes
                0x00000609       0x37 Drivers\STM32H7xx_HAL_Driver\stm32h7xx_hal_uart.o
 .ARM.attributes
                0x00000640       0x37 Drivers\STM32H7xx_HAL_Driver\stm32h7xx_hal_uart_ex.o
 .ARM.attributes
                0x00000677       0x37 Middlewares\FreeRTOS\cmsis_os.o
 .ARM.attributes
                0x000006ae       0x37 Middlewares\FreeRTOS\heap_4.o
 .ARM.attributes
                0x000006e5       0x37 Middlewares\FreeRTOS\list.o
 .ARM.attributes
                0x0000071c       0x37 Middlewares\FreeRTOS\port.o
 .ARM.attributes
                0x00000753       0x37 Middlewares\FreeRTOS\queue.o
 .ARM.attributes
                0x0000078a       0x37 Middlewares\FreeRTOS\tasks.o
 .ARM.attributes
                0x000007c1       0x32 c:/program files (x86)/atollic/truestudio for stm32 9.0.0/armtools/bin/../lib/gcc/arm-atollic-eabi/6.3.1/../../../../arm-atollic-eabi/lib/armv7e-m/fpu/fpv5-d16\libstdc++.a(atexit_arm.o)
 .ARM.attributes
                0x000007f3       0x32 c:/program files (x86)/atollic/truestudio for stm32 9.0.0/armtools/bin/../lib/gcc/arm-atollic-eabi/6.3.1/../../../../arm-atollic-eabi/lib/armv7e-m/fpu/fpv5-d16\libc.a(lib_a-cxa_atexit.o)
 .ARM.attributes
                0x00000825       0x32 c:/program files (x86)/atollic/truestudio for stm32 9.0.0/armtools/bin/../lib/gcc/arm-atollic-eabi/6.3.1/../../../../arm-atollic-eabi/lib/armv7e-m/fpu/fpv5-d16\libc.a(lib_a-init.o)
 .ARM.attributes
                0x00000857       0x32 c:/program files (x86)/atollic/truestudio for stm32 9.0.0/armtools/bin/../lib/gcc/arm-atollic-eabi/6.3.1/../../../../arm-atollic-eabi/lib/armv7e-m/fpu/fpv5-d16\libc.a(lib_a-memcpy-stub.o)
 .ARM.attributes
                0x00000889       0x32 c:/program files (x86)/atollic/truestudio for stm32 9.0.0/armtools/bin/../lib/gcc/arm-atollic-eabi/6.3.1/../../../../arm-atollic-eabi/lib/armv7e-m/fpu/fpv5-d16\libc.a(lib_a-on_exit_args.o)
 .ARM.attributes
                0x000008bb       0x32 c:/program files (x86)/atollic/truestudio for stm32 9.0.0/armtools/bin/../lib/gcc/arm-atollic-eabi/6.3.1/../../../../arm-atollic-eabi/lib/armv7e-m/fpu/fpv5-d16\libc.a(lib_a-__atexit.o)
 .ARM.attributes
                0x000008ed       0x32 c:/program files (x86)/atollic/truestudio for stm32 9.0.0/armtools/bin/../lib/gcc/arm-atollic-eabi/6.3.1/../../../../arm-atollic-eabi/lib/armv7e-m/fpu/fpv5-d16\libc.a(lib_a-__call_atexit.o)
 .ARM.attributes
                0x0000091f       0x32 c:/program files (x86)/atollic/truestudio for stm32 9.0.0/armtools/bin/../lib/gcc/arm-atollic-eabi/6.3.1/../../../../arm-atollic-eabi/lib/armv7e-m/fpu/fpv5-d16\libc.a(lib_a-impure.o)
 .ARM.attributes
                0x00000951       0x32 c:/program files (x86)/atollic/truestudio for stm32 9.0.0/armtools/bin/../lib/gcc/arm-atollic-eabi/6.3.1/../../../../arm-atollic-eabi/lib/armv7e-m/fpu/fpv5-d16\libc.a(lib_a-lock.o)
 .ARM.attributes
                0x00000983       0x20 c:/program files (x86)/atollic/truestudio for stm32 9.0.0/armtools/bin/../lib/gcc/arm-atollic-eabi/6.3.1/armv7e-m/fpu/fpv5-d16\libgcc.a(_aeabi_uldivmod.o)
 .ARM.attributes
                0x000009a3       0x32 c:/program files (x86)/atollic/truestudio for stm32 9.0.0/armtools/bin/../lib/gcc/arm-atollic-eabi/6.3.1/armv7e-m/fpu/fpv5-d16\libgcc.a(_udivmoddi4.o)
 .ARM.attributes
                0x000009d5       0x20 c:/program files (x86)/atollic/truestudio for stm32 9.0.0/armtools/bin/../lib/gcc/arm-atollic-eabi/6.3.1/armv7e-m/fpu/fpv5-d16\libgcc.a(_dvmd_tls.o)
 .ARM.attributes
                0x000009f5       0x20 c:/program files (x86)/atollic/truestudio for stm32 9.0.0/armtools/bin/../lib/gcc/arm-atollic-eabi/6.3.1/armv7e-m/fpu/fpv5-d16/crtn.o
OUTPUT(kondoh7.elf elf32-littlearm)

.debug_line     0x00000000    0x10171
 .debug_line    0x00000000       0x7a Application\TrueSTUDIO\startup_stm32h743xx.o
 .debug_line    0x0000007a      0x3a5 Application\User\adc.o
 .debug_line    0x0000041f      0x305 Application\User\dma.o
 .debug_line    0x00000724      0x27f Application\User\freertos.o
 .debug_line    0x000009a3      0x2cd Application\User\gpio.o
 .debug_line    0x00000c70      0x950 Application\User\main.o
 .debug_line    0x000015c0      0x37a Application\User\spi.o
 .debug_line    0x0000193a      0x2bf Application\User\stm32h7xx_hal_msp.o
 .debug_line    0x00001bf9      0x371 Application\User\stm32h7xx_hal_timebase_TIM.o
 .debug_line    0x00001f6a      0x3f9 Application\User\stm32h7xx_it.o
 .debug_line    0x00002363      0x5d7 Application\User\usart.o
 .debug_line    0x0000293a      0x5f4 Application\isr\uartdmarx.o
 .debug_line    0x00002f2e      0x8d4 Application\tasks\Imu\imu_mpu9250.o
 .debug_line    0x00003802      0x31a Application\tasks\idletasks.o
 .debug_line    0x00003b1c      0x5b0 Application\tasks\uarttasks.o
 .debug_line    0x000040cc      0x328 Drivers\CMSIS\system_stm32h7xx.o
 .debug_line    0x000043f4      0x6c7 Drivers\STM32H7xx_HAL_Driver\stm32h7xx_hal.o
 .debug_line    0x00004abb      0xeb7 Drivers\STM32H7xx_HAL_Driver\stm32h7xx_hal_adc.o
 .debug_line    0x00005972      0xd8e Drivers\STM32H7xx_HAL_Driver\stm32h7xx_hal_adc_ex.o
 .debug_line    0x00006700      0x53a Drivers\STM32H7xx_HAL_Driver\stm32h7xx_hal_cortex.o
 .debug_line    0x00006c3a      0xa01 Drivers\STM32H7xx_HAL_Driver\stm32h7xx_hal_dma.o
 .debug_line    0x0000763b      0x537 Drivers\STM32H7xx_HAL_Driver\stm32h7xx_hal_gpio.o
 .debug_line    0x00007b72      0x899 Drivers\STM32H7xx_HAL_Driver\stm32h7xx_hal_rcc.o
 .debug_line    0x0000840b      0xb5a Drivers\STM32H7xx_HAL_Driver\stm32h7xx_hal_rcc_ex.o
 .debug_line    0x00008f65      0xeb6 Drivers\STM32H7xx_HAL_Driver\stm32h7xx_hal_spi.o
 .debug_line    0x00009e1b     0x18dc Drivers\STM32H7xx_HAL_Driver\stm32h7xx_hal_tim.o
 .debug_line    0x0000b6f7      0xaba Drivers\STM32H7xx_HAL_Driver\stm32h7xx_hal_tim_ex.o
 .debug_line    0x0000c1b1     0x10c9 Drivers\STM32H7xx_HAL_Driver\stm32h7xx_hal_uart.o
 .debug_line    0x0000d27a      0x4be Drivers\STM32H7xx_HAL_Driver\stm32h7xx_hal_uart_ex.o
 .debug_line    0x0000d738      0x98a Middlewares\FreeRTOS\cmsis_os.o
 .debug_line    0x0000e0c2      0x455 Middlewares\FreeRTOS\heap_4.o
 .debug_line    0x0000e517      0x3ae Middlewares\FreeRTOS\list.o
 .debug_line    0x0000e8c5      0x379 Middlewares\FreeRTOS\port.o
 .debug_line    0x0000ec3e      0x879 Middlewares\FreeRTOS\queue.o
 .debug_line    0x0000f4b7      0xcba Middlewares\FreeRTOS\tasks.o

.debug_info     0x00000000    0x3c6e8
 .debug_info    0x00000000       0x81 Application\TrueSTUDIO\startup_stm32h743xx.o
 .debug_info    0x00000081     0x17ca Application\User\adc.o
 .debug_info    0x0000184b     0x110e Application\User\dma.o
 .debug_info    0x00002959      0x68d Application\User\freertos.o
 .debug_info    0x00002fe6      0xf66 Application\User\gpio.o
 .debug_info    0x00003f4c     0x5131 Application\User\main.o
 .debug_info    0x0000907d     0x15c0 Application\User\spi.o
 .debug_info    0x0000a63d     0x11bf Application\User\stm32h7xx_hal_msp.o
 .debug_info    0x0000b7fc     0x18b3 Application\User\stm32h7xx_hal_timebase_TIM.o
 .debug_info    0x0000d0af     0x14cd Application\User\stm32h7xx_it.o
 .debug_info    0x0000e57c     0x1f64 Application\User\usart.o
 .debug_info    0x000104e0     0x1bd7 Application\isr\uartdmarx.o
 .debug_info    0x000120b7     0x4077 Application\tasks\Imu\imu_mpu9250.o
 .debug_info    0x0001612e      0xafb Application\tasks\idletasks.o
 .debug_info    0x00016c29     0x1ef6 Application\tasks\uarttasks.o
 .debug_info    0x00018b1f     0x11a0 Drivers\CMSIS\system_stm32h7xx.o
 .debug_info    0x00019cbf     0x1d73 Drivers\STM32H7xx_HAL_Driver\stm32h7xx_hal.o
 .debug_info    0x0001ba32     0x21a1 Drivers\STM32H7xx_HAL_Driver\stm32h7xx_hal_adc.o
 .debug_info    0x0001dbd3     0x20f3 Drivers\STM32H7xx_HAL_Driver\stm32h7xx_hal_adc_ex.o
 .debug_info    0x0001fcc6     0x1a63 Drivers\STM32H7xx_HAL_Driver\stm32h7xx_hal_cortex.o
 .debug_info    0x00021729     0x15ab Drivers\STM32H7xx_HAL_Driver\stm32h7xx_hal_dma.o
 .debug_info    0x00022cd4     0x14b9 Drivers\STM32H7xx_HAL_Driver\stm32h7xx_hal_gpio.o
 .debug_info    0x0002418d     0x1b03 Drivers\STM32H7xx_HAL_Driver\stm32h7xx_hal_rcc.o
 .debug_info    0x00025c90     0x2004 Drivers\STM32H7xx_HAL_Driver\stm32h7xx_hal_rcc_ex.o
 .debug_info    0x00027c94     0x22ac Drivers\STM32H7xx_HAL_Driver\stm32h7xx_hal_spi.o
 .debug_info    0x00029f40     0x4140 Drivers\STM32H7xx_HAL_Driver\stm32h7xx_hal_tim.o
 .debug_info    0x0002e080     0x1e7d Drivers\STM32H7xx_HAL_Driver\stm32h7xx_hal_tim_ex.o
 .debug_info    0x0002fefd     0x27c7 Drivers\STM32H7xx_HAL_Driver\stm32h7xx_hal_uart.o
 .debug_info    0x000326c4     0x12e0 Drivers\STM32H7xx_HAL_Driver\stm32h7xx_hal_uart_ex.o
 .debug_info    0x000339a4     0x25e3 Middlewares\FreeRTOS\cmsis_os.o
 .debug_info    0x00035f87      0xc75 Middlewares\FreeRTOS\heap_4.o
 .debug_info    0x00036bfc      0xad7 Middlewares\FreeRTOS\list.o
 .debug_info    0x000376d3      0x4e8 Middlewares\FreeRTOS\port.o
 .debug_info    0x00037bbb     0x2084 Middlewares\FreeRTOS\queue.o
 .debug_info    0x00039c3f     0x2aa9 Middlewares\FreeRTOS\tasks.o

.debug_abbrev   0x00000000     0x6c1e
 .debug_abbrev  0x00000000       0x12 Application\TrueSTUDIO\startup_stm32h743xx.o
 .debug_abbrev  0x00000012      0x252 Application\User\adc.o
 .debug_abbrev  0x00000264      0x235 Application\User\dma.o
 .debug_abbrev  0x00000499      0x1a8 Application\User\freertos.o
 .debug_abbrev  0x00000641      0x222 Application\User\gpio.o
 .debug_abbrev  0x00000863      0x716 Application\User\main.o
 .debug_abbrev  0x00000f79      0x252 Application\User\spi.o
 .debug_abbrev  0x000011cb      0x213 Application\User\stm32h7xx_hal_msp.o
 .debug_abbrev  0x000013de      0x283 Application\User\stm32h7xx_hal_timebase_TIM.o
 .debug_abbrev  0x00001661      0x23e Application\User\stm32h7xx_it.o
 .debug_abbrev  0x0000189f      0x2a3 Application\User\usart.o
 .debug_abbrev  0x00001b42      0x244 Application\isr\uartdmarx.o
 .debug_abbrev  0x00001d86      0x771 Application\tasks\Imu\imu_mpu9250.o
 .debug_abbrev  0x000024f7      0x1f0 Application\tasks\idletasks.o
 .debug_abbrev  0x000026e7      0x265 Application\tasks\uarttasks.o
 .debug_abbrev  0x0000294c      0x239 Drivers\CMSIS\system_stm32h7xx.o
 .debug_abbrev  0x00002b85      0x393 Drivers\STM32H7xx_HAL_Driver\stm32h7xx_hal.o
 .debug_abbrev  0x00002f18      0x30d Drivers\STM32H7xx_HAL_Driver\stm32h7xx_hal_adc.o
 .debug_abbrev  0x00003225      0x377 Drivers\STM32H7xx_HAL_Driver\stm32h7xx_hal_adc_ex.o
 .debug_abbrev  0x0000359c      0x3b9 Drivers\STM32H7xx_HAL_Driver\stm32h7xx_hal_cortex.o
 .debug_abbrev  0x00003955      0x333 Drivers\STM32H7xx_HAL_Driver\stm32h7xx_hal_dma.o
 .debug_abbrev  0x00003c88      0x2b1 Drivers\STM32H7xx_HAL_Driver\stm32h7xx_hal_gpio.o
 .debug_abbrev  0x00003f39      0x384 Drivers\STM32H7xx_HAL_Driver\stm32h7xx_hal_rcc.o
 .debug_abbrev  0x000042bd      0x3a9 Drivers\STM32H7xx_HAL_Driver\stm32h7xx_hal_rcc_ex.o
 .debug_abbrev  0x00004666      0x405 Drivers\STM32H7xx_HAL_Driver\stm32h7xx_hal_spi.o
 .debug_abbrev  0x00004a6b      0x3c4 Drivers\STM32H7xx_HAL_Driver\stm32h7xx_hal_tim.o
 .debug_abbrev  0x00004e2f      0x353 Drivers\STM32H7xx_HAL_Driver\stm32h7xx_hal_tim_ex.o
 .debug_abbrev  0x00005182      0x405 Drivers\STM32H7xx_HAL_Driver\stm32h7xx_hal_uart.o
 .debug_abbrev  0x00005587      0x2d0 Drivers\STM32H7xx_HAL_Driver\stm32h7xx_hal_uart_ex.o
 .debug_abbrev  0x00005857      0x48f Middlewares\FreeRTOS\cmsis_os.o
 .debug_abbrev  0x00005ce6      0x314 Middlewares\FreeRTOS\heap_4.o
 .debug_abbrev  0x00005ffa      0x1e3 Middlewares\FreeRTOS\list.o
 .debug_abbrev  0x000061dd      0x211 Middlewares\FreeRTOS\port.o
 .debug_abbrev  0x000063ee      0x3e8 Middlewares\FreeRTOS\queue.o
 .debug_abbrev  0x000067d6      0x448 Middlewares\FreeRTOS\tasks.o

.debug_aranges  0x00000000     0x1518
 .debug_aranges
                0x00000000       0x28 Application\TrueSTUDIO\startup_stm32h743xx.o
 .debug_aranges
                0x00000028       0x30 Application\User\adc.o
 .debug_aranges
                0x00000058       0x20 Application\User\dma.o
 .debug_aranges
                0x00000078       0x30 Application\User\freertos.o
 .debug_aranges
                0x000000a8       0x20 Application\User\gpio.o
 .debug_aranges
                0x000000c8       0x48 Application\User\main.o
 .debug_aranges
                0x00000110       0x30 Application\User\spi.o
 .debug_aranges
                0x00000140       0x20 Application\User\stm32h7xx_hal_msp.o
 .debug_aranges
                0x00000160       0x30 Application\User\stm32h7xx_hal_timebase_TIM.o
 .debug_aranges
                0x00000190       0x88 Application\User\stm32h7xx_it.o
 .debug_aranges
                0x00000218       0x60 Application\User\usart.o
 .debug_aranges
                0x00000278       0x28 Application\isr\uartdmarx.o
 .debug_aranges
                0x000002a0       0x70 Application\tasks\Imu\imu_mpu9250.o
 .debug_aranges
                0x00000310       0x28 Application\tasks\idletasks.o
 .debug_aranges
                0x00000338       0x58 Application\tasks\uarttasks.o
 .debug_aranges
                0x00000390       0x28 Drivers\CMSIS\system_stm32h7xx.o
 .debug_aranges
                0x000003b8      0x198 Drivers\STM32H7xx_HAL_Driver\stm32h7xx_hal.o
 .debug_aranges
                0x00000550       0xd0 Drivers\STM32H7xx_HAL_Driver\stm32h7xx_hal_adc.o
 .debug_aranges
                0x00000620       0xe0 Drivers\STM32H7xx_HAL_Driver\stm32h7xx_hal_adc_ex.o
 .debug_aranges
                0x00000700       0xa0 Drivers\STM32H7xx_HAL_Driver\stm32h7xx_hal_cortex.o
 .debug_aranges
                0x000007a0       0x88 Drivers\STM32H7xx_HAL_Driver\stm32h7xx_hal_dma.o
 .debug_aranges
                0x00000828       0x58 Drivers\STM32H7xx_HAL_Driver\stm32h7xx_hal_gpio.o
 .debug_aranges
                0x00000880       0x80 Drivers\STM32H7xx_HAL_Driver\stm32h7xx_hal_rcc.o
 .debug_aranges
                0x00000900       0xd0 Drivers\STM32H7xx_HAL_Driver\stm32h7xx_hal_rcc_ex.o
 .debug_aranges
                0x000009d0      0x150 Drivers\STM32H7xx_HAL_Driver\stm32h7xx_hal_spi.o
 .debug_aranges
                0x00000b20      0x268 Drivers\STM32H7xx_HAL_Driver\stm32h7xx_hal_tim.o
 .debug_aranges
                0x00000d88      0x100 Drivers\STM32H7xx_HAL_Driver\stm32h7xx_hal_tim_ex.o
 .debug_aranges
                0x00000e88      0x180 Drivers\STM32H7xx_HAL_Driver\stm32h7xx_hal_uart.o
 .debug_aranges
                0x00001008       0x48 Drivers\STM32H7xx_HAL_Driver\stm32h7xx_hal_uart_ex.o
 .debug_aranges
                0x00001050      0x190 Middlewares\FreeRTOS\cmsis_os.o
 .debug_aranges
                0x000011e0       0x48 Middlewares\FreeRTOS\heap_4.o
 .debug_aranges
                0x00001228       0x40 Middlewares\FreeRTOS\list.o
 .debug_aranges
                0x00001268       0x80 Middlewares\FreeRTOS\port.o
 .debug_aranges
                0x000012e8       0xc0 Middlewares\FreeRTOS\queue.o
 .debug_aranges
                0x000013a8      0x170 Middlewares\FreeRTOS\tasks.o

.debug_ranges   0x00000000     0x2878
 .debug_ranges  0x00000000       0x20 Application\TrueSTUDIO\startup_stm32h743xx.o
 .debug_ranges  0x00000020       0x58 Application\User\adc.o
 .debug_ranges  0x00000078       0x58 Application\User\dma.o
 .debug_ranges  0x000000d0       0x20 Application\User\freertos.o
 .debug_ranges  0x000000f0       0x38 Application\User\gpio.o
 .debug_ranges  0x00000128       0x68 Application\User\main.o
 .debug_ranges  0x00000190       0x58 Application\User\spi.o
 .debug_ranges  0x000001e8       0x38 Application\User\stm32h7xx_hal_msp.o
 .debug_ranges  0x00000220       0x48 Application\User\stm32h7xx_hal_timebase_TIM.o
 .debug_ranges  0x00000268       0x78 Application\User\stm32h7xx_it.o
 .debug_ranges  0x000002e0      0x1a0 Application\User\usart.o
 .debug_ranges  0x00000480       0xf0 Application\isr\uartdmarx.o
 .debug_ranges  0x00000570       0xa8 Application\tasks\Imu\imu_mpu9250.o
 .debug_ranges  0x00000618       0x18 Application\tasks\idletasks.o
 .debug_ranges  0x00000630       0xd8 Application\tasks\uarttasks.o
 .debug_ranges  0x00000708       0x30 Drivers\CMSIS\system_stm32h7xx.o
 .debug_ranges  0x00000738      0x1a0 Drivers\STM32H7xx_HAL_Driver\stm32h7xx_hal.o
 .debug_ranges  0x000008d8       0xd8 Drivers\STM32H7xx_HAL_Driver\stm32h7xx_hal_adc.o
 .debug_ranges  0x000009b0      0x100 Drivers\STM32H7xx_HAL_Driver\stm32h7xx_hal_adc_ex.o
 .debug_ranges  0x00000ab0      0x178 Drivers\STM32H7xx_HAL_Driver\stm32h7xx_hal_cortex.o
 .debug_ranges  0x00000c28      0x140 Drivers\STM32H7xx_HAL_Driver\stm32h7xx_hal_dma.o
 .debug_ranges  0x00000d68       0x78 Drivers\STM32H7xx_HAL_Driver\stm32h7xx_hal_gpio.o
 .debug_ranges  0x00000de0      0x268 Drivers\STM32H7xx_HAL_Driver\stm32h7xx_hal_rcc.o
 .debug_ranges  0x00001048      0x258 Drivers\STM32H7xx_HAL_Driver\stm32h7xx_hal_rcc_ex.o
 .debug_ranges  0x000012a0      0x1c8 Drivers\STM32H7xx_HAL_Driver\stm32h7xx_hal_spi.o
 .debug_ranges  0x00001468      0x768 Drivers\STM32H7xx_HAL_Driver\stm32h7xx_hal_tim.o
 .debug_ranges  0x00001bd0      0x210 Drivers\STM32H7xx_HAL_Driver\stm32h7xx_hal_tim_ex.o
 .debug_ranges  0x00001de0      0x1d0 Drivers\STM32H7xx_HAL_Driver\stm32h7xx_hal_uart.o
 .debug_ranges  0x00001fb0       0x38 Drivers\STM32H7xx_HAL_Driver\stm32h7xx_hal_uart_ex.o
 .debug_ranges  0x00001fe8      0x250 Middlewares\FreeRTOS\cmsis_os.o
 .debug_ranges  0x00002238       0x38 Middlewares\FreeRTOS\heap_4.o
 .debug_ranges  0x00002270       0x30 Middlewares\FreeRTOS\list.o
 .debug_ranges  0x000022a0       0x98 Middlewares\FreeRTOS\port.o
 .debug_ranges  0x00002338      0x1b8 Middlewares\FreeRTOS\queue.o
 .debug_ranges  0x000024f0      0x388 Middlewares\FreeRTOS\tasks.o

.debug_loc      0x00000000    0x1369b
 .debug_loc     0x00000000       0x42 Application\User\adc.o
 .debug_loc     0x00000042       0x42 Application\User\freertos.o
 .debug_loc     0x00000084       0x34 Application\User\main.o
 .debug_loc     0x000000b8       0x42 Application\User\spi.o
 .debug_loc     0x000000fa       0x8b Application\User\stm32h7xx_hal_timebase_TIM.o
 .debug_loc     0x00000185      0x187 Application\User\usart.o
 .debug_loc     0x0000030c      0x16b Application\isr\uartdmarx.o
 .debug_loc     0x00000477      0x42e Application\tasks\Imu\imu_mpu9250.o
 .debug_loc     0x000008a5       0x42 Application\tasks\idletasks.o
 .debug_loc     0x000008e7      0x24b Application\tasks\uarttasks.o
 .debug_loc     0x00000b32      0x235 Drivers\CMSIS\system_stm32h7xx.o
 .debug_loc     0x00000d67      0x506 Drivers\STM32H7xx_HAL_Driver\stm32h7xx_hal.o
 .debug_loc     0x0000126d     0x1313 Drivers\STM32H7xx_HAL_Driver\stm32h7xx_hal_adc.o
 .debug_loc     0x00002580     0x133f Drivers\STM32H7xx_HAL_Driver\stm32h7xx_hal_adc_ex.o
 .debug_loc     0x000038bf      0x613 Drivers\STM32H7xx_HAL_Driver\stm32h7xx_hal_cortex.o
 .debug_loc     0x00003ed2      0xdec Drivers\STM32H7xx_HAL_Driver\stm32h7xx_hal_dma.o
 .debug_loc     0x00004cbe      0x41a Drivers\STM32H7xx_HAL_Driver\stm32h7xx_hal_gpio.o
 .debug_loc     0x000050d8      0x5dd Drivers\STM32H7xx_HAL_Driver\stm32h7xx_hal_rcc.o
 .debug_loc     0x000056b5     0x106a Drivers\STM32H7xx_HAL_Driver\stm32h7xx_hal_rcc_ex.o
 .debug_loc     0x0000671f     0x19aa Drivers\STM32H7xx_HAL_Driver\stm32h7xx_hal_spi.o
 .debug_loc     0x000080c9     0x456e Drivers\STM32H7xx_HAL_Driver\stm32h7xx_hal_tim.o
 .debug_loc     0x0000c637     0x136e Drivers\STM32H7xx_HAL_Driver\stm32h7xx_hal_tim_ex.o
 .debug_loc     0x0000d9a5     0x18e3 Drivers\STM32H7xx_HAL_Driver\stm32h7xx_hal_uart.o
 .debug_loc     0x0000f288      0x3c7 Drivers\STM32H7xx_HAL_Driver\stm32h7xx_hal_uart_ex.o
 .debug_loc     0x0000f64f     0x136a Middlewares\FreeRTOS\cmsis_os.o
 .debug_loc     0x000109b9      0x2af Middlewares\FreeRTOS\heap_4.o
 .debug_loc     0x00010c68       0x69 Middlewares\FreeRTOS\list.o
 .debug_loc     0x00010cd1       0xc4 Middlewares\FreeRTOS\port.o
 .debug_loc     0x00010d95     0x1144 Middlewares\FreeRTOS\queue.o
 .debug_loc     0x00011ed9     0x17c2 Middlewares\FreeRTOS\tasks.o

.debug_str      0x00000000     0xa34a
 .debug_str     0x00000000      0xd3b Application\User\adc.o
                               0x1031 (size before relaxing)
 .debug_str     0x00000d3b       0x64 Application\User\dma.o
                                0xc22 (size before relaxing)
 .debug_str     0x00000d9f      0x4b2 Application\User\freertos.o
                                0x691 (size before relaxing)
 .debug_str     0x00001251       0x4f Application\User\gpio.o
                                0x946 (size before relaxing)
 .debug_str     0x000012a0     0x2d74 Application\User\main.o
                               0x4005 (size before relaxing)
 .debug_str     0x00004014       0x4c Application\User\spi.o
                                0xf5e (size before relaxing)
 .debug_str     0x00004060       0x4a Application\User\stm32h7xx_hal_msp.o
                               0x10e8 (size before relaxing)
 .debug_str     0x000040aa      0x111 Application\User\stm32h7xx_hal_timebase_TIM.o
                               0x17bc (size before relaxing)
 .debug_str     0x000041bb      0x153 Application\User\stm32h7xx_it.o
                               0x1004 (size before relaxing)
 .debug_str     0x0000430e       0x66 Application\User\usart.o
                               0x182a (size before relaxing)
 .debug_str     0x00004374      0x124 Application\isr\uartdmarx.o
                               0x13ac (size before relaxing)
 .debug_str     0x00004498      0x26c Application\tasks\Imu\imu_mpu9250.o
                               0x262f (size before relaxing)
 .debug_str     0x00004704       0x2e Application\tasks\idletasks.o
                                0x6e1 (size before relaxing)
 .debug_str     0x00004732       0x44 Application\tasks\uarttasks.o
                               0x13c9 (size before relaxing)
 .debug_str     0x00004776       0x7d Drivers\CMSIS\system_stm32h7xx.o
                                0xa07 (size before relaxing)
 .debug_str     0x000047f3      0x77e Drivers\STM32H7xx_HAL_Driver\stm32h7xx_hal.o
                               0x194a (size before relaxing)